Archive member included to satisfy reference by file (symbol)

/opt/devkitpro/libctru/lib/libsf2d.a(sf2d.o)
                              main.o (sf2d_init)
/opt/devkitpro/libctru/lib/libsf2d.a(sf2d_draw.o)
                              main.o (sf2d_draw_rectangle)
/opt/devkitpro/libctru/lib/libsf2d.a(sf2d_private.o)
                              /opt/devkitpro/libctru/lib/libsf2d.a(sf2d.o) (GPU_SetDummyTexEnv)
/opt/devkitpro/libctru/lib/libsf2d.a(shader.vsh.o)
                              /opt/devkitpro/libctru/lib/libsf2d.a(sf2d.o) (shader_vsh_shbin_size)
/opt/devkitpro/libctru/lib/libsf2d.a(sf2d_texture.o)
                              /opt/devkitpro/libctru/lib/libsf2d.a(sf2d.o) (sf2d_texture_tile32)
/opt/devkitpro/libctru/lib/libctru.a(vram.o)
                              /opt/devkitpro/libctru/lib/libsf2d.a(sf2d.o) (vramMemAlign)
/opt/devkitpro/libctru/lib/libctru.a(linear.o)
                              /opt/devkitpro/libctru/lib/libsf2d.a(sf2d_texture.o) (linearMemAlign)
/opt/devkitpro/libctru/lib/libctru.a(mem_pool.o)
                              /opt/devkitpro/libctru/lib/libctru.a(vram.o) (MemPool::Allocate(MemChunk&, unsigned long, int))
/opt/devkitpro/libctru/lib/libctru.a(os.o)
                              /opt/devkitpro/libctru/lib/libsf2d.a(sf2d.o) (osConvertVirtToPhys)
/opt/devkitpro/libctru/lib/libctru.a(gfx.o)
                              /opt/devkitpro/libctru/lib/libsf2d.a(sf2d.o) (gfxSet3D)
/opt/devkitpro/libctru/lib/libctru.a(gpu-old.o)
                              /opt/devkitpro/libctru/lib/libsf2d.a(sf2d.o) (GPU_Init)
/opt/devkitpro/libctru/lib/libctru.a(shaderProgram.o)
                              /opt/devkitpro/libctru/lib/libsf2d.a(sf2d.o) (shaderInstanceGetUniformLocation)
/opt/devkitpro/libctru/lib/libctru.a(shbin.o)
                              /opt/devkitpro/libctru/lib/libsf2d.a(sf2d.o) (DVLB_Free)
/opt/devkitpro/libctru/lib/libctru.a(gx.o)
                              /opt/devkitpro/libctru/lib/libctru.a(gfx.o) (gxCmdBuf)
/opt/devkitpro/libctru/lib/libctru.a(gpu.o)
                              /opt/devkitpro/libctru/lib/libctru.a(gpu-old.o) (GPUCMD_SetBuffer)
/opt/devkitpro/libctru/lib/libctru.a(gspgpu.o)
                              /opt/devkitpro/libctru/lib/libctru.a(gfx.o) (gspInit)
/opt/devkitpro/libctru/lib/libctru.a(hid.o)
                              main.o (hidScanInput)
/opt/devkitpro/libctru/lib/libctru.a(apt.o)
                              /opt/devkitpro/libctru/lib/libsf2d.a(sf2d.o) (aptHook)
/opt/devkitpro/libctru/lib/libctru.a(ptmsysm.o)
                              /opt/devkitpro/libctru/lib/libctru.a(os.o) (ptmSysmInit)
/opt/devkitpro/libctru/lib/libctru.a(rbtree_init.o)
                              /opt/devkitpro/libctru/lib/libctru.a(vram.o) (rbtree_init)
/opt/devkitpro/libctru/lib/libctru.a(rbtree_insert.o)
                              /opt/devkitpro/libctru/lib/libctru.a(vram.o) (rbtree_insert)
/opt/devkitpro/libctru/lib/libctru.a(rbtree_rotate.o)
                              /opt/devkitpro/libctru/lib/libctru.a(rbtree_insert.o) (rbtree_rotate)
/opt/devkitpro/libctru/lib/libctru.a(rbtree_remove.o)
                              /opt/devkitpro/libctru/lib/libctru.a(vram.o) (rbtree_remove)
/opt/devkitpro/libctru/lib/libctru.a(rbtree_find.o)
                              /opt/devkitpro/libctru/lib/libctru.a(vram.o) (rbtree_find)
/opt/devkitpro/libctru/lib/libctru.a(initSystem.o)
                              /opt/devkitpro/libctru/lib/libctru.a(apt.o) (__system_retAddr)
/opt/devkitpro/libctru/lib/libctru.a(syscalls.o)
                              /opt/devkitpro/libctru/lib/libctru.a(initSystem.o) (__system_initSyscalls)
/opt/devkitpro/libctru/lib/libctru.a(allocateHeaps.o)
                              /opt/devkitpro/libctru/lib/libctru.a(initSystem.o) (__system_allocateHeaps)
/opt/devkitpro/libctru/lib/libctru.a(initArgv.o)
                              /opt/devkitpro/libctru/lib/libctru.a(initSystem.o) (__system_initArgv)
/opt/devkitpro/libctru/lib/libctru.a(svc.o)
                              /opt/devkitpro/libctru/lib/libctru.a(allocateHeaps.o) (svcControlMemory)
/opt/devkitpro/libctru/lib/libctru.a(stack_adjust.o)
                              /opt/devkitpro/devkitARM/lib/gcc/arm-none-eabi/5.3.0/../../../../arm-none-eabi/lib/armv6k/fpu/3dsx_crt0.o (initSystem)
/opt/devkitpro/libctru/lib/libctru.a(mappable.o)
                              /opt/devkitpro/libctru/lib/libctru.a(gfx.o) (mappableAlloc)
/opt/devkitpro/libctru/lib/libctru.a(synchronization.o)
                              /opt/devkitpro/libctru/lib/libctru.a(initSystem.o) (__sync_init)
/opt/devkitpro/libctru/lib/libctru.a(srv.o)
                              /opt/devkitpro/libctru/lib/libctru.a(gspgpu.o) (srvGetServiceHandle)
/opt/devkitpro/libctru/lib/libctru.a(thread.o)
                              /opt/devkitpro/libctru/lib/libctru.a(gspgpu.o) (threadCreate)
/opt/devkitpro/libctru/lib/libctru.a(irrst.o)
[...]
Memory Configuration

Name             Origin             Length             Attributes
*default*        0x0000000000000000 0xffffffffffffffff

Linker script and memory map

                0x0000000000100000                . = 0x100000
                0x0000000000100000                __start__ = .

.text           0x0000000000100000    0x102d4
 *(.crt0)
 .crt0          0x0000000000100000       0x94 /opt/devkitpro/devkitARM/lib/gcc/arm-none-eabi/5.3.0/../../../../arm-none-eabi/lib/armv6k/fpu/3dsx_crt0.o
                0x0000000000100000                _start
                0x0000000000100008                __service_ptr
                0x000000000010000c                __apt_appid
                0x0000000000100010                __heap_size
                0x0000000000100014                __linear_heap_size
                0x0000000000100018                __system_arglist
                0x000000000010001c                __system_runflags
 *(.init)
 .init          0x0000000000100094        0xc /opt/devkitpro/devkitARM/lib/gcc/arm-none-eabi/5.3.0/armv6k/fpu/crti.o
                0x0000000000100094                _init
 .init          0x00000000001000a0        0xc /opt/devkitpro/devkitARM/lib/gcc/arm-none-eabi/5.3.0/armv6k/fpu/crtn.o
                0x00000000001000ac                . = ALIGN (0x4)
 *(.text)
 .text          0x00000000001000ac      0x108 /opt/devkitpro/devkitARM/lib/gcc/arm-none-eabi/5.3.0/armv6k/fpu/crtbegin.o
 .text          0x00000000001001b4      0x964 /opt/devkitpro/libctru/lib/libsf2d.a(sf2d.o)
                0x00000000001003c8                sf2d_init
                0x00000000001003f0                sf2d_init_advanced
                0x0000000000100410                sf2d_fini
                0x000000000010047c                sf2d_set_3D
                0x0000000000100488                sf2d_start_frame
                0x000000000010061c                sf2d_start_frame_target
                0x00000000001007dc                sf2d_end_frame
                0x00000000001008f0                sf2d_swapbuffers
                0x00000000001009a0                sf2d_set_vblank_wait
                0x00000000001009b0                sf2d_get_fps
                0x00000000001009c0                sf2d_pool_malloc
                0x00000000001009ec                sf2d_pool_memalign
                0x0000000000100a2c                sf2d_pool_calloc
                0x0000000000100a6c                sf2d_pool_space_free
                0x0000000000100a84                sf2d_pool_reset
                0x0000000000100a98                sf2d_set_clear_color
                0x0000000000100aac                sf2d_set_scissor_test
                0x0000000000100af8                sf2d_get_current_screen
                0x0000000000100b08                sf2d_get_current_side
 .text          0x0000000000100b18      0x648 /opt/devkitpro/libctru/lib/libsf2d.a(sf2d_draw.o)
                0x0000000000100b18                sf2d_draw_line
                0x0000000000100cb8                sf2d_draw_rectangle
                0x0000000000100dfc                sf2d_draw_rectangle_rotate
                0x0000000000100fe4                sf2d_draw_fill_circle
 .text          0x0000000000101160      0x4b4 /opt/devkitpro/libctru/lib/libsf2d.a(sf2d_private.o)
                0x0000000000101160                GPU_SetDummyTexEnv
                0x0000000000101194                vector_mult_matrix4x4
                0x0000000000101218                matrix_gpu_set_uniform
                0x0000000000101228                matrix_copy
                0x0000000000101264                matrix_identity4x4
                0x00000000001012b0                matrix_mult4x4
                0x0000000000101320                matrix_set_z_rotation
                0x0000000000101394                matrix_rotate_z
                0x00000000001013f4                matrix_set_scaling
                0x0000000000101440                matrix_swap_xy
                0x00000000001014e0                matrix_init_orthographic
                0x00000000001015f4                next_pow2
 .text          0x0000000000101614     0x26b0 /opt/devkitpro/libctru/lib/libsf2d.a(sf2d_texture.o)
                0x00000000001017b0                sf2d_create_texture
                0x00000000001019a4                sf2d_create_rendertarget
                0x0000000000101a40                sf2d_free_texture
                0x0000000000101a90                sf2d_free_target
                0x0000000000101a94                sf2d_clear_target
                0x0000000000101b2c                sf2d_texture_tile32_hardware
                0x0000000000101b3c                sf2d_fill_texture_from_RGBA8
                0x0000000000101be8                sf2d_create_texture_mem_RGBA8
                0x0000000000101c2c                sf2d_bind_texture
                0x0000000000101ca0                sf2d_bind_texture_color
                0x0000000000101d18                sf2d_bind_texture_parameters
                0x0000000000101d90                sf2d_texture_set_params
                0x0000000000101d98                sf2d_texture_get_params
                0x0000000000101da0                sf2d_draw_texture
                0x0000000000101ee4                sf2d_draw_texture_blend
                0x000000000010202c                sf2d_draw_texture_rotate_hotspot
                0x00000000001021e0                sf2d_draw_texture_rotate_hotspot_blend
                0x0000000000102398                sf2d_draw_texture_rotate
                0x0000000000102560                sf2d_draw_texture_rotate_blend
                0x000000000010272c                sf2d_draw_texture_rotate_scale_hotspot
                0x00000000001028f8                sf2d_draw_texture_rotate_scale_hotspot_blend
                0x0000000000102ac8                sf2d_draw_texture_part
                0x0000000000102c48                sf2d_draw_texture_part_blend
                0x0000000000102dcc                sf2d_draw_texture_scale
                0x0000000000102f38                sf2d_draw_texture_scale_blend
                0x00000000001030a8                sf2d_draw_texture_part_scale
                0x0000000000103200                sf2d_draw_texture_part_scale_blend
                0x000000000010335c                sf2d_draw_texture_part_rotate_scale
                0x0000000000103580                sf2d_draw_texture_part_rotate_scale_blend
                0x00000000001037a8                sf2d_draw_texture_depth
                0x0000000000103908                sf2d_draw_texture_depth_blend
                0x0000000000103a6c                sf2d_draw_quad_uv
                0x0000000000103b9c                sf2d_set_pixel
                0x0000000000103c28                sf2d_get_pixel
                0x0000000000103cb4                sf2d_texture_tile32
 .text          0x0000000000103cc4       0x64 /opt/devkitpro/libctru/lib/libctru.a(stack_adjust.o)
                0x0000000000103cc4                initSystem
                0x0000000000103d08                __ctru_exit
 .text          0x0000000000103d28      0x250 /opt/devkitpro/devkitARM/lib/gcc/arm-none-eabi/5.3.0/armv6k/fpu/libgcc.a(_arm_addsubsf3.o)
                0x0000000000103d28                __aeabi_frsub
                0x0000000000103d30                __subsf3
                0x0000000000103d30                __aeabi_fsub
                0x0000000000103d34                __aeabi_fadd
                0x0000000000103d34                __addsf3
                0x0000000000103ec4                __aeabi_ui2f
                0x0000000000103ec4                __floatunsisf
                0x0000000000103ecc                __aeabi_i2f
                0x0000000000103ecc                __floatsisf
                0x0000000000103eec                __floatundisf
                0x0000000000103eec                __aeabi_ul2f
                0x0000000000103efc                __floatdisf
                0x0000000000103efc                __aeabi_l2f
 .text          0x0000000000103f78        0x4 /opt/devkitpro/devkitARM/lib/gcc/arm-none-eabi/5.3.0/armv6k/fpu/libgcc.a(_dvmd_tls.o)
                0x0000000000103f78                __aeabi_ldiv0
                0x0000000000103f78                __aeabi_idiv0
 *fill*         0x0000000000103f7c        0x4 
 .text          0x0000000000103f80      0x3a0 /opt/devkitpro/devkitARM/lib/gcc/arm-none-eabi/5.3.0/../../../../arm-none-eabi/lib/armv6k/fpu/libg.a(lib_a-strcmp.o)
                0x0000000000103f88                strcmp
 .text          0x0000000000104320      0x1c4 /opt/devkitpro/devkitARM/lib/gcc/arm-none-eabi/5.3.0/../../../../arm-none-eabi/lib/armv6k/fpu/libsysbase.a(iosupport.o)
                0x0000000000104328                setDefaultDevice
                0x0000000000104340                FindDevice
                0x00000000001043fc                RemoveDevice
                0x0000000000104428                AddDevice
                0x00000000001044c0                GetDeviceOpTab
 .text          0x00000000001044e4       0x70 /opt/devkitpro/devkitARM/lib/gcc/arm-none-eabi/5.3.0/../../../../arm-none-eabi/lib/armv6k/fpu/libsysbase.a(sbrk.o)
                0x00000000001044e4                _sbrk_r
 .text          0x0000000000104554      0x3b0 /opt/devkitpro/devkitARM/lib/gcc/arm-none-eabi/5.3.0/../../../../arm-none-eabi/lib/armv6k/fpu/libsysbase.a(chdir.o)
                0x0000000000104554                _concatenate_path
                0x0000000000104710                chdir
                0x0000000000104864                getcwd
 .text          0x0000000000104904      0x108 /opt/devkitpro/devkitARM/lib/gcc/arm-none-eabi/5.3.0/../../../../arm-none-eabi/lib/armv6k/fpu/libsysbase.a(syscall_support.o)
                0x0000000000104904                __libc_lock_init
                0x000000000010491c                __libc_lock_acquire
                0x0000000000104934                __libc_lock_try_acquire
                0x0000000000104958                __libc_lock_release
                0x0000000000104970                __libc_lock_close
                0x0000000000104988                __libc_lock_init_recursive
                0x00000000001049a0                __libc_lock_acquire_recursive
                0x00000000001049b8                __libc_lock_try_acquire_recursive
                0x00000000001049dc                __libc_lock_release_recursive
                0x00000000001049f4                __libc_lock_close_recursive
 .text          0x0000000000104a0c       0x28 /opt/devkitpro/devkitARM/lib/gcc/arm-none-eabi/5.3.0/../../../../arm-none-eabi/lib/armv6k/fpu/libsysbase.a(getreent.o)
                0x0000000000104a0c                __getreent
 .text          0x0000000000104a34      0x20c /opt/devkitpro/devkitARM/lib/gcc/arm-none-eabi/5.3.0/armv6k/fpu/libgcc.a(_udivsi3.o)
                0x0000000000104a34                __udivsi3
                0x0000000000104a34                __aeabi_uidiv
                0x0000000000104c20                __aeabi_uidivmod
 *(.text.*)
 .text.startup  0x0000000000104c40       0xe4 main.o
                0x0000000000104c40                main
 .text._ZL21addrMapNodeComparatorPK11rbtree_nodeS1_
                0x0000000000104d24       0x24 /opt/devkitpro/libctru/lib/libctru.a(vram.o)
 .text._ZL21addrMapNodeDestructorP11rbtree_node
                0x0000000000104d48        0x4 /opt/devkitpro/libctru/lib/libctru.a(vram.o)
 .text.vramMemAlign
                0x0000000000104d4c      0x130 /opt/devkitpro/libctru/lib/libctru.a(vram.o)
                0x0000000000104d4c                vramMemAlign
 .text.vramAlloc
                0x0000000000104e7c        0x8 /opt/devkitpro/libctru/lib/libctru.a(vram.o)
                0x0000000000104e7c                vramAlloc
 .text.vramFree
                0x0000000000104e84       0x50 /opt/devkitpro/libctru/lib/libctru.a(vram.o)
                0x0000000000104e84                vramFree
 .text.vramSpaceFree
                0x0000000000104ed4        0xc /opt/devkitpro/libctru/lib/libctru.a(vram.o)
                0x0000000000104ed4                vramSpaceFree
 .text._ZL21addrMapNodeComparatorPK11rbtree_nodeS1_
                0x0000000000104ee0       0x24 /opt/devkitpro/libctru/lib/libctru.a(linear.o)
 .text._ZL21addrMapNodeDestructorP11rbtree_node
                0x0000000000104f04        0x4 /opt/devkitpro/libctru/lib/libctru.a(linear.o)
 .text.linearMemAlign
                0x0000000000104f08      0x140 /opt/devkitpro/libctru/lib/libctru.a(linear.o)
                0x0000000000104f08                linearMemAlign
 .text.linearAlloc
                0x0000000000105048        0x8 /opt/devkitpro/libctru/lib/libctru.a(linear.o)
                0x0000000000105048                linearAlloc
 .text.linearFree
                0x0000000000105050       0x50 /opt/devkitpro/libctru/lib/libctru.a(linear.o)
                0x0000000000105050                linearFree
 .text.linearSpaceFree
                0x00000000001050a0        0xc /opt/devkitpro/libctru/lib/libctru.a(linear.o)
                0x00000000001050a0                linearSpaceFree
 .text._ZN7MemPool13CoalesceRightEP8MemBlock
                0x00000000001050ac       0xa0 /opt/devkitpro/libctru/lib/libctru.a(mem_pool.o)
                0x00000000001050ac                MemPool::CoalesceRight(MemBlock*)
 .text._ZN7MemPool8AllocateER8MemChunkmi
                0x000000000010514c      0x18c /opt/devkitpro/libctru/lib/libctru.a(mem_pool.o)
                0x000000000010514c                MemPool::Allocate(MemChunk&, unsigned long, int)
 .text._ZN7MemPool10DeallocateERK8MemChunk
                0x00000000001052d8      0x104 /opt/devkitpro/libctru/lib/libctru.a(mem_pool.o)
                0x00000000001052d8                MemPool::Deallocate(MemChunk const&)
 .text._ZN7MemPool12GetFreeSpaceEv
                0x00000000001053dc       0x30 /opt/devkitpro/libctru/lib/libctru.a(mem_pool.o)
                0x00000000001053dc                MemPool::GetFreeSpace()
 .text.getSysTime
                0x000000000010540c       0x58 /opt/devkitpro/libctru/lib/libctru.a(os.o)
 .text.osConvertVirtToPhys
                0x0000000000105464       0x4c /opt/devkitpro/libctru/lib/libctru.a(os.o)
                0x0000000000105464                osConvertVirtToPhys
 .text.osGetMemRegionUsed
                0x00000000001054b0       0x24 /opt/devkitpro/libctru/lib/libctru.a(os.o)
                0x00000000001054b0                osGetMemRegionUsed
 *fill*         0x00000000001054d4        0x4 
 .text.__libctru_gtod
                0x00000000001054d8       0xf8 /opt/devkitpro/libctru/lib/libctru.a(os.o)
                0x00000000001054d8                __libctru_gtod
 .text.osGetTime
                0x00000000001055d0       0x78 /opt/devkitpro/libctru/lib/libctru.a(os.o)
                0x00000000001055d0                osGetTime
 .text.__ctru_speedup_config
                0x0000000000105648       0x34 /opt/devkitpro/libctru/lib/libctru.a(os.o)
                0x0000000000105648                __ctru_speedup_config
 .text.gfxSetFramebufferInfo.part.0
                0x000000000010567c       0x8c /opt/devkitpro/libctru/lib/libctru.a(gfx.o)
 .text.gfxSet3D
                0x0000000000105708       0x10 /opt/devkitpro/libctru/lib/libctru.a(gfx.o)
                0x0000000000105708                gfxSet3D
 .text.gfxSetFramebufferInfo
                0x0000000000105718       0x70 /opt/devkitpro/libctru/lib/libctru.a(gfx.o)
                0x0000000000105718                gfxSetFramebufferInfo
 .text.gfxWriteFramebufferInfo
                0x0000000000105788       0x88 /opt/devkitpro/libctru/lib/libctru.a(gfx.o)
                0x0000000000105788                gfxWriteFramebufferInfo
 .text.gfxInit  0x0000000000105810      0x1d0 /opt/devkitpro/libctru/lib/libctru.a(gfx.o)
                0x0000000000105810                gfxInit
 .text.gfxInitDefault
                0x00000000001059e0       0x10 /opt/devkitpro/libctru/lib/libctru.a(gfx.o)
                0x00000000001059e0                gfxInitDefault
 .text.gfxExit  0x00000000001059f0       0xe0 /opt/devkitpro/libctru/lib/libctru.a(gfx.o)
                0x00000000001059f0                gfxExit
 .text.gfxGetFramebuffer
                0x0000000000105ad0       0xb0 /opt/devkitpro/libctru/lib/libctru.a(gfx.o)
                0x0000000000105ad0                gfxGetFramebuffer
 .text.gfxConfigScreen
                0x0000000000105b80       0x70 /opt/devkitpro/libctru/lib/libctru.a(gfx.o)
                0x0000000000105b80                gfxConfigScreen
 .text.gfxSwapBuffersGpu
                0x0000000000105bf0       0x20 /opt/devkitpro/libctru/lib/libctru.a(gfx.o)
                0x0000000000105bf0                gfxSwapBuffersGpu
 .text.GPU_Init
                0x0000000000105c10       0x2c /opt/devkitpro/libctru/lib/libctru.a(gpu-old.o)
                0x0000000000105c10                GPU_Init
 .text.GPU_Reset
                0x0000000000105c3c       0x10 /opt/devkitpro/libctru/lib/libctru.a(gpu-old.o)
                0x0000000000105c3c                GPU_Reset
 .text.GPU_SetFloatUniform
                0x0000000000105c4c       0x70 /opt/devkitpro/libctru/lib/libctru.a(gpu-old.o)
                0x0000000000105c4c                GPU_SetFloatUniform
 .text.GPU_SetViewport
                0x0000000000105cbc      0x1f4 /opt/devkitpro/libctru/lib/libctru.a(gpu-old.o)
                0x0000000000105cbc                GPU_SetViewport
 .text.GPU_SetScissorTest
                0x0000000000105eb0       0x4c /opt/devkitpro/libctru/lib/libctru.a(gpu-old.o)
                0x0000000000105eb0                GPU_SetScissorTest
 .text.GPU_DepthMap
                0x0000000000105efc       0x7c /opt/devkitpro/libctru/lib/libctru.a(gpu-old.o)
                0x0000000000105efc                GPU_DepthMap
 .text.GPU_SetAlphaTest
                0x0000000000105f78       0x38 /opt/devkitpro/libctru/lib/libctru.a(gpu-old.o)
                0x0000000000105f78                GPU_SetAlphaTest
 .text.GPU_SetStencilTest
                0x0000000000105fb0       0x48 /opt/devkitpro/libctru/lib/libctru.a(gpu-old.o)
                0x0000000000105fb0                GPU_SetStencilTest
 .text.GPU_SetStencilOp
                0x0000000000105ff8       0x34 /opt/devkitpro/libctru/lib/libctru.a(gpu-old.o)
                0x0000000000105ff8                GPU_SetStencilOp
 .text.GPU_SetDepthTestAndWriteMask
                0x000000000010602c       0x38 /opt/devkitpro/libctru/lib/libctru.a(gpu-old.o)
                0x000000000010602c                GPU_SetDepthTestAndWriteMask
 .text.GPU_SetAlphaBlending
                0x0000000000106064       0x68 /opt/devkitpro/libctru/lib/libctru.a(gpu-old.o)
                0x0000000000106064                GPU_SetAlphaBlending
 .text.GPU_SetBlendingColor
                0x00000000001060cc       0x3c /opt/devkitpro/libctru/lib/libctru.a(gpu-old.o)
                0x00000000001060cc                GPU_SetBlendingColor
 .text.GPU_SetTextureEnable
                0x0000000000106108       0x4c /opt/devkitpro/libctru/lib/libctru.a(gpu-old.o)
                0x0000000000106108                GPU_SetTextureEnable
 .text.GPU_SetTexture
                0x0000000000106154      0x198 /opt/devkitpro/libctru/lib/libctru.a(gpu-old.o)
                0x0000000000106154                GPU_SetTexture
 .text.GPU_SetAttributeBuffers
                0x00000000001062ec      0x200 /opt/devkitpro/libctru/lib/libctru.a(gpu-old.o)
                0x00000000001062ec                GPU_SetAttributeBuffers
 .text.GPU_SetFaceCulling
                0x00000000001064ec       0x2c /opt/devkitpro/libctru/lib/libctru.a(gpu-old.o)
                0x00000000001064ec                GPU_SetFaceCulling
 .text.GPU_SetTexEnv
                0x0000000000106518       0x78 /opt/devkitpro/libctru/lib/libctru.a(gpu-old.o)
                0x0000000000106518                GPU_SetTexEnv
 .text.GPU_DrawArray
                0x0000000000106590      0x130 /opt/devkitpro/libctru/lib/libctru.a(gpu-old.o)
                0x0000000000106590                GPU_DrawArray
 .text.GPU_FinishDrawing
                0x00000000001066c0       0x5c /opt/devkitpro/libctru/lib/libctru.a(gpu-old.o)
                0x00000000001066c0                GPU_FinishDrawing
 .text.GPU_SetShaderOutmap
                0x000000000010671c       0x48 /opt/devkitpro/libctru/lib/libctru.a(shaderProgram.o)
 .text.GPU_SendShaderCode.constprop.0
                0x0000000000106764       0xb8 /opt/devkitpro/libctru/lib/libctru.a(shaderProgram.o)
 .text.GPU_SendOperandDescriptors.constprop.1
                0x000000000010681c       0x70 /opt/devkitpro/libctru/lib/libctru.a(shaderProgram.o)
 .text.shaderInstanceInit
                0x000000000010688c      0x23c /opt/devkitpro/libctru/lib/libctru.a(shaderProgram.o)
                0x000000000010688c                shaderInstanceInit
 .text.shaderInstanceFree
                0x0000000000106ac8       0x38 /opt/devkitpro/libctru/lib/libctru.a(shaderProgram.o)
                0x0000000000106ac8                shaderInstanceFree
 .text.shaderInstanceGetUniformLocation
                0x0000000000106b00       0x18 /opt/devkitpro/libctru/lib/libctru.a(shaderProgram.o)
                0x0000000000106b00                shaderInstanceGetUniformLocation
 .text.shaderProgramInit
                0x0000000000106b18       0x18 /opt/devkitpro/libctru/lib/libctru.a(shaderProgram.o)
                0x0000000000106b18                shaderProgramInit
 .text.shaderProgramFree
                0x0000000000106b30       0x30 /opt/devkitpro/libctru/lib/libctru.a(shaderProgram.o)
                0x0000000000106b30                shaderProgramFree
 .text.shaderProgramSetVsh
                0x0000000000106b60       0x6c /opt/devkitpro/libctru/lib/libctru.a(shaderProgram.o)
                0x0000000000106b60                shaderProgramSetVsh
 .text.shaderProgramConfigure
                0x0000000000106bcc      0x340 /opt/devkitpro/libctru/lib/libctru.a(shaderProgram.o)
                0x0000000000106bcc                shaderProgramConfigure
 .text.shaderProgramUse
                0x0000000000106f0c      0x12c /opt/devkitpro/libctru/lib/libctru.a(shaderProgram.o)
                0x0000000000106f0c                shaderProgramUse
 .text.DVLB_Free
                0x0000000000107038       0x3c /opt/devkitpro/libctru/lib/libctru.a(shbin.o)
                0x0000000000107038                DVLB_Free
 .text.DVLE_GetUniformRegister
                0x0000000000107074       0x80 /opt/devkitpro/libctru/lib/libctru.a(shbin.o)
                0x0000000000107074                DVLE_GetUniformRegister
 .text.DVLE_GenerateOutmap
                0x00000000001070f4      0x198 /opt/devkitpro/libctru/lib/libctru.a(shbin.o)
                0x00000000001070f4                DVLE_GenerateOutmap
 .text.DVLB_ParseFile
                0x000000000010728c      0x198 /opt/devkitpro/libctru/lib/libctru.a(shbin.o)
                0x000000000010728c                DVLB_ParseFile
 .text.GX_ProcessCommandList
                0x0000000000107424       0x54 /opt/devkitpro/libctru/lib/libctru.a(gx.o)
                0x0000000000107424                GX_ProcessCommandList
 .text.GX_MemoryFill
                0x0000000000107478       0x60 /opt/devkitpro/libctru/lib/libctru.a(gx.o)
                0x0000000000107478                GX_MemoryFill
 .text.GX_DisplayTransfer
                0x00000000001074d8       0x50 /opt/devkitpro/libctru/lib/libctru.a(gx.o)
                0x00000000001074d8                GX_DisplayTransfer
 .text.GX_FlushCacheRegions
                0x0000000000107528       0x54 /opt/devkitpro/libctru/lib/libctru.a(gx.o)
                0x0000000000107528                GX_FlushCacheRegions
 .text.GPUCMD_SetBuffer
                0x000000000010757c       0x2c /opt/devkitpro/libctru/lib/libctru.a(gpu.o)
                0x000000000010757c                GPUCMD_SetBuffer
 .text.GPUCMD_SetBufferOffset
                0x00000000001075a8       0x10 /opt/devkitpro/libctru/lib/libctru.a(gpu.o)
                0x00000000001075a8                GPUCMD_SetBufferOffset
 .text.GPUCMD_FlushAndRun
                0x00000000001075b8       0x68 /opt/devkitpro/libctru/lib/libctru.a(gpu.o)
                0x00000000001075b8                GPUCMD_FlushAndRun
 .text.GPUCMD_Add
                0x0000000000107620       0xe4 /opt/devkitpro/libctru/lib/libctru.a(gpu.o)
                0x0000000000107620                GPUCMD_Add
 .text.GPUCMD_Finalize
                0x0000000000107704       0x98 /opt/devkitpro/libctru/lib/libctru.a(gpu.o)
                0x0000000000107704                GPUCMD_Finalize
 .text.f32tof24
                0x000000000010779c       0x40 /opt/devkitpro/libctru/lib/libctru.a(gpu.o)
                0x000000000010779c                f32tof24
 .text.f32tof31
                0x00000000001077dc       0x40 /opt/devkitpro/libctru/lib/libctru.a(gpu.o)
                0x00000000001077dc                f32tof31
 .text.gspEventThreadMain
                0x000000000010781c      0x124 /opt/devkitpro/libctru/lib/libctru.a(gspgpu.o)
 .text.gspInit  0x0000000000107940       0x74 /opt/devkitpro/libctru/lib/libctru.a(gspgpu.o)
                0x0000000000107940                gspInit
 .text.gspExit  0x00000000001079b4       0x3c /opt/devkitpro/libctru/lib/libctru.a(gspgpu.o)
                0x00000000001079b4                gspExit
 .text.gspInitEventHandler
                0x00000000001079f0       0xd0 /opt/devkitpro/libctru/lib/libctru.a(gspgpu.o)
                0x00000000001079f0                gspInitEventHandler
 .text.gspExitEventHandler
                0x0000000000107ac0       0x5c /opt/devkitpro/libctru/lib/libctru.a(gspgpu.o)
                0x0000000000107ac0                gspExitEventHandler
 .text.gspWaitForEvent
                0x0000000000107b1c       0x58 /opt/devkitpro/libctru/lib/libctru.a(gspgpu.o)
                0x0000000000107b1c                gspWaitForEvent
 .text.gspSubmitGxCommand
                0x0000000000107b74      0x128 /opt/devkitpro/libctru/lib/libctru.a(gspgpu.o)
                0x0000000000107b74                gspSubmitGxCommand
 .text.GSPGPU_SetBufferSwap
                0x0000000000107c9c       0x6c /opt/devkitpro/libctru/lib/libctru.a(gspgpu.o)
                0x0000000000107c9c                GSPGPU_SetBufferSwap
 .text.GSPGPU_FlushDataCache
                0x0000000000107d08       0x4c /opt/devkitpro/libctru/lib/libctru.a(gspgpu.o)
                0x0000000000107d08                GSPGPU_FlushDataCache
 .text.GSPGPU_InvalidateDataCache
                0x0000000000107d54       0x4c /opt/devkitpro/libctru/lib/libctru.a(gspgpu.o)
                0x0000000000107d54                GSPGPU_InvalidateDataCache
 .text.GSPGPU_SetLcdForceBlack
                0x0000000000107da0       0x34 /opt/devkitpro/libctru/lib/libctru.a(gspgpu.o)
                0x0000000000107da0                GSPGPU_SetLcdForceBlack
 .text.GSPGPU_RegisterInterruptRelayQueue
                0x0000000000107dd4       0x64 /opt/devkitpro/libctru/lib/libctru.a(gspgpu.o)
                0x0000000000107dd4                GSPGPU_RegisterInterruptRelayQueue
 .text.GSPGPU_UnregisterInterruptRelayQueue
                0x0000000000107e38       0x2c /opt/devkitpro/libctru/lib/libctru.a(gspgpu.o)
                0x0000000000107e38                GSPGPU_UnregisterInterruptRelayQueue
 .text.GSPGPU_AcquireRight
                0x0000000000107e64       0x48 /opt/devkitpro/libctru/lib/libctru.a(gspgpu.o)
                0x0000000000107e64                GSPGPU_AcquireRight
 .text.GSPGPU_ReleaseRight
                0x0000000000107eac       0x2c /opt/devkitpro/libctru/lib/libctru.a(gspgpu.o)
                0x0000000000107eac                GSPGPU_ReleaseRight
 .text.GSPGPU_ImportDisplayCaptureInfo
                0x0000000000107ed8       0x80 /opt/devkitpro/libctru/lib/libctru.a(gspgpu.o)
                0x0000000000107ed8                GSPGPU_ImportDisplayCaptureInfo
 .text.GSPGPU_SaveVramSysArea
                0x0000000000107f58       0x2c /opt/devkitpro/libctru/lib/libctru.a(gspgpu.o)
                0x0000000000107f58                GSPGPU_SaveVramSysArea
 .text.GSPGPU_RestoreVramSysArea
                0x0000000000107f84       0x2c /opt/devkitpro/libctru/lib/libctru.a(gspgpu.o)
                0x0000000000107f84                GSPGPU_RestoreVramSysArea
 .text.hidExit  0x0000000000107fb0       0xd8 /opt/devkitpro/libctru/lib/libctru.a(hid.o)
                0x0000000000107fb0                hidExit
 .text.hidScanInput
                0x0000000000108088      0x238 /opt/devkitpro/libctru/lib/libctru.a(hid.o)
                0x0000000000108088                hidScanInput
 .text.hidKeysHeld
                0x00000000001082c0       0x10 /opt/devkitpro/libctru/lib/libctru.a(hid.o)
                0x00000000001082c0                hidKeysHeld
 .text.HIDUSER_GetHandles
                0x00000000001082d0       0x90 /opt/devkitpro/libctru/lib/libctru.a(hid.o)
                0x00000000001082d0                HIDUSER_GetHandles
 .text.hidInit  0x0000000000108360      0x184 /opt/devkitpro/libctru/lib/libctru.a(hid.o)
                0x0000000000108360                hidInit
 .text.__apt_initservicehandle
                0x00000000001084e4       0x68 /opt/devkitpro/libctru/lib/libctru.a(apt.o)
 .text._aptDebug
                0x000000000010854c        0x4 /opt/devkitpro/libctru/lib/libctru.a(apt.o)
                0x000000000010854c                _aptDebug
 .text.aptInitCaptureInfo
                0x0000000000108550       0x98 /opt/devkitpro/libctru/lib/libctru.a(apt.o)
                0x0000000000108550                aptInitCaptureInfo
 .text.aptWaitStatusEvent
                0x00000000001085e8       0x28 /opt/devkitpro/libctru/lib/libctru.a(apt.o)
                0x00000000001085e8                aptWaitStatusEvent
 .text.aptGetMenuAppID
                0x0000000000108610       0x60 /opt/devkitpro/libctru/lib/libctru.a(apt.o)
                0x0000000000108610                aptGetMenuAppID
 .text.aptHook  0x0000000000108670       0x34 /opt/devkitpro/libctru/lib/libctru.a(apt.o)
                0x0000000000108670                aptHook
 .text.aptUnhook
                0x00000000001086a4       0x2c /opt/devkitpro/libctru/lib/libctru.a(apt.o)
                0x00000000001086a4                aptUnhook
 .text.aptSetStatus
                0x00000000001086d0       0x6c /opt/devkitpro/libctru/lib/libctru.a(apt.o)
                0x00000000001086d0                aptSetStatus
 .text.APT_GetLockHandle
                0x000000000010873c       0x48 /opt/devkitpro/libctru/lib/libctru.a(apt.o)
                0x000000000010873c                APT_GetLockHandle
 .text.APT_Initialize
                0x0000000000108784       0x60 /opt/devkitpro/libctru/lib/libctru.a(apt.o)
                0x0000000000108784                APT_Initialize
 .text.APT_Finalize
                0x00000000001087e4       0x34 /opt/devkitpro/libctru/lib/libctru.a(apt.o)
                0x00000000001087e4                APT_Finalize
 .text.APT_InquireNotification
                0x0000000000108818       0x48 /opt/devkitpro/libctru/lib/libctru.a(apt.o)
                0x0000000000108818                APT_InquireNotification
 .text.APT_PrepareToJumpToHomeMenu
                0x0000000000108860       0x2c /opt/devkitpro/libctru/lib/libctru.a(apt.o)
                0x0000000000108860                APT_PrepareToJumpToHomeMenu
 .text.APT_JumpToHomeMenu
                0x000000000010888c       0x50 /opt/devkitpro/libctru/lib/libctru.a(apt.o)
                0x000000000010888c                APT_JumpToHomeMenu
 .text.APT_PrepareToJumpToApplication
                0x00000000001088dc       0x34 /opt/devkitpro/libctru/lib/libctru.a(apt.o)
                0x00000000001088dc                APT_PrepareToJumpToApplication
 .text.APT_JumpToApplication
                0x0000000000108910       0x50 /opt/devkitpro/libctru/lib/libctru.a(apt.o)
                0x0000000000108910                APT_JumpToApplication
 .text.APT_NotifyToWait
                0x0000000000108960       0x34 /opt/devkitpro/libctru/lib/libctru.a(apt.o)
                0x0000000000108960                APT_NotifyToWait
 .text.APT_AppletUtility
                0x0000000000108994       0x8c /opt/devkitpro/libctru/lib/libctru.a(apt.o)
                0x0000000000108994                APT_AppletUtility
 .text.aptAppletUtility_Exit_RetToApp
                0x0000000000108a20      0x188 /opt/devkitpro/libctru/lib/libctru.a(apt.o)
                0x0000000000108a20                aptAppletUtility_Exit_RetToApp
 .text.aptAppletClosed
                0x0000000000108ba8       0x3c /opt/devkitpro/libctru/lib/libctru.a(apt.o)
                0x0000000000108ba8                aptAppletClosed
 .text.aptAppStarted
                0x0000000000108be4      0x114 /opt/devkitpro/libctru/lib/libctru.a(apt.o)
 .text.aptInit  0x0000000000108cf8      0x298 /opt/devkitpro/libctru/lib/libctru.a(apt.o)
                0x0000000000108cf8                aptInit
 .text.APT_ReceiveParameter
                0x0000000000108f90       0x6c /opt/devkitpro/libctru/lib/libctru.a(apt.o)
                0x0000000000108f90                APT_ReceiveParameter
 .text.APT_SendParameter
                0x0000000000108ffc       0x64 /opt/devkitpro/libctru/lib/libctru.a(apt.o)
                0x0000000000108ffc                APT_SendParameter
 .text.APT_SendCaptureBufferInfo
                0x0000000000109060       0x44 /opt/devkitpro/libctru/lib/libctru.a(apt.o)
                0x0000000000109060                APT_SendCaptureBufferInfo
 .text.aptReturnToMenu
                0x00000000001090a4      0x264 /opt/devkitpro/libctru/lib/libctru.a(apt.o)
                0x00000000001090a4                aptReturnToMenu
 .text.APT_ReplySleepQuery
                0x0000000000109308       0x38 /opt/devkitpro/libctru/lib/libctru.a(apt.o)
                0x0000000000109308                APT_ReplySleepQuery
 .text.APT_ReplySleepNotificationComplete
                0x0000000000109340       0x34 /opt/devkitpro/libctru/lib/libctru.a(apt.o)
                0x0000000000109340                APT_ReplySleepNotificationComplete
 .text.aptEventHandler
                0x0000000000109374      0x3f4 /opt/devkitpro/libctru/lib/libctru.a(apt.o)
                0x0000000000109374                aptEventHandler
 .text.APT_PrepareToCloseApplication
                0x0000000000109768       0x34 /opt/devkitpro/libctru/lib/libctru.a(apt.o)
                0x0000000000109768                APT_PrepareToCloseApplication
 .text.APT_CloseApplication
                0x000000000010979c       0x50 /opt/devkitpro/libctru/lib/libctru.a(apt.o)
                0x000000000010979c                APT_CloseApplication
 .text.aptExit  0x00000000001097ec      0x2d0 /opt/devkitpro/libctru/lib/libctru.a(apt.o)
                0x00000000001097ec                aptExit
 .text.APT_CheckNew3DS_System
                0x0000000000109abc       0x6c /opt/devkitpro/libctru/lib/libctru.a(apt.o)
                0x0000000000109abc                APT_CheckNew3DS_System
 .text.APT_CheckNew3DS
                0x0000000000109b28       0x8c /opt/devkitpro/libctru/lib/libctru.a(apt.o)
                0x0000000000109b28                APT_CheckNew3DS
 .text.APT_StartLibraryApplet
                0x0000000000109bb4       0x54 /opt/devkitpro/libctru/lib/libctru.a(apt.o)
                0x0000000000109bb4                APT_StartLibraryApplet
 .text.aptAppletStarted
                0x0000000000109c08      0x174 /opt/devkitpro/libctru/lib/libctru.a(apt.o)
                0x0000000000109c08                aptAppletStarted
 .text.aptMainLoop
                0x0000000000109d7c      0x1a4 /opt/devkitpro/libctru/lib/libctru.a(apt.o)
                0x0000000000109d7c                aptMainLoop
 .text.ptmSysmInit
                0x0000000000109f20       0x70 /opt/devkitpro/libctru/lib/libctru.a(ptmsysm.o)
                0x0000000000109f20                ptmSysmInit
 .text.ptmSysmExit
                0x0000000000109f90       0x34 /opt/devkitpro/libctru/lib/libctru.a(ptmsysm.o)
                0x0000000000109f90                ptmSysmExit
 .text.PTMSYSM_ConfigureNew3DSCPU
                0x0000000000109fc4       0x34 /opt/devkitpro/libctru/lib/libctru.a(ptmsysm.o)
                0x0000000000109fc4                PTMSYSM_ConfigureNew3DSCPU
 .text.rbtree_init
                0x0000000000109ff8       0x14 /opt/devkitpro/libctru/lib/libctru.a(rbtree_init.o)
                0x0000000000109ff8                rbtree_init
 .text.do_insert
                0x000000000010a00c      0x1d4 /opt/devkitpro/libctru/lib/libctru.a(rbtree_insert.o)
 .text.rbtree_insert
                0x000000000010a1e0        0x8 /opt/devkitpro/libctru/lib/libctru.a(rbtree_insert.o)
                0x000000000010a1e0                rbtree_insert
 .text.rbtree_rotate
                0x000000000010a1e8       0xac /opt/devkitpro/libctru/lib/libctru.a(rbtree_rotate.o)
                0x000000000010a1e8                rbtree_rotate
 .text.rbtree_remove
                0x000000000010a294      0x35c /opt/devkitpro/libctru/lib/libctru.a(rbtree_remove.o)
                0x000000000010a294                rbtree_remove
 .text.rbtree_find
                0x000000000010a5f0       0x70 /opt/devkitpro/libctru/lib/libctru.a(rbtree_find.o)
                0x000000000010a5f0                rbtree_find
 .text.__libctru_init
                0x000000000010a660       0x38 /opt/devkitpro/libctru/lib/libctru.a(initSystem.o)
                0x000000000010a660                __libctru_init
 .text.__ctru_get_reent
                0x000000000010a698       0x30 /opt/devkitpro/libctru/lib/libctru.a(syscalls.o)
 .text.__system_initSyscalls
                0x000000000010a6c8       0xe8 /opt/devkitpro/libctru/lib/libctru.a(syscalls.o)
                0x000000000010a6c8                __system_initSyscalls
 .text.osGetMemRegionSize
                0x000000000010a7b0       0x58 /opt/devkitpro/libctru/lib/libctru.a(allocateHeaps.o)
 .text.__system_allocateHeaps
                0x000000000010a808      0x124 /opt/devkitpro/libctru/lib/libctru.a(allocateHeaps.o)
                0x000000000010a808                __system_allocateHeaps
 .text.__system_initArgv
                0x000000000010a92c       0xf4 /opt/devkitpro/libctru/lib/libctru.a(initArgv.o)
                0x000000000010a92c                __system_initArgv
 .text.svcControlMemory
                0x000000000010aa20       0x20 /opt/devkitpro/libctru/lib/libctru.a(svc.o)
                0x000000000010aa20                svcControlMemory
 .text.svcExitProcess
                0x000000000010aa40        0x8 /opt/devkitpro/libctru/lib/libctru.a(svc.o)
                0x000000000010aa40                svcExitProcess
 .text.svcCreateThread
                0x000000000010aa48       0x20 /opt/devkitpro/libctru/lib/libctru.a(svc.o)
                0x000000000010aa48                svcCreateThread
 .text.svcExitThread
                0x000000000010aa68        0x8 /opt/devkitpro/libctru/lib/libctru.a(svc.o)
                0x000000000010aa68                svcExitThread
 .text.svcCreateEvent
                0x000000000010aa70       0x14 /opt/devkitpro/libctru/lib/libctru.a(svc.o)
                0x000000000010aa70                svcCreateEvent
 .text.svcSignalEvent
                0x000000000010aa84        0x8 /opt/devkitpro/libctru/lib/libctru.a(svc.o)
                0x000000000010aa84                svcSignalEvent
 .text.svcClearEvent
                0x000000000010aa8c        0x8 /opt/devkitpro/libctru/lib/libctru.a(svc.o)
                0x000000000010aa8c                svcClearEvent
 .text.svcMapMemoryBlock
                0x000000000010aa94        0x8 /opt/devkitpro/libctru/lib/libctru.a(svc.o)
                0x000000000010aa94                svcMapMemoryBlock
 .text.svcUnmapMemoryBlock
                0x000000000010aa9c        0x8 /opt/devkitpro/libctru/lib/libctru.a(svc.o)
                0x000000000010aa9c                svcUnmapMemoryBlock
 .text.svcCreateAddressArbiter
                0x000000000010aaa4       0x14 /opt/devkitpro/libctru/lib/libctru.a(svc.o)
                0x000000000010aaa4                svcCreateAddressArbiter
 .text.svcArbitrateAddress
                0x000000000010aab8       0x18 /opt/devkitpro/libctru/lib/libctru.a(svc.o)
                0x000000000010aab8                svcArbitrateAddress
 .text.svcCloseHandle
                0x000000000010aad0        0x8 /opt/devkitpro/libctru/lib/libctru.a(svc.o)
                0x000000000010aad0                svcCloseHandle
 .text.svcWaitSynchronization
                0x000000000010aad8        0x8 /opt/devkitpro/libctru/lib/libctru.a(svc.o)
                0x000000000010aad8                svcWaitSynchronization
 .text.svcWaitSynchronizationN
                0x000000000010aae0       0x28 /opt/devkitpro/libctru/lib/libctru.a(svc.o)
                0x000000000010aae0                svcWaitSynchronizationN
 .text.svcDuplicateHandle
                0x000000000010ab08       0x14 /opt/devkitpro/libctru/lib/libctru.a(svc.o)
                0x000000000010ab08                svcDuplicateHandle
 .text.svcGetSystemTick
                0x000000000010ab1c        0x8 /opt/devkitpro/libctru/lib/libctru.a(svc.o)
                0x000000000010ab1c                svcGetSystemTick
 .text.svcGetSystemInfo
                0x000000000010ab24       0x18 /opt/devkitpro/libctru/lib/libctru.a(svc.o)
                0x000000000010ab24                svcGetSystemInfo
 .text.svcConnectToPort
                0x000000000010ab3c       0x14 /opt/devkitpro/libctru/lib/libctru.a(svc.o)
                0x000000000010ab3c                svcConnectToPort
 .text.svcSendSyncRequest
                0x000000000010ab50        0x8 /opt/devkitpro/libctru/lib/libctru.a(svc.o)
                0x000000000010ab50                svcSendSyncRequest
 .text.svcBreak
                0x000000000010ab58        0x8 /opt/devkitpro/libctru/lib/libctru.a(svc.o)
                0x000000000010ab58                svcBreak
 .text._ZL21addrMapNodeComparatorPK11rbtree_nodeS1_
                0x000000000010ab60       0x24 /opt/devkitpro/libctru/lib/libctru.a(mappable.o)
 .text._ZL21addrMapNodeDestructorP11rbtree_node
                0x000000000010ab84        0x4 /opt/devkitpro/libctru/lib/libctru.a(mappable.o)
 .text.mappableAlloc
                0x000000000010ab88       0xf4 /opt/devkitpro/libctru/lib/libctru.a(mappable.o)
                0x000000000010ab88                mappableAlloc
 .text.mappableFree
                0x000000000010ac7c       0x50 /opt/devkitpro/libctru/lib/libctru.a(mappable.o)
                0x000000000010ac7c                mappableFree
 .text.LightLock_Unlock.part.1
                0x000000000010accc       0x34 /opt/devkitpro/libctru/lib/libctru.a(synchronization.o)
 .text.__sync_init
                0x000000000010ad00        0xc /opt/devkitpro/libctru/lib/libctru.a(synchronization.o)
                0x000000000010ad00                __sync_init
 .text.__sync_fini
                0x000000000010ad0c       0x18 /opt/devkitpro/libctru/lib/libctru.a(synchronization.o)
                0x000000000010ad0c                __sync_fini
 .text.LightLock_Init
                0x000000000010ad24       0x18 /opt/devkitpro/libctru/lib/libctru.a(synchronization.o)
                0x000000000010ad24                LightLock_Init
 .text.LightLock_Lock
                0x000000000010ad3c       0x94 /opt/devkitpro/libctru/lib/libctru.a(synchronization.o)
                0x000000000010ad3c                LightLock_Lock
 .text.LightLock_TryLock
                0x000000000010add0       0x34 /opt/devkitpro/libctru/lib/libctru.a(synchronization.o)
                0x000000000010add0                LightLock_TryLock
 .text.LightLock_Unlock
                0x000000000010ae04       0x20 /opt/devkitpro/libctru/lib/libctru.a(synchronization.o)
                0x000000000010ae04                LightLock_Unlock
 .text.RecursiveLock_Init
                0x000000000010ae24       0x24 /opt/devkitpro/libctru/lib/libctru.a(synchronization.o)
                0x000000000010ae24                RecursiveLock_Init
 .text.RecursiveLock_Lock
                0x000000000010ae48       0x30 /opt/devkitpro/libctru/lib/libctru.a(synchronization.o)
                0x000000000010ae48                RecursiveLock_Lock
 .text.RecursiveLock_TryLock
                0x000000000010ae78       0x58 /opt/devkitpro/libctru/lib/libctru.a(synchronization.o)
                0x000000000010ae78                RecursiveLock_TryLock
 .text.RecursiveLock_Unlock
                0x000000000010aed0       0x38 /opt/devkitpro/libctru/lib/libctru.a(synchronization.o)
                0x000000000010aed0                RecursiveLock_Unlock
 .text.srvExit  0x000000000010af08       0x50 /opt/devkitpro/libctru/lib/libctru.a(srv.o)
                0x000000000010af08                srvExit
 .text.srvRegisterClient
                0x000000000010af58       0x38 /opt/devkitpro/libctru/lib/libctru.a(srv.o)
                0x000000000010af58                srvRegisterClient
 .text.srvInit  0x000000000010af90       0x70 /opt/devkitpro/libctru/lib/libctru.a(srv.o)
                0x000000000010af90                srvInit
 .text.srvGetServiceHandleDirect
                0x000000000010b000       0x68 /opt/devkitpro/libctru/lib/libctru.a(srv.o)
                0x000000000010b000                srvGetServiceHandleDirect
 .text.srvGetServiceHandle
                0x000000000010b068       0x38 /opt/devkitpro/libctru/lib/libctru.a(srv.o)
                0x000000000010b068                srvGetServiceHandle
 .text.threadCreate
                0x000000000010b0a0      0x1c8 /opt/devkitpro/libctru/lib/libctru.a(thread.o)
                0x000000000010b0a0                threadCreate
 .text.threadJoin
                0x000000000010b268       0x24 /opt/devkitpro/libctru/lib/libctru.a(thread.o)
                0x000000000010b268                threadJoin
 .text.threadExit
                0x000000000010b28c       0x6c /opt/devkitpro/libctru/lib/libctru.a(thread.o)
                0x000000000010b28c                threadExit
 .text._thread_begin
                0x000000000010b2f8       0x3c /opt/devkitpro/libctru/lib/libctru.a(thread.o)
 .text.irrstScanInput
                0x000000000010b334       0xb0 /opt/devkitpro/libctru/lib/libctru.a(irrst.o)
                0x000000000010b334                irrstScanInput
 .text.irrstKeysHeld
                0x000000000010b3e4       0x1c /opt/devkitpro/libctru/lib/libctru.a(irrst.o)
                0x000000000010b3e4                irrstKeysHeld
 .text.IRRST_GetHandles
                0x000000000010b400       0x50 /opt/devkitpro/libctru/lib/libctru.a(irrst.o)
                0x000000000010b400                IRRST_GetHandles
 .text.irrstInit
                0x000000000010b450      0x148 /opt/devkitpro/libctru/lib/libctru.a(irrst.o)
                0x000000000010b450                irrstInit
 .text.IRRST_Shutdown
                0x000000000010b598       0x2c /opt/devkitpro/libctru/lib/libctru.a(irrst.o)
                0x000000000010b598                IRRST_Shutdown
 .text.irrstExit
                0x000000000010b5c4       0xb0 /opt/devkitpro/libctru/lib/libctru.a(irrst.o)
                0x000000000010b5c4                irrstExit
 .text.rbtree_node_next
                0x000000000010b674       0x8c /opt/devkitpro/libctru/lib/libctru.a(rbtree_iterator.o)
                0x000000000010b674                rbtree_node_next
 .text.__appInit
                0x000000000010b700       0x1c /opt/devkitpro/libctru/lib/libctru.a(appInit.o)
                0x000000000010b700                __appInit
 .text.__appExit
                0x000000000010b71c       0x1c /opt/devkitpro/libctru/lib/libctru.a(appExit.o)
                0x000000000010b71c                __appExit
 .text.__libctru_exit
                0x000000000010b738       0xa4 /opt/devkitpro/libctru/lib/libctru.a(ctru_exit.o)
                0x000000000010b738                __libctru_exit
 .text.envGetHandle
                0x000000000010b7dc       0x94 /opt/devkitpro/libctru/lib/libctru.a(env.o)
                0x000000000010b7dc                envGetHandle
 .text.envDestroyHandles
                0x000000000010b870       0x4c /opt/devkitpro/libctru/lib/libctru.a(env.o)
                0x000000000010b870                envDestroyHandles
 .text.sdmc_link
                0x000000000010b8bc       0x10 /opt/devkitpro/libctru/lib/libctru.a(sdmc_dev.o)
 .text.sdmc_dirreset
                0x000000000010b8cc       0x10 /opt/devkitpro/libctru/lib/libctru.a(sdmc_dev.o)
 .text.sdmc_chmod
                0x000000000010b8dc       0x10 /opt/devkitpro/libctru/lib/libctru.a(sdmc_dev.o)
 .text.sdmc_fchmod
                0x000000000010b8ec       0x10 /opt/devkitpro/libctru/lib/libctru.a(sdmc_dev.o)
 .text.error_cmp
                0x000000000010b8fc       0x24 /opt/devkitpro/libctru/lib/libctru.a(sdmc_dev.o)
 .text.sdmc_translate_error
                0x000000000010b920       0x50 /opt/devkitpro/libctru/lib/libctru.a(sdmc_dev.o)
 .text.sdmc_fsync
                0x000000000010b970       0x34 /opt/devkitpro/libctru/lib/libctru.a(sdmc_dev.o)
 .text.sdmc_ftruncate
                0x000000000010b9a4       0x54 /opt/devkitpro/libctru/lib/libctru.a(sdmc_dev.o)
 .text.sdmc_statvfs
                0x000000000010b9f8       0xac /opt/devkitpro/libctru/lib/libctru.a(sdmc_dev.o)
 .text.sdmc_dirclose
                0x000000000010baa4       0x38 /opt/devkitpro/libctru/lib/libctru.a(sdmc_dev.o)
 .text.sdmc_dirnext
                0x000000000010badc       0xe0 /opt/devkitpro/libctru/lib/libctru.a(sdmc_dev.o)
 .text.sdmc_close
                0x000000000010bbbc       0x34 /opt/devkitpro/libctru/lib/libctru.a(sdmc_dev.o)
 .text.sdmc_fstat
                0x000000000010bbf0       0x74 /opt/devkitpro/libctru/lib/libctru.a(sdmc_dev.o)
 .text.sdmc_seek
                0x000000000010bc64       0xc0 /opt/devkitpro/libctru/lib/libctru.a(sdmc_dev.o)
 .text.sdmc_read
                0x000000000010bd24       0x8c /opt/devkitpro/libctru/lib/libctru.a(sdmc_dev.o)
 .text.sdmc_write_safe
                0x000000000010bdb0      0x110 /opt/devkitpro/libctru/lib/libctru.a(sdmc_dev.o)
 .text.sdmc_utf16path
                0x000000000010bec0      0x1b4 /opt/devkitpro/libctru/lib/libctru.a(sdmc_dev.o)
 .text.sdmc_rmdir
                0x000000000010c074       0x80 /opt/devkitpro/libctru/lib/libctru.a(sdmc_dev.o)
 .text.sdmc_diropen
                0x000000000010c0f4       0x9c /opt/devkitpro/libctru/lib/libctru.a(sdmc_dev.o)
 .text.sdmc_chdir
                0x000000000010c190       0xa8 /opt/devkitpro/libctru/lib/libctru.a(sdmc_dev.o)
 .text.sdmc_mkdir
                0x000000000010c238       0xa4 /opt/devkitpro/libctru/lib/libctru.a(sdmc_dev.o)
 .text.sdmc_rename
                0x000000000010c2dc      0x138 /opt/devkitpro/libctru/lib/libctru.a(sdmc_dev.o)
 .text.sdmc_unlink
                0x000000000010c414       0x80 /opt/devkitpro/libctru/lib/libctru.a(sdmc_dev.o)
 .text.sdmc_stat
                0x000000000010c494      0x120 /opt/devkitpro/libctru/lib/libctru.a(sdmc_dev.o)
 .text.sdmc_open
                0x000000000010c5b4      0x1ac /opt/devkitpro/libctru/lib/libctru.a(sdmc_dev.o)
 .text.sdmcInit
                0x000000000010c760      0x134 /opt/devkitpro/libctru/lib/libctru.a(sdmc_dev.o)
                0x000000000010c760                sdmcInit
 .text.sdmcExit
                0x000000000010c894       0x50 /opt/devkitpro/libctru/lib/libctru.a(sdmc_dev.o)
                0x000000000010c894                sdmcExit
 .text.fsInit   0x000000000010c8e4       0xc8 /opt/devkitpro/libctru/lib/libctru.a(fs.o)
                0x000000000010c8e4                fsInit
 .text.fsExit   0x000000000010c9ac       0x34 /opt/devkitpro/libctru/lib/libctru.a(fs.o)
                0x000000000010c9ac                fsExit
 .text.FSUSER_OpenFile
                0x000000000010c9e0       0xdc /opt/devkitpro/libctru/lib/libctru.a(fs.o)
                0x000000000010c9e0                FSUSER_OpenFile
 .text.FSUSER_DeleteFile
                0x000000000010cabc       0xb8 /opt/devkitpro/libctru/lib/libctru.a(fs.o)
                0x000000000010cabc                FSUSER_DeleteFile
 .text.FSUSER_RenameFile
                0x000000000010cb74       0xf4 /opt/devkitpro/libctru/lib/libctru.a(fs.o)
                0x000000000010cb74                FSUSER_RenameFile
 .text.FSUSER_DeleteDirectory
                0x000000000010cc68       0xb8 /opt/devkitpro/libctru/lib/libctru.a(fs.o)
                0x000000000010cc68                FSUSER_DeleteDirectory
 .text.FSUSER_CreateFile
                0x000000000010cd20       0xd0 /opt/devkitpro/libctru/lib/libctru.a(fs.o)
                0x000000000010cd20                FSUSER_CreateFile
 .text.FSUSER_CreateDirectory
                0x000000000010cdf0       0xc0 /opt/devkitpro/libctru/lib/libctru.a(fs.o)
                0x000000000010cdf0                FSUSER_CreateDirectory
 .text.FSUSER_RenameDirectory
                0x000000000010ceb0       0xf4 /opt/devkitpro/libctru/lib/libctru.a(fs.o)
                0x000000000010ceb0                FSUSER_RenameDirectory
 .text.FSUSER_OpenDirectory
                0x000000000010cfa4       0xc4 /opt/devkitpro/libctru/lib/libctru.a(fs.o)
                0x000000000010cfa4                FSUSER_OpenDirectory
 .text.FSUSER_OpenArchive
                0x000000000010d068       0xbc /opt/devkitpro/libctru/lib/libctru.a(fs.o)
                0x000000000010d068                FSUSER_OpenArchive
 .text.FSUSER_CloseArchive
                0x000000000010d124       0x88 /opt/devkitpro/libctru/lib/libctru.a(fs.o)
                0x000000000010d124                FSUSER_CloseArchive
 .text.FSUSER_GetSdmcArchiveResource
                0x000000000010d1ac       0x8c /opt/devkitpro/libctru/lib/libctru.a(fs.o)
                0x000000000010d1ac                FSUSER_GetSdmcArchiveResource
 .text.FSUSER_IsSdmcWritable
                0x000000000010d238       0x64 /opt/devkitpro/libctru/lib/libctru.a(fs.o)
                0x000000000010d238                FSUSER_IsSdmcWritable
 .text.FSFILE_Read
                0x000000000010d29c       0x5c /opt/devkitpro/libctru/lib/libctru.a(fs.o)
                0x000000000010d29c                FSFILE_Read
 .text.FSFILE_Write
                0x000000000010d2f8       0x64 /opt/devkitpro/libctru/lib/libctru.a(fs.o)
                0x000000000010d2f8                FSFILE_Write
 .text.FSFILE_GetSize
                0x000000000010d35c       0x3c /opt/devkitpro/libctru/lib/libctru.a(fs.o)
                0x000000000010d35c                FSFILE_GetSize
 .text.FSFILE_SetSize
                0x000000000010d398       0x2c /opt/devkitpro/libctru/lib/libctru.a(fs.o)
                0x000000000010d398                FSFILE_SetSize
 .text.FSFILE_Close
                0x000000000010d3c4       0x3c /opt/devkitpro/libctru/lib/libctru.a(fs.o)
                0x000000000010d3c4                FSFILE_Close
 .text.FSFILE_Flush
                0x000000000010d400       0x24 /opt/devkitpro/libctru/lib/libctru.a(fs.o)
                0x000000000010d400                FSFILE_Flush
 .text.FSDIR_Read
                0x000000000010d424       0x54 /opt/devkitpro/libctru/lib/libctru.a(fs.o)
                0x000000000010d424                FSDIR_Read
 .text.FSDIR_Close
                0x000000000010d478       0x3c /opt/devkitpro/libctru/lib/libctru.a(fs.o)
                0x000000000010d478                FSDIR_Close
 .text.utf8_to_utf16
                0x000000000010d4b4       0xbc /opt/devkitpro/libctru/lib/libctru.a(utf8_to_utf16.o)
                0x000000000010d4b4                utf8_to_utf16
 .text.decode_utf8
                0x000000000010d570      0x138 /opt/devkitpro/libctru/lib/libctru.a(decode_utf8.o)
                0x000000000010d570                decode_utf8
 .text.utf16_to_utf8
                0x000000000010d6a8       0xe4 /opt/devkitpro/libctru/lib/libctru.a(utf16_to_utf8.o)
                0x000000000010d6a8                utf16_to_utf8
 .text.__aeabi_read_tp
                0x000000000010d78c        0xc /opt/devkitpro/libctru/lib/libctru.a(readtp.o)
                0x000000000010d78c                __aeabi_read_tp
 .text.encode_utf16
                0x000000000010d798       0x68 /opt/devkitpro/libctru/lib/libctru.a(encode_utf16.o)
                0x000000000010d798                encode_utf16
 .text.encode_utf8
                0x000000000010d800      0x104 /opt/devkitpro/libctru/lib/libctru.a(encode_utf8.o)
                0x000000000010d800                encode_utf8
 .text.decode_utf16
                0x000000000010d904       0x60 /opt/devkitpro/libctru/lib/libctru.a(decode_utf16.o)
                0x000000000010d904                decode_utf16
 .text.cosf     0x000000000010d964       0xc4 /opt/devkitpro/devkitARM/lib/gcc/arm-none-eabi/5.3.0/../../../../arm-none-eabi/lib/armv6k/fpu/libm.a(lib_a-sf_cos.o)
                0x000000000010d964                cosf
 .text.sinf     0x000000000010da28       0xcc /opt/devkitpro/devkitARM/lib/gcc/arm-none-eabi/5.3.0/../../../../arm-none-eabi/lib/armv6k/fpu/libm.a(lib_a-sf_sin.o)
                0x000000000010da28                sinf
 *fill*         0x000000000010daf4        0x4 
 .text.sqrt     0x000000000010daf8      0x110 /opt/devkitpro/devkitARM/lib/gcc/arm-none-eabi/5.3.0/../../../../arm-none-eabi/lib/armv6k/fpu/libm.a(lib_a-w_sqrt.o)
                0x000000000010daf8                sqrt
 .text.__ieee754_rem_pio2f
                0x000000000010dc08      0x2e0 /opt/devkitpro/devkitARM/lib/gcc/arm-none-eabi/5.3.0/../../../../arm-none-eabi/lib/armv6k/fpu/libm.a(lib_a-ef_rem_pio2.o)
                0x000000000010dc08                __ieee754_rem_pio2f
 .text.__ieee754_sqrt
                0x000000000010dee8      0x214 /opt/devkitpro/devkitARM/lib/gcc/arm-none-eabi/5.3.0/../../../../arm-none-eabi/lib/armv6k/fpu/libm.a(lib_a-e_sqrt.o)
                0x000000000010dee8                __ieee754_sqrt
 .text.__kernel_cosf
                0x000000000010e0fc      0x124 /opt/devkitpro/devkitARM/lib/gcc/arm-none-eabi/5.3.0/../../../../arm-none-eabi/lib/armv6k/fpu/libm.a(lib_a-kf_cos.o)
                0x000000000010e0fc                __kernel_cosf
 .text.__kernel_rem_pio2f
                0x000000000010e220      0x828 /opt/devkitpro/devkitARM/lib/gcc/arm-none-eabi/5.3.0/../../../../arm-none-eabi/lib/armv6k/fpu/libm.a(lib_a-kf_rem_pio2.o)
                0x000000000010e220                __kernel_rem_pio2f
 .text.__kernel_sinf
                0x000000000010ea48       0xa0 /opt/devkitpro/devkitARM/lib/gcc/arm-none-eabi/5.3.0/../../../../arm-none-eabi/lib/armv6k/fpu/libm.a(lib_a-kf_sin.o)
                0x000000000010ea48                __kernel_sinf
 .text.fabsf    0x000000000010eae8       0x10 /opt/devkitpro/devkitARM/lib/gcc/arm-none-eabi/5.3.0/../../../../arm-none-eabi/lib/armv6k/fpu/libm.a(lib_a-sf_fabs.o)
                0x000000000010eae8                fabsf
 .text.floorf   0x000000000010eaf8       0xb8 /opt/devkitpro/devkitARM/lib/gcc/arm-none-eabi/5.3.0/../../../../arm-none-eabi/lib/armv6k/fpu/libm.a(lib_a-sf_floor.o)
                0x000000000010eaf8                floorf
 .text.__fpclassifyd
                0x000000000010ebb0       0x74 /opt/devkitpro/devkitARM/lib/gcc/arm-none-eabi/5.3.0/../../../../arm-none-eabi/lib/armv6k/fpu/libm.a(lib_a-s_fpclassify.o)
                0x000000000010ebb0                __fpclassifyd
 .text.scalbnf  0x000000000010ec24      0x118 /opt/devkitpro/devkitARM/lib/gcc/arm-none-eabi/5.3.0/../../../../arm-none-eabi/lib/armv6k/fpu/libm.a(lib_a-sf_scalbn.o)
                0x000000000010ec24                scalbnf
 .text.matherr  0x000000000010ed3c        0x8 /opt/devkitpro/devkitARM/lib/gcc/arm-none-eabi/5.3.0/../../../../arm-none-eabi/lib/armv6k/fpu/libm.a(lib_a-s_matherr.o)
                0x000000000010ed3c                matherr
 .text.copysignf
                0x000000000010ed44       0x1c /opt/devkitpro/devkitARM/lib/gcc/arm-none-eabi/5.3.0/../../../../arm-none-eabi/lib/armv6k/fpu/libm.a(lib_a-sf_copysign.o)
                0x000000000010ed44                copysignf
 .text.bsearch  0x000000000010ed60       0x78 /opt/devkitpro/devkitARM/lib/gcc/arm-none-eabi/5.3.0/../../../../arm-none-eabi/lib/armv6k/fpu/libg.a(lib_a-bsearch.o)
                0x000000000010ed60                bsearch
 .text.__errno  0x000000000010edd8        0xc /opt/devkitpro/devkitARM/lib/gcc/arm-none-eabi/5.3.0/../../../../arm-none-eabi/lib/armv6k/fpu/libg.a(lib_a-errno.o)
                0x000000000010edd8                __errno
 .text.__libc_fini_array
                0x000000000010ede4       0x3c /opt/devkitpro/devkitARM/lib/gcc/arm-none-eabi/5.3.0/../../../../arm-none-eabi/lib/armv6k/fpu/libg.a(lib_a-fini.o)
                0x000000000010ede4                __libc_fini_array
 .text.__libc_init_array
                0x000000000010ee20       0x78 /opt/devkitpro/devkitARM/lib/gcc/arm-none-eabi/5.3.0/../../../../arm-none-eabi/lib/armv6k/fpu/libg.a(lib_a-init.o)
                0x000000000010ee20                __libc_init_array
 .text.memalign
                0x000000000010ee98       0x20 /opt/devkitpro/devkitARM/lib/gcc/arm-none-eabi/5.3.0/../../../../arm-none-eabi/lib/armv6k/fpu/libg.a(lib_a-malign.o)
                0x000000000010ee98                memalign
 .text._memalign_r
                0x000000000010eeb8      0x15c /opt/devkitpro/devkitARM/lib/gcc/arm-none-eabi/5.3.0/../../../../arm-none-eabi/lib/armv6k/fpu/libg.a(lib_a-malignr.o)
                0x000000000010eeb8                _memalign_r
 .text.malloc   0x000000000010f014       0x18 /opt/devkitpro/devkitARM/lib/gcc/arm-none-eabi/5.3.0/../../../../arm-none-eabi/lib/armv6k/fpu/libg.a(lib_a-malloc.o)
                0x000000000010f014                malloc
 .text.free     0x000000000010f02c       0x18 /opt/devkitpro/devkitARM/lib/gcc/arm-none-eabi/5.3.0/../../../../arm-none-eabi/lib/armv6k/fpu/libg.a(lib_a-malloc.o)
                0x000000000010f02c                free
 .text._malloc_r
                0x000000000010f044      0x7a8 /opt/devkitpro/devkitARM/lib/gcc/arm-none-eabi/5.3.0/../../../../arm-none-eabi/lib/armv6k/fpu/libg.a(lib_a-mallocr.o)
                0x000000000010f044                _malloc_r
 .text.memcpy   0x000000000010f7ec       0xf0 /opt/devkitpro/devkitARM/lib/gcc/arm-none-eabi/5.3.0/../../../../arm-none-eabi/lib/armv6k/fpu/libg.a(lib_a-memcpy.o)
                0x000000000010f7ec                memcpy
 .text.memset   0x000000000010f8dc       0xf4 /opt/devkitpro/devkitARM/lib/gcc/arm-none-eabi/5.3.0/../../../../arm-none-eabi/lib/armv6k/fpu/libg.a(lib_a-memset.o)
                0x000000000010f8dc                memset
 .text.__malloc_lock
                0x000000000010f9d0        0xc /opt/devkitpro/devkitARM/lib/gcc/arm-none-eabi/5.3.0/../../../../arm-none-eabi/lib/armv6k/fpu/libg.a(lib_a-mlock.o)
                0x000000000010f9d0                __malloc_lock
 .text.__malloc_unlock
                0x000000000010f9dc        0xc /opt/devkitpro/devkitARM/lib/gcc/arm-none-eabi/5.3.0/../../../../arm-none-eabi/lib/armv6k/fpu/libg.a(lib_a-mlock.o)
                0x000000000010f9dc                __malloc_unlock
 .text.strlen   0x000000000010f9e8       0x5c /opt/devkitpro/devkitARM/lib/gcc/arm-none-eabi/5.3.0/../../../../arm-none-eabi/lib/armv6k/fpu/libg.a(lib_a-strlen.o)
                0x000000000010f9e8                strlen
 .text.strncat  0x000000000010fa44       0xa4 /opt/devkitpro/devkitARM/lib/gcc/arm-none-eabi/5.3.0/../../../../arm-none-eabi/lib/armv6k/fpu/libg.a(lib_a-strncat.o)
                0x000000000010fa44                strncat
 .text.strncpy  0x000000000010fae8       0xe0 /opt/devkitpro/devkitARM/lib/gcc/arm-none-eabi/5.3.0/../../../../arm-none-eabi/lib/armv6k/fpu/libg.a(lib_a-strncpy.o)
                0x000000000010fae8                strncpy
 .text._malloc_trim_r
                0x000000000010fbc8       0xf8 /opt/devkitpro/devkitARM/lib/gcc/arm-none-eabi/5.3.0/../../../../arm-none-eabi/lib/armv6k/fpu/libg.a(lib_a-freer.o)
                0x000000000010fbc8                _malloc_trim_r
 .text._free_r  0x000000000010fcc0      0x2e4 /opt/devkitpro/devkitARM/lib/gcc/arm-none-eabi/5.3.0/../../../../arm-none-eabi/lib/armv6k/fpu/libg.a(lib_a-freer.o)
                0x000000000010fcc0                _free_r
 .text.strchr   0x000000000010ffa4      0x15c /opt/devkitpro/devkitARM/lib/gcc/arm-none-eabi/5.3.0/../../../../arm-none-eabi/lib/armv6k/fpu/libg.a(lib_a-strchr.o)
                0x000000000010ffa4                strchr
 .text.strncmp  0x0000000000110100      0x11c /opt/devkitpro/devkitARM/lib/gcc/arm-none-eabi/5.3.0/../../../../arm-none-eabi/lib/armv6k/fpu/libg.a(lib_a-strncmp.o)
                0x0000000000110100                strncmp
 .text.strnlen  0x000000000011021c       0x5c /opt/devkitpro/devkitARM/lib/gcc/arm-none-eabi/5.3.0/../../../../arm-none-eabi/lib/armv6k/fpu/libg.a(lib_a-strnlen.o)
                0x000000000011021c                strnlen
 .text.strrchr  0x0000000000110278       0x44 /opt/devkitpro/devkitARM/lib/gcc/arm-none-eabi/5.3.0/../../../../arm-none-eabi/lib/armv6k/fpu/libg.a(lib_a-strrchr.o)
                0x0000000000110278                strrchr
 *(.glue_7)
 .glue_7        0x00000000001102bc        0x0 linker stubs
 *(.glue_7t)
 .glue_7t       0x00000000001102bc        0x0 linker stubs
 *(.stub)
 *(.gnu.warning)
 *(.gnu.linkonce.t*)
                0x00000000001102bc                . = ALIGN (0x4)
 *(.fini)
 .fini          0x00000000001102bc        0xc /opt/devkitpro/devkitARM/lib/gcc/arm-none-eabi/5.3.0/armv6k/fpu/crti.o
                0x00000000001102bc                _fini
 .fini          0x00000000001102c8        0xc /opt/devkitpro/devkitARM/lib/gcc/arm-none-eabi/5.3.0/armv6k/fpu/crtn.o
                0x00000000001102d4                . = ALIGN (0x4)

.vfp11_veneer   0x00000000001102d4        0x0
 .vfp11_veneer  0x00000000001102d4        0x0 linker stubs

.v4_bx          0x00000000001102d4        0x0
 .v4_bx         0x00000000001102d4        0x0 linker stubs

.iplt           0x00000000001102d4        0x0
 .iplt          0x00000000001102d4        0x0 /opt/devkitpro/devkitARM/lib/gcc/arm-none-eabi/5.3.0/../../../../arm-none-eabi/lib/armv6k/fpu/3dsx_crt0.o

.rodata         0x0000000000111000      0x794
 *(.rodata)
 .rodata        0x0000000000111000      0x104 /opt/devkitpro/libctru/lib/libsf2d.a(shader.vsh.o)
                0x0000000000111000                shader_vsh_shbin
                0x0000000000111100                shader_vsh_shbin_end
                0x0000000000111100                shader_vsh_shbin_size
 .rodata        0x0000000000111104       0x30 /opt/devkitpro/libctru/lib/libsf2d.a(sf2d_texture.o)
 .rodata        0x0000000000111134       0x1c /opt/devkitpro/libctru/lib/libctru.a(gfx.o)
 .rodata        0x0000000000111150        0xc /opt/devkitpro/libctru/lib/libctru.a(gpu-old.o)
                0x0000000000111150                GPU_FORMATSIZE
                0x0000000000111154                GPU_TEVID
 .rodata        0x000000000011115c       0x24 /opt/devkitpro/libctru/lib/libctru.a(shbin.o)
 .rodata        0x0000000000111180        0xc /opt/devkitpro/libctru/lib/libctru.a(apt.o)
 .rodata        0x000000000011118c       0x30 /opt/devkitpro/libctru/lib/libctru.a(sdmc_dev.o)
 .rodata        0x00000000001111bc       0x68 /opt/devkitpro/devkitARM/lib/gcc/arm-none-eabi/5.3.0/../../../../arm-none-eabi/lib/armv6k/fpu/libsysbase.a(iosupport.o)
                0x00000000001111bc                dotab_stdnull
 .rodata        0x0000000000111224        0xc /opt/devkitpro/devkitARM/lib/gcc/arm-none-eabi/5.3.0/../../../../arm-none-eabi/lib/armv6k/fpu/libsysbase.a(chdir.o)
                0x0000000000111224                DIRECTORY_PARENT
                0x0000000000111228                DIRECTORY_THIS
                0x000000000011122c                DIRECTORY_SEPARATOR
 *(.roda)
 *(.rodata.*)
 .rodata.str1.4
                0x0000000000111230        0xb /opt/devkitpro/libctru/lib/libsf2d.a(sf2d.o)
                                          0xc (size before relaxing)
 *fill*         0x000000000011123b        0x1 
 .rodata.str1.4
                0x000000000011123c        0x9 /opt/devkitpro/libctru/lib/libctru.a(gspgpu.o)
                                          0xc (size before relaxing)
 *fill*         0x0000000000111245        0x3 
 .rodata.str1.4
                0x0000000000111248       0x15 /opt/devkitpro/libctru/lib/libctru.a(hid.o)
                                         0x18 (size before relaxing)
 *fill*         0x000000000011125d        0x3 
 .rodata.str1.4
                0x0000000000111260       0x16 /opt/devkitpro/libctru/lib/libctru.a(apt.o)
                                         0x18 (size before relaxing)
 *fill*         0x0000000000111276        0x2 
 .rodata.str1.4
                0x0000000000111278        0x9 /opt/devkitpro/libctru/lib/libctru.a(ptmsysm.o)
                                          0xc (size before relaxing)
 *fill*         0x0000000000111281        0x3 
 .rodata.str1.4
                0x0000000000111284        0x5 /opt/devkitpro/libctru/lib/libctru.a(srv.o)
                                          0x8 (size before relaxing)
 *fill*         0x0000000000111289        0x3 
 .rodata.str1.4
                0x000000000011128c        0x2 /opt/devkitpro/libctru/lib/libctru.a(thread.o)
                                          0x4 (size before relaxing)
 *fill*         0x000000000011128e        0x2 
 .rodata.str1.4
                0x0000000000111290        0x7 /opt/devkitpro/libctru/lib/libctru.a(irrst.o)
                                          0x8 (size before relaxing)
 *fill*         0x0000000000111297        0x1 
 .rodata.str1.4
                0x0000000000111298        0xd /opt/devkitpro/libctru/lib/libctru.a(sdmc_dev.o)
                                         0x14 (size before relaxing)
 *fill*         0x00000000001112a5        0x3 
 .rodata.str1.4
                0x00000000001112a8        0x8 /opt/devkitpro/libctru/lib/libctru.a(fs.o)
                                          0xc (size before relaxing)
 .rodata.str1.4
                0x00000000001112b0        0x5 /opt/devkitpro/devkitARM/lib/gcc/arm-none-eabi/5.3.0/../../../../arm-none-eabi/lib/armv6k/fpu/libm.a(lib_a-w_sqrt.o)
                                          0x8 (size before relaxing)
 *fill*         0x00000000001112b5        0x3 
 .rodata.npio2_hw
                0x00000000001112b8       0x80 /opt/devkitpro/devkitARM/lib/gcc/arm-none-eabi/5.3.0/../../../../arm-none-eabi/lib/armv6k/fpu/libm.a(lib_a-ef_rem_pio2.o)
 .rodata.two_over_pi
                0x0000000000111338      0x318 /opt/devkitpro/devkitARM/lib/gcc/arm-none-eabi/5.3.0/../../../../arm-none-eabi/lib/armv6k/fpu/libm.a(lib_a-ef_rem_pio2.o)
 .rodata.init_jk
                0x0000000000111650        0xc /opt/devkitpro/devkitARM/lib/gcc/arm-none-eabi/5.3.0/../../../../arm-none-eabi/lib/armv6k/fpu/libm.a(lib_a-kf_rem_pio2.o)
 .rodata.PIo2   0x000000000011165c       0x2c /opt/devkitpro/devkitARM/lib/gcc/arm-none-eabi/5.3.0/../../../../arm-none-eabi/lib/armv6k/fpu/libm.a(lib_a-kf_rem_pio2.o)
 .rodata.str1.4
                0x0000000000111688        0x4 /opt/devkitpro/devkitARM/lib/gcc/arm-none-eabi/5.3.0/../../../../arm-none-eabi/lib/armv6k/fpu/libg.a(lib_a-impure.o)
 .rodata.str1.4
                0x0000000000111688        0x8 /opt/devkitpro/devkitARM/lib/gcc/arm-none-eabi/5.3.0/../../../../arm-none-eabi/lib/armv6k/fpu/libsysbase.a(iosupport.o)
 .rodata._ctype_
                0x0000000000111690      0x104 /opt/devkitpro/devkitARM/lib/gcc/arm-none-eabi/5.3.0/../../../../arm-none-eabi/lib/armv6k/fpu/libg.a(lib_a-ctype_.o)
                0x0000000000111690                _ctype_
 *all.rodata*(*)
 *(.gnu.linkonce.r*)
                0x0000000000111794                . = ALIGN (0x4)

.eh_frame       0x0000000000111794        0x0
 .eh_frame      0x0000000000111794        0x0 /opt/devkitpro/devkitARM/lib/gcc/arm-none-eabi/5.3.0/armv6k/fpu/crtbegin.o

.rel.dyn        0x0000000000111794        0x0
 .rel.iplt      0x0000000000111794        0x0 /opt/devkitpro/devkitARM/lib/gcc/arm-none-eabi/5.3.0/../../../../arm-none-eabi/lib/armv6k/fpu/3dsx_crt0.o

.ARM.extab
 *(.ARM.extab* .gnu.linkonce.armextab.*)
                0x0000000000111794                __exidx_start = .

ARM.exidx
 *(.ARM.exidx* .gnu.linkonce.armexidx.*)
                0x0000000000111794                __exidx_end = .

.data           0x0000000000112000     0x1d4c
 *(.data)
 .data          0x0000000000112000        0x8 /opt/devkitpro/libctru/lib/libsf2d.a(sf2d.o)
 .data          0x0000000000112008        0xc /opt/devkitpro/libctru/lib/libctru.a(gfx.o)
 .data          0x0000000000112014        0x4 /opt/devkitpro/libctru/lib/libctru.a(stack_adjust.o)
                0x0000000000112014                __stacksize__
 .data          0x0000000000112018      0x488 /opt/devkitpro/libctru/lib/libctru.a(sdmc_dev.o)
 .data          0x00000000001124a0       0x44 /opt/devkitpro/devkitARM/lib/gcc/arm-none-eabi/5.3.0/../../../../arm-none-eabi/lib/armv6k/fpu/libsysbase.a(iosupport.o)
                0x00000000001124a4                devoptab_list
 .data          0x00000000001124e4     0x1000 /opt/devkitpro/devkitARM/lib/gcc/arm-none-eabi/5.3.0/../../../../arm-none-eabi/lib/armv6k/fpu/libsysbase.a(chdir.o)
 *(.data.*)
 .data.__fdlib_version
                0x00000000001134e4        0x1 /opt/devkitpro/devkitARM/lib/gcc/arm-none-eabi/5.3.0/../../../../arm-none-eabi/lib/armv6k/fpu/libm.a(lib_a-s_lib_ver.o)
                0x00000000001134e4                __fdlib_version
 *fill*         0x00000000001134e5        0x3 
 .data.impure_data
                0x00000000001134e8      0x440 /opt/devkitpro/devkitARM/lib/gcc/arm-none-eabi/5.3.0/../../../../arm-none-eabi/lib/armv6k/fpu/libg.a(lib_a-impure.o)
 .data._impure_ptr
                0x0000000000113928        0x4 /opt/devkitpro/devkitARM/lib/gcc/arm-none-eabi/5.3.0/../../../../arm-none-eabi/lib/armv6k/fpu/libg.a(lib_a-impure.o)
                0x0000000000113928                _impure_ptr
 .data.__malloc_av_
                0x000000000011392c      0x408 /opt/devkitpro/devkitARM/lib/gcc/arm-none-eabi/5.3.0/../../../../arm-none-eabi/lib/armv6k/fpu/libg.a(lib_a-mallocr.o)
                0x000000000011392c                __malloc_av_
 .data.__malloc_trim_threshold
                0x0000000000113d34        0x4 /opt/devkitpro/devkitARM/lib/gcc/arm-none-eabi/5.3.0/../../../../arm-none-eabi/lib/armv6k/fpu/libg.a(lib_a-mallocr.o)
                0x0000000000113d34                __malloc_trim_threshold
 .data.__malloc_sbrk_base
                0x0000000000113d38        0x4 /opt/devkitpro/devkitARM/lib/gcc/arm-none-eabi/5.3.0/../../../../arm-none-eabi/lib/armv6k/fpu/libg.a(lib_a-mallocr.o)
                0x0000000000113d38                __malloc_sbrk_base
 .data.__malloc_lock_object
                0x0000000000113d3c        0xc /opt/devkitpro/devkitARM/lib/gcc/arm-none-eabi/5.3.0/../../../../arm-none-eabi/lib/armv6k/fpu/libg.a(lib_a-mlock.o)
 .data.__ctype_ptr__
                0x0000000000113d48        0x4 /opt/devkitpro/devkitARM/lib/gcc/arm-none-eabi/5.3.0/../../../../arm-none-eabi/lib/armv6k/fpu/libg.a(lib_a-ctype_.o)
                0x0000000000113d48                __ctype_ptr__
 *(.gnu.linkonce.d*)
                0x0000000000113d4c                . = ALIGN (0x4)

.igot.plt       0x0000000000113d4c        0x0
 .igot.plt      0x0000000000113d4c        0x0 /opt/devkitpro/devkitARM/lib/gcc/arm-none-eabi/5.3.0/../../../../arm-none-eabi/lib/armv6k/fpu/3dsx_crt0.o

.jcr            0x0000000000113d4c        0x0
 .jcr           0x0000000000113d4c        0x0 /opt/devkitpro/devkitARM/lib/gcc/arm-none-eabi/5.3.0/armv6k/fpu/crtbegin.o

.tm_clone_table
                0x0000000000113d4c        0x0
 .tm_clone_table
                0x0000000000113d4c        0x0 /opt/devkitpro/devkitARM/lib/gcc/arm-none-eabi/5.3.0/armv6k/fpu/crtbegin.o
 .tm_clone_table
                0x0000000000113d4c        0x0 /opt/devkitpro/devkitARM/lib/gcc/arm-none-eabi/5.3.0/armv6k/fpu/crtend.o
                0x0000000000113d4c                __TMC_END__

.tdata          0x0000000000113d4c        0x0
                0x0000000000113d4c                __tdata_lma = .
 *(.tdata)
 *(.tdata.*)
 *(.gnu.linkonce.td.*)
                0x0000000000113d4c                . = ALIGN (0x4)
                0x0000000000113d4c                __tdata_lma_end = .

.tbss           0x0000000000113d4c     0x340c
 *(.tbss)
 .tbss          0x0000000000113d4c     0x340c /opt/devkitpro/libctru/lib/libctru.a(sdmc_dev.o)
 *(.tbss.*)
 *(.gnu.linkonce.tb.*)
 *(.tcommon)
                0x0000000000117158                . = ALIGN (0x4)

.preinit_array  0x0000000000113d4c        0x0
                0x0000000000113d4c                PROVIDE (__preinit_array_start, .)
 *(.preinit_array)
                0x0000000000113d4c                PROVIDE (__preinit_array_end, .)

.init_array     0x0000000000113d4c        0x4
                0x0000000000113d4c                PROVIDE (__init_array_start, .)
 *(SORT(.init_array.*))
 *(.init_array)
 .init_array    0x0000000000113d4c        0x4 /opt/devkitpro/devkitARM/lib/gcc/arm-none-eabi/5.3.0/armv6k/fpu/crtbegin.o
                0x0000000000113d50                PROVIDE (__init_array_end, .)

.fini_array     0x0000000000113d50        0x4
                0x0000000000113d50                PROVIDE (__fini_array_start, .)
 *(.fini_array)
 .fini_array    0x0000000000113d50        0x4 /opt/devkitpro/devkitARM/lib/gcc/arm-none-eabi/5.3.0/armv6k/fpu/crtbegin.o
 *(SORT(.fini_array.*))
                0x0000000000113d54                PROVIDE (__fini_array_end, .)

.ctors
 *crtbegin.o(.ctors)
 *(EXCLUDE_FILE(*crtend.o) .ctors)
 *(SORT(.ctors.*))
 *(.ctors)

.dtors
 *crtbegin.o(.dtors)
 *(EXCLUDE_FILE(*crtend.o) .dtors)
 *(SORT(.dtors.*))
 *(.dtors)
                0x0000000000113d54                __bss_start__ = .

.bss            0x0000000000113d54     0x5808
 *(.dynbss)
 *(.bss)
 .bss           0x0000000000113d54       0x1c /opt/devkitpro/devkitARM/lib/gcc/arm-none-eabi/5.3.0/armv6k/fpu/crtbegin.o
 .bss           0x0000000000113d70       0xf0 /opt/devkitpro/libctru/lib/libsf2d.a(sf2d.o)
 .bss           0x0000000000113e60       0x14 /opt/devkitpro/libctru/lib/libctru.a(vram.o)
 .bss           0x0000000000113e74       0x14 /opt/devkitpro/libctru/lib/libctru.a(linear.o)
 .bss           0x0000000000113e88        0x1 /opt/devkitpro/libctru/lib/libctru.a(os.o)
                0x0000000000113e88                __ctru_speedup
 *fill*         0x0000000000113e89        0x3 
 .bss           0x0000000000113e8c        0xc /opt/devkitpro/libctru/lib/libctru.a(gfx.o)
 .bss           0x0000000000113e98        0xc /opt/devkitpro/libctru/lib/libctru.a(gspgpu.o)
 .bss           0x0000000000113ea4       0x2c /opt/devkitpro/libctru/lib/libctru.a(hid.o)
 .bss           0x0000000000113ed0       0x54 /opt/devkitpro/libctru/lib/libctru.a(apt.o)
                0x0000000000113ee0                aptStatus
                0x0000000000113f0c                aptStatusBeforeSleep
 .bss           0x0000000000113f24        0x8 /opt/devkitpro/libctru/lib/libctru.a(ptmsysm.o)
 .bss           0x0000000000113f2c        0x8 /opt/devkitpro/libctru/lib/libctru.a(stack_adjust.o)
 .bss           0x0000000000113f34       0x14 /opt/devkitpro/libctru/lib/libctru.a(mappable.o)
 .bss           0x0000000000113f48        0x4 /opt/devkitpro/libctru/lib/libctru.a(synchronization.o)
 .bss           0x0000000000113f4c        0x8 /opt/devkitpro/libctru/lib/libctru.a(srv.o)
 .bss           0x0000000000113f54        0xc /opt/devkitpro/libctru/lib/libctru.a(irrst.o)
 .bss           0x0000000000113f60        0x1 /opt/devkitpro/libctru/lib/libctru.a(sdmc_dev.o)
 *fill*         0x0000000000113f61        0x3 
 .bss           0x0000000000113f64        0x8 /opt/devkitpro/libctru/lib/libctru.a(fs.o)
 .bss           0x0000000000113f6c        0x4 /opt/devkitpro/devkitARM/lib/gcc/arm-none-eabi/5.3.0/../../../../arm-none-eabi/lib/armv6k/fpu/libsysbase.a(sbrk.o)
 .bss           0x0000000000113f70        0x8 /opt/devkitpro/devkitARM/lib/gcc/arm-none-eabi/5.3.0/../../../../arm-none-eabi/lib/armv6k/fpu/libsysbase.a(malloc_vars.o)
                0x0000000000113f70                fake_heap_start
                0x0000000000113f74                fake_heap_end
 .bss           0x0000000000113f78     0x1000 /opt/devkitpro/devkitARM/lib/gcc/arm-none-eabi/5.3.0/../../../../arm-none-eabi/lib/armv6k/fpu/libsysbase.a(chdir.o)
 .bss           0x0000000000114f78       0x38 /opt/devkitpro/devkitARM/lib/gcc/arm-none-eabi/5.3.0/../../../../arm-none-eabi/lib/armv6k/fpu/libsysbase.a(syscall_support.o)
                0x0000000000114f78                __syscalls
 *(.bss.*)
 .bss.__malloc_max_total_mem
                0x0000000000114fb0        0x4 /opt/devkitpro/devkitARM/lib/gcc/arm-none-eabi/5.3.0/../../../../arm-none-eabi/lib/armv6k/fpu/libg.a(lib_a-mallocr.o)
                0x0000000000114fb0                __malloc_max_total_mem
 .bss.__malloc_max_sbrked_mem
                0x0000000000114fb4        0x4 /opt/devkitpro/devkitARM/lib/gcc/arm-none-eabi/5.3.0/../../../../arm-none-eabi/lib/armv6k/fpu/libg.a(lib_a-mallocr.o)
                0x0000000000114fb4                __malloc_max_sbrked_mem
 .bss.__malloc_top_pad
                0x0000000000114fb8        0x4 /opt/devkitpro/devkitARM/lib/gcc/arm-none-eabi/5.3.0/../../../../arm-none-eabi/lib/armv6k/fpu/libg.a(lib_a-mallocr.o)
                0x0000000000114fb8                __malloc_top_pad
 .bss.__malloc_current_mallinfo
                0x0000000000114fbc       0x28 /opt/devkitpro/devkitARM/lib/gcc/arm-none-eabi/5.3.0/../../../../arm-none-eabi/lib/armv6k/fpu/libg.a(lib_a-mallocr.o)
                0x0000000000114fbc                __malloc_current_mallinfo
 *(.gnu.linkonce.b*)
 *(COMMON)
 COMMON         0x0000000000114fe4       0x60 /opt/devkitpro/libctru/lib/libctru.a(gfx.o)
                0x0000000000114fe4                gfxBottomFramebuffers
                0x0000000000114fec                gspSharedMemHandle
                0x0000000000114ff0                bottomFramebufferInfo
                0x000000000011500c                gspEvent
                0x0000000000115010                gfxTopLeftFramebuffers
                0x0000000000115018                gfxTopRightFramebuffers
                0x0000000000115020                topFramebufferInfo
                0x000000000011503c                gfxThreadID
                0x0000000000115040                gfxSharedMemory
 COMMON         0x0000000000115044        0x4 /opt/devkitpro/libctru/lib/libctru.a(gx.o)
                0x0000000000115044                gxCmdBuf
 COMMON         0x0000000000115048        0xc /opt/devkitpro/libctru/lib/libctru.a(gpu.o)
                0x0000000000115048                gpuCmdBuf
                0x000000000011504c                gpuCmdBufOffset
                0x0000000000115050                gpuCmdBufSize
 COMMON         0x0000000000115054       0x84 /opt/devkitpro/libctru/lib/libctru.a(gspgpu.o)
                0x0000000000115054                gspEventCbOneShot
                0x000000000011505c                gspEventCb
                0x0000000000115078                gspGpuHandle
                0x000000000011507c                gspEventThread
                0x0000000000115080                gspEventCounts
                0x000000000011509c                gspEvents
                0x00000000001150b8                gspRunEvents
                0x00000000001150bc                gspEventCbData
 COMMON         0x00000000001150d8       0x20 /opt/devkitpro/libctru/lib/libctru.a(hid.o)
                0x00000000001150d8                hidMemHandle
                0x00000000001150dc                hidHandle
                0x00000000001150e0                hidSharedMem
                0x00000000001150e4                hidEvents
 COMMON         0x00000000001150f8     0x102a /opt/devkitpro/libctru/lib/libctru.a(apt.o)
                0x00000000001150f8                aptEventHandlerThread
                0x00000000001150fc                aptSleepSync
                0x0000000000115100                aptParameters
                0x0000000000116100                aptuHandle
                0x0000000000116104                aptEvents
                0x0000000000116110                aptStatusEvent
                0x0000000000116114                aptStatusPower
                0x0000000000116118                aptStatusMutex
                0x000000000011611c                aptLockHandle
                0x0000000000116120                currentAppId
 *fill*         0x0000000000116122        0x2 
 COMMON         0x0000000000116124        0x4 /opt/devkitpro/libctru/lib/libctru.a(initSystem.o)
                0x0000000000116124                __system_retAddr
 COMMON         0x0000000000116128       0x10 /opt/devkitpro/libctru/lib/libctru.a(allocateHeaps.o)
                0x0000000000116128                __ctru_heap_size
                0x000000000011612c                __ctru_linear_heap
                0x0000000000116130                __ctru_heap
                0x0000000000116134                __ctru_linear_heap_size
 COMMON         0x0000000000116138        0x8 /opt/devkitpro/libctru/lib/libctru.a(initArgv.o)
                0x0000000000116138                __system_argv
                0x000000000011613c                __system_argc
 COMMON         0x0000000000116140       0x10 /opt/devkitpro/libctru/lib/libctru.a(irrst.o)
                0x0000000000116140                irrstHandle
                0x0000000000116144                irrstEvent
                0x0000000000116148                irrstMemHandle
                0x000000000011614c                irrstSharedMem
                0x0000000000116150                . = ALIGN (0x4)
                0x0000000000116150                __tls_start = .
                0x000000000011955c                . = (. + (SIZEOF (.tdata) + SIZEOF (.tbss)))
 *fill*         0x0000000000116150     0x340c 
                0x000000000011955c                __tls_end = .
                0x000000000011955c                __bss_end__ = .
                0x000000000011955c                __end__ = ABSOLUTE (.)

/DISCARD/
 *(.group .comment .note)

.stab
 *(.stab)

.stabstr
 *(.stabstr)

.stab.excl
 *(.stab.excl)

.stab.exclstr
 *(.stab.exclstr)

.stab.index
 *(.stab.index)

.stab.indexstr
 *(.stab.indexstr)

.debug
 *(.debug)

.line
 *(.line)

.debug_srcinfo
 *(.debug_srcinfo)

.debug_sfnames
 *(.debug_sfnames)

.debug_aranges  0x0000000000000000     0x1498
 *(.debug_aranges)
 .debug_aranges
                0x0000000000000000       0x20 main.o
 .debug_aranges
                0x0000000000000020       0x20 /opt/devkitpro/libctru/lib/libsf2d.a(sf2d.o)
 .debug_aranges
                0x0000000000000040       0x20 /opt/devkitpro/libctru/lib/libsf2d.a(sf2d_draw.o)
 .debug_aranges
                0x0000000000000060       0x20 /opt/devkitpro/libctru/lib/libsf2d.a(sf2d_private.o)
 .debug_aranges
                0x0000000000000080       0x20 /opt/devkitpro/libctru/lib/libsf2d.a(sf2d_texture.o)
 .debug_aranges
                0x00000000000000a0       0x50 /opt/devkitpro/libctru/lib/libctru.a(vram.o)
 .debug_aranges
                0x00000000000000f0       0x50 /opt/devkitpro/libctru/lib/libctru.a(linear.o)
 .debug_aranges
                0x0000000000000140       0x38 /opt/devkitpro/libctru/lib/libctru.a(mem_pool.o)
 .debug_aranges
                0x0000000000000178       0x68 /opt/devkitpro/libctru/lib/libctru.a(os.o)
 .debug_aranges
                0x00000000000001e0       0x98 /opt/devkitpro/libctru/lib/libctru.a(gfx.o)
 .debug_aranges
                0x0000000000000278       0xd8 /opt/devkitpro/libctru/lib/libctru.a(gpu-old.o)
 .debug_aranges
                0x0000000000000350       0x98 /opt/devkitpro/libctru/lib/libctru.a(shaderProgram.o)
 .debug_aranges
                0x00000000000003e8       0x38 /opt/devkitpro/libctru/lib/libctru.a(shbin.o)
 .debug_aranges
                0x0000000000000420       0x48 /opt/devkitpro/libctru/lib/libctru.a(gx.o)
 .debug_aranges
                0x0000000000000468       0x78 /opt/devkitpro/libctru/lib/libctru.a(gpu.o)
 .debug_aranges
                0x00000000000004e0       0xd8 /opt/devkitpro/libctru/lib/libctru.a(gspgpu.o)
 .debug_aranges
                0x00000000000005b8       0xb0 /opt/devkitpro/libctru/lib/libctru.a(hid.o)
 .debug_aranges
                0x0000000000000668      0x200 /opt/devkitpro/libctru/lib/libctru.a(apt.o)
 .debug_aranges
                0x0000000000000868       0x30 /opt/devkitpro/libctru/lib/libctru.a(ptmsysm.o)
 .debug_aranges
                0x0000000000000898       0x20 /opt/devkitpro/libctru/lib/libctru.a(rbtree_init.o)
 .debug_aranges
                0x00000000000008b8       0x30 /opt/devkitpro/libctru/lib/libctru.a(rbtree_insert.o)
 .debug_aranges
                0x00000000000008e8       0x20 /opt/devkitpro/libctru/lib/libctru.a(rbtree_rotate.o)
 .debug_aranges
                0x0000000000000908       0x20 /opt/devkitpro/libctru/lib/libctru.a(rbtree_remove.o)
 .debug_aranges
                0x0000000000000928       0x20 /opt/devkitpro/libctru/lib/libctru.a(rbtree_find.o)
 .debug_aranges
                0x0000000000000948       0x20 /opt/devkitpro/libctru/lib/libctru.a(initSystem.o)
 .debug_aranges
                0x0000000000000968       0x28 /opt/devkitpro/libctru/lib/libctru.a(syscalls.o)
 .debug_aranges
                0x0000000000000990       0x28 /opt/devkitpro/libctru/lib/libctru.a(allocateHeaps.o)
 .debug_aranges
                0x00000000000009b8       0x20 /opt/devkitpro/libctru/lib/libctru.a(initArgv.o)
 .debug_aranges
                0x00000000000009d8      0x250 /opt/devkitpro/libctru/lib/libctru.a(svc.o)
 .debug_aranges
                0x0000000000000c28       0x20 /opt/devkitpro/libctru/lib/libctru.a(stack_adjust.o)
 .debug_aranges
                0x0000000000000c48       0x40 /opt/devkitpro/libctru/lib/libctru.a(mappable.o)
 .debug_aranges
                0x0000000000000c88       0x78 /opt/devkitpro/libctru/lib/libctru.a(synchronization.o)
 .debug_aranges
                0x0000000000000d00       0xa8 /opt/devkitpro/libctru/lib/libctru.a(srv.o)
 .debug_aranges
                0x0000000000000da8       0x58 /opt/devkitpro/libctru/lib/libctru.a(thread.o)
 .debug_aranges
                0x0000000000000e00       0x68 /opt/devkitpro/libctru/lib/libctru.a(irrst.o)
 .debug_aranges
                0x0000000000000e68       0x28 /opt/devkitpro/libctru/lib/libctru.a(rbtree_iterator.o)
 .debug_aranges
                0x0000000000000e90       0x20 /opt/devkitpro/libctru/lib/libctru.a(appInit.o)
 .debug_aranges
                0x0000000000000eb0       0x20 /opt/devkitpro/libctru/lib/libctru.a(appExit.o)
 .debug_aranges
                0x0000000000000ed0       0x20 /opt/devkitpro/libctru/lib/libctru.a(ctru_exit.o)
 .debug_aranges
                0x0000000000000ef0       0x28 /opt/devkitpro/libctru/lib/libctru.a(env.o)
 .debug_aranges
                0x0000000000000f18      0x108 /opt/devkitpro/libctru/lib/libctru.a(sdmc_dev.o)
 .debug_aranges
                0x0000000000001020      0x398 /opt/devkitpro/libctru/lib/libctru.a(fs.o)
 .debug_aranges
                0x00000000000013b8       0x20 /opt/devkitpro/libctru/lib/libctru.a(utf8_to_utf16.o)
 .debug_aranges
                0x00000000000013d8       0x20 /opt/devkitpro/libctru/lib/libctru.a(decode_utf8.o)
 .debug_aranges
                0x00000000000013f8       0x20 /opt/devkitpro/libctru/lib/libctru.a(utf16_to_utf8.o)
 .debug_aranges
                0x0000000000001418       0x20 /opt/devkitpro/libctru/lib/libctru.a(readtp.o)
 .debug_aranges
                0x0000000000001438       0x20 /opt/devkitpro/libctru/lib/libctru.a(encode_utf16.o)
 .debug_aranges
                0x0000000000001458       0x20 /opt/devkitpro/libctru/lib/libctru.a(encode_utf8.o)
 .debug_aranges
                0x0000000000001478       0x20 /opt/devkitpro/libctru/lib/libctru.a(decode_utf16.o)

.debug_pubnames
 *(.debug_pubnames)

.debug_info     0x0000000000000000    0x26af7
 *(.debug_info)
 .debug_info    0x0000000000000000      0x786 main.o
 .debug_info    0x0000000000000786     0x1e76 /opt/devkitpro/libctru/lib/libsf2d.a(sf2d.o)
 .debug_info    0x00000000000025fc      0xcc3 /opt/devkitpro/libctru/lib/libsf2d.a(sf2d_draw.o)
 .debug_info    0x00000000000032bf      0xb2c /opt/devkitpro/libctru/lib/libsf2d.a(sf2d_private.o)
 .debug_info    0x0000000000003deb     0x406a /opt/devkitpro/libctru/lib/libsf2d.a(sf2d_texture.o)
 .debug_info    0x0000000000007e55      0x8c3 /opt/devkitpro/libctru/lib/libctru.a(vram.o)
 .debug_info    0x0000000000008718      0x8d9 /opt/devkitpro/libctru/lib/libctru.a(linear.o)
 .debug_info    0x0000000000008ff1      0x8a8 /opt/devkitpro/libctru/lib/libctru.a(mem_pool.o)
 .debug_info    0x0000000000009899      0xd4e /opt/devkitpro/libctru/lib/libctru.a(os.o)
 .debug_info    0x000000000000a5e7      0xbe0 /opt/devkitpro/libctru/lib/libctru.a(gfx.o)
 .debug_info    0x000000000000b1c7     0x20ec /opt/devkitpro/libctru/lib/libctru.a(gpu-old.o)
 .debug_info    0x000000000000d2b3     0x1340 /opt/devkitpro/libctru/lib/libctru.a(shaderProgram.o)
 .debug_info    0x000000000000e5f3      0x70a /opt/devkitpro/libctru/lib/libctru.a(shbin.o)
 .debug_info    0x000000000000ecfd      0x455 /opt/devkitpro/libctru/lib/libctru.a(gx.o)
 .debug_info    0x000000000000f152      0x701 /opt/devkitpro/libctru/lib/libctru.a(gpu.o)
 .debug_info    0x000000000000f853     0x134c /opt/devkitpro/libctru/lib/libctru.a(gspgpu.o)
 .debug_info    0x0000000000010b9f      0xde4 /opt/devkitpro/libctru/lib/libctru.a(hid.o)
 .debug_info    0x0000000000011983     0x4be0 /opt/devkitpro/libctru/lib/libctru.a(apt.o)
 .debug_info    0x0000000000016563      0x29f /opt/devkitpro/libctru/lib/libctru.a(ptmsysm.o)
 .debug_info    0x0000000000016802      0x17f /opt/devkitpro/libctru/lib/libctru.a(rbtree_init.o)
 .debug_info    0x0000000000016981      0x5ef /opt/devkitpro/libctru/lib/libctru.a(rbtree_insert.o)
 .debug_info    0x0000000000016f70      0x2b2 /opt/devkitpro/libctru/lib/libctru.a(rbtree_rotate.o)
 .debug_info    0x0000000000017222      0x7cf /opt/devkitpro/libctru/lib/libctru.a(rbtree_remove.o)
 .debug_info    0x00000000000179f1      0x1d0 /opt/devkitpro/libctru/lib/libctru.a(rbtree_find.o)
 .debug_info    0x0000000000017bc1      0x1c0 /opt/devkitpro/libctru/lib/libctru.a(initSystem.o)
 .debug_info    0x0000000000017d81      0xd22 /opt/devkitpro/libctru/lib/libctru.a(syscalls.o)
 .debug_info    0x0000000000018aa3      0x469 /opt/devkitpro/libctru/lib/libctru.a(allocateHeaps.o)
 .debug_info    0x0000000000018f0c      0x1d2 /opt/devkitpro/libctru/lib/libctru.a(initArgv.o)
 .debug_info    0x00000000000190de       0x9d /opt/devkitpro/libctru/lib/libctru.a(svc.o)