Archive member included to satisfy reference by file (symbol)

/opt/devkitpro/libctru/lib/libctru.a(gfx.o)
                              main.o (gfxSet3D)
/opt/devkitpro/libctru/lib/libctru.a(gx.o)
                              /opt/devkitpro/libctru/lib/libctru.a(gfx.o) (gxCmdBuf)
/opt/devkitpro/libctru/lib/libctru.a(gspgpu.o)
                              /opt/devkitpro/libctru/lib/libctru.a(gfx.o) (gspInit)
/opt/devkitpro/libctru/lib/libctru.a(hid.o)
                              main.o (hidScanInput)
/opt/devkitpro/libctru/lib/libctru.a(apt.o)
                              /opt/devkitpro/libctru/lib/libctru.a(hid.o) (APT_CheckNew3DS)
/opt/devkitpro/libctru/lib/libctru.a(initSystem.o)
                              /opt/devkitpro/libctru/lib/libctru.a(apt.o) (__system_retAddr)
/opt/devkitpro/libctru/lib/libctru.a(syscalls.o)
                              /opt/devkitpro/libctru/lib/libctru.a(initSystem.o) (__system_initSyscalls)
/opt/devkitpro/libctru/lib/libctru.a(allocateHeaps.o)
                              /opt/devkitpro/libctru/lib/libctru.a(initSystem.o) (__system_allocateHeaps)
/opt/devkitpro/libctru/lib/libctru.a(initArgv.o)
                              /opt/devkitpro/libctru/lib/libctru.a(initSystem.o) (__system_initArgv)
/opt/devkitpro/libctru/lib/libctru.a(svc.o)
                              /opt/devkitpro/libctru/lib/libctru.a(allocateHeaps.o) (svcControlMemory)
/opt/devkitpro/libctru/lib/libctru.a(stack_adjust.o)
                              /opt/devkitpro/devkitARM/lib/gcc/arm-none-eabi/5.3.0/../../../../arm-none-eabi/lib/armv6k/fpu/3dsx_crt0.o (initSystem)
/opt/devkitpro/libctru/lib/libctru.a(vram.o)
                              /opt/devkitpro/libctru/lib/libctru.a(gfx.o) (vramAlloc)
/opt/devkitpro/libctru/lib/libctru.a(mappable.o)
                              /opt/devkitpro/libctru/lib/libctru.a(gfx.o) (mappableAlloc)
/opt/devkitpro/libctru/lib/libctru.a(linear.o)
                              /opt/devkitpro/libctru/lib/libctru.a(gfx.o) (linearAlloc)
/opt/devkitpro/libctru/lib/libctru.a(mem_pool.o)
                              /opt/devkitpro/libctru/lib/libctru.a(vram.o) (MemPool::Allocate(MemChunk&, unsigned long, int))
/opt/devkitpro/libctru/lib/libctru.a(synchronization.o)
                              /opt/devkitpro/libctru/lib/libctru.a(initSystem.o) (__sync_init)
/opt/devkitpro/libctru/lib/libctru.a(os.o)
                              /opt/devkitpro/libctru/lib/libctru.a(allocateHeaps.o) (osGetMemRegionUsed)
/opt/devkitpro/libctru/lib/libctru.a(srv.o)
                              /opt/devkitpro/libctru/lib/libctru.a(gspgpu.o) (srvGetServiceHandle)
/opt/devkitpro/libctru/lib/libctru.a(thread.o)
                              /opt/devkitpro/libctru/lib/libctru.a(gspgpu.o) (threadCreate)
/opt/devkitpro/libctru/lib/libctru.a(irrst.o)
                              /opt/devkitpro/libctru/lib/libctru.a(hid.o) (irrstScanInput)
/opt/devkitpro/libctru/lib/libctru.a(ptmsysm.o)
                              /opt/devkitpro/libctru/lib/libctru.a(os.o) (ptmSysmInit)
/opt/devkitpro/libctru/lib/libctru.a(rbtree_init.o)
                              /opt/devkitpro/libctru/lib/libctru.a(vram.o) (rbtree_init)
/opt/devkitpro/libctru/lib/libctru.a(rbtree_insert.o)
                              /opt/devkitpro/libctru/lib/libctru.a(vram.o) (rbtree_insert)
/opt/devkitpro/libctru/lib/libctru.a(rbtree_rotate.o)
                              /opt/devkitpro/libctru/lib/libctru.a(rbtree_insert.o) (rbtree_rotate)
/opt/devkitpro/libctru/lib/libctru.a(rbtree_remove.o)
                              /opt/devkitpro/libctru/lib/libctru.a(vram.o) (rbtree_remove)
/opt/devkitpro/libctru/lib/libctru.a(rbtree_find.o)
                              /opt/devkitpro/libctru/lib/libctru.a(vram.o) (rbtree_find)
/opt/devkitpro/libctru/lib/libctru.a(appInit.o)
                              /opt/devkitpro/libctru/lib/libctru.a(stack_adjust.o) (__appInit)
/opt/devkitpro/libctru/lib/libctru.a(appExit.o)
                              /opt/devkitpro/libctru/lib/libctru.a(stack_adjust.o) (__appExit)
/opt/devkitpro/libctru/lib/libctru.a(ctru_exit.o)
                              /opt/devkitpro/libctru/lib/libctru.a(stack_adjust.o) (__libctru_exit)
/opt/devkitpro/libctru/lib/libctru.a(env.o)
                              /opt/devkitpro/libctru/lib/libctru.a(srv.o) (envGetHandle)
/opt/devkitpro/libctru/lib/libctru.a(sdmc_dev.o)
                              /opt/devkitpro/libctru/lib/libctru.a(appInit.o) (sdmcInit)
/opt/devkitpro/libctru/lib/libctru.a(fs.o)
                              /opt/devkitpro/libctru/lib/libctru.a(appInit.o) (fsInit)
/opt/devkitpro/libctru/lib/libctru.a(rbtree_iterator.o)
                              /opt/devkitpro/libctru/lib/libctru.a(rbtree_remove.o) (rbtree_node_next)
/opt/devkitpro/libctru/lib/libctru.a(utf8_to_utf16.o)
                              /opt/devkitpro/libctru/lib/libctru.a(sdmc_dev.o) (utf8_to_utf16)
/opt/devkitpro/libctru/lib/libctru.a(decode_utf8.o)
[...]
Memory Configuration

Name             Origin             Length             Attributes
*default*        0x0000000000000000 0xffffffffffffffff

Linker script and memory map

                0x0000000000100000                . = 0x100000
                0x0000000000100000                __start__ = .

.text           0x0000000000100000     0x9330
 *(.crt0)
 .crt0          0x0000000000100000       0x94 /opt/devkitpro/devkitARM/lib/gcc/arm-none-eabi/5.3.0/../../../../arm-none-eabi/lib/armv6k/fpu/3dsx_crt0.o
                0x0000000000100000                _start
                0x0000000000100008                __service_ptr
                0x000000000010000c                __apt_appid
                0x0000000000100010                __heap_size
                0x0000000000100014                __linear_heap_size
                0x0000000000100018                __system_arglist
                0x000000000010001c                __system_runflags
 *(.init)
 .init          0x0000000000100094        0xc /opt/devkitpro/devkitARM/lib/gcc/arm-none-eabi/5.3.0/armv6k/fpu/crti.o
                0x0000000000100094                _init
 .init          0x00000000001000a0        0xc /opt/devkitpro/devkitARM/lib/gcc/arm-none-eabi/5.3.0/armv6k/fpu/crtn.o
                0x00000000001000ac                . = ALIGN (0x4)
 *(.text)
 .text          0x00000000001000ac      0x108 /opt/devkitpro/devkitARM/lib/gcc/arm-none-eabi/5.3.0/armv6k/fpu/crtbegin.o
 .text          0x00000000001001b4       0x64 /opt/devkitpro/libctru/lib/libctru.a(stack_adjust.o)
                0x00000000001001b4                initSystem
                0x00000000001001f8                __ctru_exit
 .text          0x0000000000100218        0x4 /opt/devkitpro/devkitARM/lib/gcc/arm-none-eabi/5.3.0/armv6k/fpu/libgcc.a(_dvmd_tls.o)
                0x0000000000100218                __aeabi_ldiv0
                0x0000000000100218                __aeabi_idiv0
 .text          0x000000000010021c      0x1c4 /opt/devkitpro/devkitARM/lib/gcc/arm-none-eabi/5.3.0/../../../../arm-none-eabi/lib/armv6k/fpu/libsysbase.a(iosupport.o)
                0x0000000000100224                setDefaultDevice
                0x000000000010023c                FindDevice
                0x00000000001002f8                RemoveDevice
                0x0000000000100324                AddDevice
                0x00000000001003bc                GetDeviceOpTab
 .text          0x00000000001003e0       0x70 /opt/devkitpro/devkitARM/lib/gcc/arm-none-eabi/5.3.0/../../../../arm-none-eabi/lib/armv6k/fpu/libsysbase.a(sbrk.o)
                0x00000000001003e0                _sbrk_r
 .text          0x0000000000100450      0x3b0 /opt/devkitpro/devkitARM/lib/gcc/arm-none-eabi/5.3.0/../../../../arm-none-eabi/lib/armv6k/fpu/libsysbase.a(chdir.o)
                0x0000000000100450                _concatenate_path
                0x000000000010060c                chdir
                0x0000000000100760                getcwd
 .text          0x0000000000100800      0x108 /opt/devkitpro/devkitARM/lib/gcc/arm-none-eabi/5.3.0/../../../../arm-none-eabi/lib/armv6k/fpu/libsysbase.a(syscall_support.o)
                0x0000000000100800                __libc_lock_init
                0x0000000000100818                __libc_lock_acquire
                0x0000000000100830                __libc_lock_try_acquire
                0x0000000000100854                __libc_lock_release
                0x000000000010086c                __libc_lock_close
                0x0000000000100884                __libc_lock_init_recursive
                0x000000000010089c                __libc_lock_acquire_recursive
                0x00000000001008b4                __libc_lock_try_acquire_recursive
                0x00000000001008d8                __libc_lock_release_recursive
                0x00000000001008f0                __libc_lock_close_recursive
 .text          0x0000000000100908       0x28 /opt/devkitpro/devkitARM/lib/gcc/arm-none-eabi/5.3.0/../../../../arm-none-eabi/lib/armv6k/fpu/libsysbase.a(getreent.o)
                0x0000000000100908                __getreent
 .text          0x0000000000100930      0x20c /opt/devkitpro/devkitARM/lib/gcc/arm-none-eabi/5.3.0/armv6k/fpu/libgcc.a(_udivsi3.o)
                0x0000000000100930                __udivsi3
                0x0000000000100930                __aeabi_uidiv
                0x0000000000100b1c                __aeabi_uidivmod
 *fill*         0x0000000000100b3c        0x4 
 .text          0x0000000000100b40      0x3a0 /opt/devkitpro/devkitARM/lib/gcc/arm-none-eabi/5.3.0/../../../../arm-none-eabi/lib/armv6k/fpu/libg.a(lib_a-strcmp.o)
                0x0000000000100b48                strcmp
 *(.text.*)
 .text.startup.main
                0x0000000000100ee0       0xc8 main.o
                0x0000000000100ee0                main
 .text.gfxSetFramebufferInfo.part.0
                0x0000000000100fa8       0x8c /opt/devkitpro/libctru/lib/libctru.a(gfx.o)
 .text.gfxSet3D
                0x0000000000101034       0x10 /opt/devkitpro/libctru/lib/libctru.a(gfx.o)
                0x0000000000101034                gfxSet3D
 .text.gfxSetFramebufferInfo
                0x0000000000101044       0x70 /opt/devkitpro/libctru/lib/libctru.a(gfx.o)
                0x0000000000101044                gfxSetFramebufferInfo
 .text.gfxWriteFramebufferInfo
                0x00000000001010b4       0x88 /opt/devkitpro/libctru/lib/libctru.a(gfx.o)
                0x00000000001010b4                gfxWriteFramebufferInfo
 .text.gfxInit  0x000000000010113c      0x1d0 /opt/devkitpro/libctru/lib/libctru.a(gfx.o)
                0x000000000010113c                gfxInit
 .text.gfxInitDefault
                0x000000000010130c       0x10 /opt/devkitpro/libctru/lib/libctru.a(gfx.o)
                0x000000000010130c                gfxInitDefault
 .text.gfxExit  0x000000000010131c       0xe0 /opt/devkitpro/libctru/lib/libctru.a(gfx.o)
                0x000000000010131c                gfxExit
 .text.gfxGetFramebuffer
                0x00000000001013fc       0xb0 /opt/devkitpro/libctru/lib/libctru.a(gfx.o)
                0x00000000001013fc                gfxGetFramebuffer
 .text.gfxFlushBuffers
                0x00000000001014ac       0xcc /opt/devkitpro/libctru/lib/libctru.a(gfx.o)
                0x00000000001014ac                gfxFlushBuffers
 .text.gfxConfigScreen
                0x0000000000101578       0x70 /opt/devkitpro/libctru/lib/libctru.a(gfx.o)
                0x0000000000101578                gfxConfigScreen
 .text.gfxSwapBuffers
                0x00000000001015e8       0x20 /opt/devkitpro/libctru/lib/libctru.a(gfx.o)
                0x00000000001015e8                gfxSwapBuffers
 .text.gspEventThreadMain
                0x0000000000101608      0x124 /opt/devkitpro/libctru/lib/libctru.a(gspgpu.o)
 .text.gspInit  0x000000000010172c       0x74 /opt/devkitpro/libctru/lib/libctru.a(gspgpu.o)
                0x000000000010172c                gspInit
 .text.gspExit  0x00000000001017a0       0x3c /opt/devkitpro/libctru/lib/libctru.a(gspgpu.o)
                0x00000000001017a0                gspExit
 .text.gspInitEventHandler
                0x00000000001017dc       0xd0 /opt/devkitpro/libctru/lib/libctru.a(gspgpu.o)
                0x00000000001017dc                gspInitEventHandler
 .text.gspExitEventHandler
                0x00000000001018ac       0x5c /opt/devkitpro/libctru/lib/libctru.a(gspgpu.o)
                0x00000000001018ac                gspExitEventHandler
 .text.gspWaitForEvent
                0x0000000000101908       0x58 /opt/devkitpro/libctru/lib/libctru.a(gspgpu.o)
                0x0000000000101908                gspWaitForEvent
 .text.GSPGPU_SetBufferSwap
                0x0000000000101960       0x6c /opt/devkitpro/libctru/lib/libctru.a(gspgpu.o)
                0x0000000000101960                GSPGPU_SetBufferSwap
 .text.GSPGPU_FlushDataCache
                0x00000000001019cc       0x4c /opt/devkitpro/libctru/lib/libctru.a(gspgpu.o)
                0x00000000001019cc                GSPGPU_FlushDataCache
 .text.GSPGPU_SetLcdForceBlack
                0x0000000000101a18       0x34 /opt/devkitpro/libctru/lib/libctru.a(gspgpu.o)
                0x0000000000101a18                GSPGPU_SetLcdForceBlack
 .text.GSPGPU_RegisterInterruptRelayQueue
                0x0000000000101a4c       0x64 /opt/devkitpro/libctru/lib/libctru.a(gspgpu.o)
                0x0000000000101a4c                GSPGPU_RegisterInterruptRelayQueue
 .text.GSPGPU_UnregisterInterruptRelayQueue
                0x0000000000101ab0       0x2c /opt/devkitpro/libctru/lib/libctru.a(gspgpu.o)
                0x0000000000101ab0                GSPGPU_UnregisterInterruptRelayQueue
 .text.GSPGPU_AcquireRight
                0x0000000000101adc       0x48 /opt/devkitpro/libctru/lib/libctru.a(gspgpu.o)
                0x0000000000101adc                GSPGPU_AcquireRight
 .text.GSPGPU_ReleaseRight
                0x0000000000101b24       0x2c /opt/devkitpro/libctru/lib/libctru.a(gspgpu.o)
                0x0000000000101b24                GSPGPU_ReleaseRight
 .text.GSPGPU_ImportDisplayCaptureInfo
                0x0000000000101b50       0x80 /opt/devkitpro/libctru/lib/libctru.a(gspgpu.o)
                0x0000000000101b50                GSPGPU_ImportDisplayCaptureInfo
 .text.GSPGPU_SaveVramSysArea
                0x0000000000101bd0       0x2c /opt/devkitpro/libctru/lib/libctru.a(gspgpu.o)
                0x0000000000101bd0                GSPGPU_SaveVramSysArea
 .text.GSPGPU_RestoreVramSysArea
                0x0000000000101bfc       0x2c /opt/devkitpro/libctru/lib/libctru.a(gspgpu.o)
                0x0000000000101bfc                GSPGPU_RestoreVramSysArea
 .text.hidExit  0x0000000000101c28       0xd8 /opt/devkitpro/libctru/lib/libctru.a(hid.o)
                0x0000000000101c28                hidExit
 .text.hidScanInput
                0x0000000000101d00      0x238 /opt/devkitpro/libctru/lib/libctru.a(hid.o)
                0x0000000000101d00                hidScanInput
 .text.hidKeysDown
                0x0000000000101f38       0x10 /opt/devkitpro/libctru/lib/libctru.a(hid.o)
                0x0000000000101f38                hidKeysDown
 .text.HIDUSER_GetHandles
                0x0000000000101f48       0x90 /opt/devkitpro/libctru/lib/libctru.a(hid.o)
                0x0000000000101f48                HIDUSER_GetHandles
 .text.hidInit  0x0000000000101fd8      0x184 /opt/devkitpro/libctru/lib/libctru.a(hid.o)
                0x0000000000101fd8                hidInit
 .text.__apt_initservicehandle
                0x000000000010215c       0x68 /opt/devkitpro/libctru/lib/libctru.a(apt.o)
 .text._aptDebug
                0x00000000001021c4        0x4 /opt/devkitpro/libctru/lib/libctru.a(apt.o)
                0x00000000001021c4                _aptDebug
 .text.aptInitCaptureInfo
                0x00000000001021c8       0x98 /opt/devkitpro/libctru/lib/libctru.a(apt.o)
                0x00000000001021c8                aptInitCaptureInfo
 .text.aptWaitStatusEvent
                0x0000000000102260       0x28 /opt/devkitpro/libctru/lib/libctru.a(apt.o)
                0x0000000000102260                aptWaitStatusEvent
 .text.aptGetMenuAppID
                0x0000000000102288       0x60 /opt/devkitpro/libctru/lib/libctru.a(apt.o)
                0x0000000000102288                aptGetMenuAppID
 .text.aptSetStatus
                0x00000000001022e8       0x6c /opt/devkitpro/libctru/lib/libctru.a(apt.o)
                0x00000000001022e8                aptSetStatus
 .text.APT_GetLockHandle
                0x0000000000102354       0x48 /opt/devkitpro/libctru/lib/libctru.a(apt.o)
                0x0000000000102354                APT_GetLockHandle
 .text.APT_Initialize
                0x000000000010239c       0x60 /opt/devkitpro/libctru/lib/libctru.a(apt.o)
                0x000000000010239c                APT_Initialize
 .text.APT_Finalize
                0x00000000001023fc       0x34 /opt/devkitpro/libctru/lib/libctru.a(apt.o)
                0x00000000001023fc                APT_Finalize
 .text.APT_InquireNotification
                0x0000000000102430       0x48 /opt/devkitpro/libctru/lib/libctru.a(apt.o)
                0x0000000000102430                APT_InquireNotification
 .text.APT_PrepareToJumpToHomeMenu
                0x0000000000102478       0x2c /opt/devkitpro/libctru/lib/libctru.a(apt.o)
                0x0000000000102478                APT_PrepareToJumpToHomeMenu
 .text.APT_JumpToHomeMenu
                0x00000000001024a4       0x50 /opt/devkitpro/libctru/lib/libctru.a(apt.o)
                0x00000000001024a4                APT_JumpToHomeMenu
 .text.APT_PrepareToJumpToApplication
                0x00000000001024f4       0x34 /opt/devkitpro/libctru/lib/libctru.a(apt.o)
                0x00000000001024f4                APT_PrepareToJumpToApplication
 .text.APT_JumpToApplication
                0x0000000000102528       0x50 /opt/devkitpro/libctru/lib/libctru.a(apt.o)
                0x0000000000102528                APT_JumpToApplication
 .text.APT_NotifyToWait
                0x0000000000102578       0x34 /opt/devkitpro/libctru/lib/libctru.a(apt.o)
                0x0000000000102578                APT_NotifyToWait
 .text.APT_AppletUtility
                0x00000000001025ac       0x8c /opt/devkitpro/libctru/lib/libctru.a(apt.o)
                0x00000000001025ac                APT_AppletUtility
 .text.aptAppletUtility_Exit_RetToApp
                0x0000000000102638      0x188 /opt/devkitpro/libctru/lib/libctru.a(apt.o)
                0x0000000000102638                aptAppletUtility_Exit_RetToApp
 .text.aptAppletClosed
                0x00000000001027c0       0x3c /opt/devkitpro/libctru/lib/libctru.a(apt.o)
                0x00000000001027c0                aptAppletClosed
 .text.aptAppStarted
                0x00000000001027fc      0x114 /opt/devkitpro/libctru/lib/libctru.a(apt.o)
 .text.aptInit  0x0000000000102910      0x298 /opt/devkitpro/libctru/lib/libctru.a(apt.o)
                0x0000000000102910                aptInit
 .text.APT_ReceiveParameter
                0x0000000000102ba8       0x6c /opt/devkitpro/libctru/lib/libctru.a(apt.o)
                0x0000000000102ba8                APT_ReceiveParameter
 .text.APT_SendParameter
                0x0000000000102c14       0x64 /opt/devkitpro/libctru/lib/libctru.a(apt.o)
                0x0000000000102c14                APT_SendParameter
 .text.APT_SendCaptureBufferInfo
                0x0000000000102c78       0x44 /opt/devkitpro/libctru/lib/libctru.a(apt.o)
                0x0000000000102c78                APT_SendCaptureBufferInfo
 .text.aptReturnToMenu
                0x0000000000102cbc      0x264 /opt/devkitpro/libctru/lib/libctru.a(apt.o)
                0x0000000000102cbc                aptReturnToMenu
 .text.APT_ReplySleepQuery
                0x0000000000102f20       0x38 /opt/devkitpro/libctru/lib/libctru.a(apt.o)
                0x0000000000102f20                APT_ReplySleepQuery
 .text.APT_ReplySleepNotificationComplete
                0x0000000000102f58       0x34 /opt/devkitpro/libctru/lib/libctru.a(apt.o)
                0x0000000000102f58                APT_ReplySleepNotificationComplete
 .text.aptEventHandler
                0x0000000000102f8c      0x3f4 /opt/devkitpro/libctru/lib/libctru.a(apt.o)
                0x0000000000102f8c                aptEventHandler
 .text.APT_PrepareToCloseApplication
                0x0000000000103380       0x34 /opt/devkitpro/libctru/lib/libctru.a(apt.o)
                0x0000000000103380                APT_PrepareToCloseApplication
 .text.APT_CloseApplication
                0x00000000001033b4       0x50 /opt/devkitpro/libctru/lib/libctru.a(apt.o)
                0x00000000001033b4                APT_CloseApplication
 .text.aptExit  0x0000000000103404      0x2d0 /opt/devkitpro/libctru/lib/libctru.a(apt.o)
                0x0000000000103404                aptExit
 .text.APT_CheckNew3DS_System
                0x00000000001036d4       0x6c /opt/devkitpro/libctru/lib/libctru.a(apt.o)
                0x00000000001036d4                APT_CheckNew3DS_System
 .text.APT_CheckNew3DS
                0x0000000000103740       0x8c /opt/devkitpro/libctru/lib/libctru.a(apt.o)
                0x0000000000103740                APT_CheckNew3DS
 .text.APT_StartLibraryApplet
                0x00000000001037cc       0x54 /opt/devkitpro/libctru/lib/libctru.a(apt.o)
                0x00000000001037cc                APT_StartLibraryApplet
 .text.aptAppletStarted
                0x0000000000103820      0x174 /opt/devkitpro/libctru/lib/libctru.a(apt.o)
                0x0000000000103820                aptAppletStarted
 .text.aptMainLoop
                0x0000000000103994      0x1a4 /opt/devkitpro/libctru/lib/libctru.a(apt.o)
                0x0000000000103994                aptMainLoop
 .text.__libctru_init
                0x0000000000103b38       0x38 /opt/devkitpro/libctru/lib/libctru.a(initSystem.o)
                0x0000000000103b38                __libctru_init
 .text.__ctru_get_reent
                0x0000000000103b70       0x30 /opt/devkitpro/libctru/lib/libctru.a(syscalls.o)
 .text.__system_initSyscalls
                0x0000000000103ba0       0xe8 /opt/devkitpro/libctru/lib/libctru.a(syscalls.o)
                0x0000000000103ba0                __system_initSyscalls
 .text.osGetMemRegionSize
                0x0000000000103c88       0x58 /opt/devkitpro/libctru/lib/libctru.a(allocateHeaps.o)
 .text.__system_allocateHeaps
                0x0000000000103ce0      0x124 /opt/devkitpro/libctru/lib/libctru.a(allocateHeaps.o)
                0x0000000000103ce0                __system_allocateHeaps
 .text.__system_initArgv
                0x0000000000103e04       0xf4 /opt/devkitpro/libctru/lib/libctru.a(initArgv.o)
                0x0000000000103e04                __system_initArgv
 .text.svcControlMemory
                0x0000000000103ef8       0x20 /opt/devkitpro/libctru/lib/libctru.a(svc.o)
                0x0000000000103ef8                svcControlMemory
 .text.svcExitProcess
                0x0000000000103f18        0x8 /opt/devkitpro/libctru/lib/libctru.a(svc.o)
                0x0000000000103f18                svcExitProcess
 .text.svcCreateThread
                0x0000000000103f20       0x20 /opt/devkitpro/libctru/lib/libctru.a(svc.o)
                0x0000000000103f20                svcCreateThread
 .text.svcExitThread
                0x0000000000103f40        0x8 /opt/devkitpro/libctru/lib/libctru.a(svc.o)
                0x0000000000103f40                svcExitThread
 .text.svcCreateEvent
                0x0000000000103f48       0x14 /opt/devkitpro/libctru/lib/libctru.a(svc.o)
                0x0000000000103f48                svcCreateEvent
 .text.svcSignalEvent
                0x0000000000103f5c        0x8 /opt/devkitpro/libctru/lib/libctru.a(svc.o)
                0x0000000000103f5c                svcSignalEvent
 .text.svcClearEvent
                0x0000000000103f64        0x8 /opt/devkitpro/libctru/lib/libctru.a(svc.o)
                0x0000000000103f64                svcClearEvent
 .text.svcMapMemoryBlock
                0x0000000000103f6c        0x8 /opt/devkitpro/libctru/lib/libctru.a(svc.o)
                0x0000000000103f6c                svcMapMemoryBlock
 .text.svcUnmapMemoryBlock
                0x0000000000103f74        0x8 /opt/devkitpro/libctru/lib/libctru.a(svc.o)
                0x0000000000103f74                svcUnmapMemoryBlock
 .text.svcCreateAddressArbiter
                0x0000000000103f7c       0x14 /opt/devkitpro/libctru/lib/libctru.a(svc.o)
                0x0000000000103f7c                svcCreateAddressArbiter
 .text.svcArbitrateAddress
                0x0000000000103f90       0x18 /opt/devkitpro/libctru/lib/libctru.a(svc.o)
                0x0000000000103f90                svcArbitrateAddress
 .text.svcCloseHandle
                0x0000000000103fa8        0x8 /opt/devkitpro/libctru/lib/libctru.a(svc.o)
                0x0000000000103fa8                svcCloseHandle
 .text.svcWaitSynchronization
                0x0000000000103fb0        0x8 /opt/devkitpro/libctru/lib/libctru.a(svc.o)
                0x0000000000103fb0                svcWaitSynchronization
 .text.svcWaitSynchronizationN
                0x0000000000103fb8       0x28 /opt/devkitpro/libctru/lib/libctru.a(svc.o)
                0x0000000000103fb8                svcWaitSynchronizationN
 .text.svcDuplicateHandle
                0x0000000000103fe0       0x14 /opt/devkitpro/libctru/lib/libctru.a(svc.o)
                0x0000000000103fe0                svcDuplicateHandle
 .text.svcGetSystemTick
                0x0000000000103ff4        0x8 /opt/devkitpro/libctru/lib/libctru.a(svc.o)
                0x0000000000103ff4                svcGetSystemTick
 .text.svcGetSystemInfo
                0x0000000000103ffc       0x18 /opt/devkitpro/libctru/lib/libctru.a(svc.o)
                0x0000000000103ffc                svcGetSystemInfo
 .text.svcConnectToPort
                0x0000000000104014       0x14 /opt/devkitpro/libctru/lib/libctru.a(svc.o)
                0x0000000000104014                svcConnectToPort
 .text.svcSendSyncRequest
                0x0000000000104028        0x8 /opt/devkitpro/libctru/lib/libctru.a(svc.o)
                0x0000000000104028                svcSendSyncRequest
 .text.svcBreak
                0x0000000000104030        0x8 /opt/devkitpro/libctru/lib/libctru.a(svc.o)
                0x0000000000104030                svcBreak
 .text._ZL21addrMapNodeComparatorPK11rbtree_nodeS1_
                0x0000000000104038       0x24 /opt/devkitpro/libctru/lib/libctru.a(vram.o)
 .text._ZL21addrMapNodeDestructorP11rbtree_node
                0x000000000010405c        0x4 /opt/devkitpro/libctru/lib/libctru.a(vram.o)
 .text.vramMemAlign
                0x0000000000104060      0x130 /opt/devkitpro/libctru/lib/libctru.a(vram.o)
                0x0000000000104060                vramMemAlign
 .text.vramAlloc
                0x0000000000104190        0x8 /opt/devkitpro/libctru/lib/libctru.a(vram.o)
                0x0000000000104190                vramAlloc
 .text.vramFree
                0x0000000000104198       0x50 /opt/devkitpro/libctru/lib/libctru.a(vram.o)
                0x0000000000104198                vramFree
 .text._ZL21addrMapNodeComparatorPK11rbtree_nodeS1_
                0x00000000001041e8       0x24 /opt/devkitpro/libctru/lib/libctru.a(mappable.o)
 .text._ZL21addrMapNodeDestructorP11rbtree_node
                0x000000000010420c        0x4 /opt/devkitpro/libctru/lib/libctru.a(mappable.o)
 .text.mappableAlloc
                0x0000000000104210       0xf4 /opt/devkitpro/libctru/lib/libctru.a(mappable.o)
                0x0000000000104210                mappableAlloc
 .text.mappableFree
                0x0000000000104304       0x50 /opt/devkitpro/libctru/lib/libctru.a(mappable.o)
                0x0000000000104304                mappableFree
 .text._ZL21addrMapNodeComparatorPK11rbtree_nodeS1_
                0x0000000000104354       0x24 /opt/devkitpro/libctru/lib/libctru.a(linear.o)
 .text._ZL21addrMapNodeDestructorP11rbtree_node
                0x0000000000104378        0x4 /opt/devkitpro/libctru/lib/libctru.a(linear.o)
 .text.linearMemAlign
                0x000000000010437c      0x140 /opt/devkitpro/libctru/lib/libctru.a(linear.o)
                0x000000000010437c                linearMemAlign
 .text.linearAlloc
                0x00000000001044bc        0x8 /opt/devkitpro/libctru/lib/libctru.a(linear.o)
                0x00000000001044bc                linearAlloc
 .text.linearFree
                0x00000000001044c4       0x50 /opt/devkitpro/libctru/lib/libctru.a(linear.o)
                0x00000000001044c4                linearFree
 .text._ZN7MemPool13CoalesceRightEP8MemBlock
                0x0000000000104514       0xa0 /opt/devkitpro/libctru/lib/libctru.a(mem_pool.o)
                0x0000000000104514                MemPool::CoalesceRight(MemBlock*)
 .text._ZN7MemPool8AllocateER8MemChunkmi
                0x00000000001045b4      0x18c /opt/devkitpro/libctru/lib/libctru.a(mem_pool.o)
                0x00000000001045b4                MemPool::Allocate(MemChunk&, unsigned long, int)
 .text._ZN7MemPool10DeallocateERK8MemChunk
                0x0000000000104740      0x104 /opt/devkitpro/libctru/lib/libctru.a(mem_pool.o)
                0x0000000000104740                MemPool::Deallocate(MemChunk const&)
 .text.LightLock_Unlock.part.1
                0x0000000000104844       0x34 /opt/devkitpro/libctru/lib/libctru.a(synchronization.o)
 .text.__sync_init
                0x0000000000104878        0xc /opt/devkitpro/libctru/lib/libctru.a(synchronization.o)
                0x0000000000104878                __sync_init
 .text.__sync_fini
                0x0000000000104884       0x18 /opt/devkitpro/libctru/lib/libctru.a(synchronization.o)
                0x0000000000104884                __sync_fini
 .text.LightLock_Init
                0x000000000010489c       0x18 /opt/devkitpro/libctru/lib/libctru.a(synchronization.o)
                0x000000000010489c                LightLock_Init
 .text.LightLock_Lock
                0x00000000001048b4       0x94 /opt/devkitpro/libctru/lib/libctru.a(synchronization.o)
                0x00000000001048b4                LightLock_Lock
 .text.LightLock_TryLock
                0x0000000000104948       0x34 /opt/devkitpro/libctru/lib/libctru.a(synchronization.o)
                0x0000000000104948                LightLock_TryLock
 .text.LightLock_Unlock
                0x000000000010497c       0x20 /opt/devkitpro/libctru/lib/libctru.a(synchronization.o)
                0x000000000010497c                LightLock_Unlock
 .text.RecursiveLock_Init
                0x000000000010499c       0x24 /opt/devkitpro/libctru/lib/libctru.a(synchronization.o)
                0x000000000010499c                RecursiveLock_Init
 .text.RecursiveLock_Lock
                0x00000000001049c0       0x30 /opt/devkitpro/libctru/lib/libctru.a(synchronization.o)
                0x00000000001049c0                RecursiveLock_Lock
 .text.RecursiveLock_TryLock
                0x00000000001049f0       0x58 /opt/devkitpro/libctru/lib/libctru.a(synchronization.o)
                0x00000000001049f0                RecursiveLock_TryLock
 .text.RecursiveLock_Unlock
                0x0000000000104a48       0x38 /opt/devkitpro/libctru/lib/libctru.a(synchronization.o)
                0x0000000000104a48                RecursiveLock_Unlock
 .text.getSysTime
                0x0000000000104a80       0x58 /opt/devkitpro/libctru/lib/libctru.a(os.o)
 .text.osGetMemRegionUsed
                0x0000000000104ad8       0x24 /opt/devkitpro/libctru/lib/libctru.a(os.o)
                0x0000000000104ad8                osGetMemRegionUsed
 *fill*         0x0000000000104afc        0x4 
 .text.__libctru_gtod
                0x0000000000104b00       0xf8 /opt/devkitpro/libctru/lib/libctru.a(os.o)
                0x0000000000104b00                __libctru_gtod
 .text.__ctru_speedup_config
                0x0000000000104bf8       0x34 /opt/devkitpro/libctru/lib/libctru.a(os.o)
                0x0000000000104bf8                __ctru_speedup_config
 .text.srvExit  0x0000000000104c2c       0x50 /opt/devkitpro/libctru/lib/libctru.a(srv.o)
                0x0000000000104c2c                srvExit
 .text.srvRegisterClient
                0x0000000000104c7c       0x38 /opt/devkitpro/libctru/lib/libctru.a(srv.o)
                0x0000000000104c7c                srvRegisterClient
 .text.srvInit  0x0000000000104cb4       0x70 /opt/devkitpro/libctru/lib/libctru.a(srv.o)
                0x0000000000104cb4                srvInit
 .text.srvGetServiceHandleDirect
                0x0000000000104d24       0x68 /opt/devkitpro/libctru/lib/libctru.a(srv.o)
                0x0000000000104d24                srvGetServiceHandleDirect
 .text.srvGetServiceHandle
                0x0000000000104d8c       0x38 /opt/devkitpro/libctru/lib/libctru.a(srv.o)
                0x0000000000104d8c                srvGetServiceHandle
 .text.threadCreate
                0x0000000000104dc4      0x1c8 /opt/devkitpro/libctru/lib/libctru.a(thread.o)
                0x0000000000104dc4                threadCreate
 .text.threadJoin
                0x0000000000104f8c       0x24 /opt/devkitpro/libctru/lib/libctru.a(thread.o)
                0x0000000000104f8c                threadJoin
 .text.threadExit
                0x0000000000104fb0       0x6c /opt/devkitpro/libctru/lib/libctru.a(thread.o)
                0x0000000000104fb0                threadExit
 .text._thread_begin
                0x000000000010501c       0x3c /opt/devkitpro/libctru/lib/libctru.a(thread.o)
 .text.irrstScanInput
                0x0000000000105058       0xb0 /opt/devkitpro/libctru/lib/libctru.a(irrst.o)
                0x0000000000105058                irrstScanInput
 .text.irrstKeysHeld
                0x0000000000105108       0x1c /opt/devkitpro/libctru/lib/libctru.a(irrst.o)
                0x0000000000105108                irrstKeysHeld
 .text.IRRST_GetHandles
                0x0000000000105124       0x50 /opt/devkitpro/libctru/lib/libctru.a(irrst.o)
                0x0000000000105124                IRRST_GetHandles
 .text.irrstInit
                0x0000000000105174      0x148 /opt/devkitpro/libctru/lib/libctru.a(irrst.o)
                0x0000000000105174                irrstInit
 .text.IRRST_Shutdown
                0x00000000001052bc       0x2c /opt/devkitpro/libctru/lib/libctru.a(irrst.o)
                0x00000000001052bc                IRRST_Shutdown
 .text.irrstExit
                0x00000000001052e8       0xb0 /opt/devkitpro/libctru/lib/libctru.a(irrst.o)
                0x00000000001052e8                irrstExit
 .text.ptmSysmInit
                0x0000000000105398       0x70 /opt/devkitpro/libctru/lib/libctru.a(ptmsysm.o)
                0x0000000000105398                ptmSysmInit
 .text.ptmSysmExit
                0x0000000000105408       0x34 /opt/devkitpro/libctru/lib/libctru.a(ptmsysm.o)
                0x0000000000105408                ptmSysmExit
 .text.PTMSYSM_ConfigureNew3DSCPU
                0x000000000010543c       0x34 /opt/devkitpro/libctru/lib/libctru.a(ptmsysm.o)
                0x000000000010543c                PTMSYSM_ConfigureNew3DSCPU
 .text.rbtree_init
                0x0000000000105470       0x14 /opt/devkitpro/libctru/lib/libctru.a(rbtree_init.o)
                0x0000000000105470                rbtree_init
 .text.do_insert
                0x0000000000105484      0x1d4 /opt/devkitpro/libctru/lib/libctru.a(rbtree_insert.o)
 .text.rbtree_insert
                0x0000000000105658        0x8 /opt/devkitpro/libctru/lib/libctru.a(rbtree_insert.o)
                0x0000000000105658                rbtree_insert
 .text.rbtree_rotate
                0x0000000000105660       0xac /opt/devkitpro/libctru/lib/libctru.a(rbtree_rotate.o)
                0x0000000000105660                rbtree_rotate
 .text.rbtree_remove
                0x000000000010570c      0x35c /opt/devkitpro/libctru/lib/libctru.a(rbtree_remove.o)
                0x000000000010570c                rbtree_remove
 .text.rbtree_find
                0x0000000000105a68       0x70 /opt/devkitpro/libctru/lib/libctru.a(rbtree_find.o)
                0x0000000000105a68                rbtree_find
 .text.__appInit
                0x0000000000105ad8       0x1c /opt/devkitpro/libctru/lib/libctru.a(appInit.o)
                0x0000000000105ad8                __appInit
 .text.__appExit
                0x0000000000105af4       0x1c /opt/devkitpro/libctru/lib/libctru.a(appExit.o)
                0x0000000000105af4                __appExit
 .text.__libctru_exit
                0x0000000000105b10       0xa4 /opt/devkitpro/libctru/lib/libctru.a(ctru_exit.o)
                0x0000000000105b10                __libctru_exit
 .text.envGetHandle
                0x0000000000105bb4       0x94 /opt/devkitpro/libctru/lib/libctru.a(env.o)
                0x0000000000105bb4                envGetHandle
 .text.envDestroyHandles
                0x0000000000105c48       0x4c /opt/devkitpro/libctru/lib/libctru.a(env.o)
                0x0000000000105c48                envDestroyHandles
 .text.sdmc_link
                0x0000000000105c94       0x10 /opt/devkitpro/libctru/lib/libctru.a(sdmc_dev.o)
 .text.sdmc_dirreset
                0x0000000000105ca4       0x10 /opt/devkitpro/libctru/lib/libctru.a(sdmc_dev.o)
 .text.sdmc_chmod
                0x0000000000105cb4       0x10 /opt/devkitpro/libctru/lib/libctru.a(sdmc_dev.o)
 .text.sdmc_fchmod
                0x0000000000105cc4       0x10 /opt/devkitpro/libctru/lib/libctru.a(sdmc_dev.o)
 .text.error_cmp
                0x0000000000105cd4       0x24 /opt/devkitpro/libctru/lib/libctru.a(sdmc_dev.o)
 .text.sdmc_translate_error
                0x0000000000105cf8       0x50 /opt/devkitpro/libctru/lib/libctru.a(sdmc_dev.o)
 .text.sdmc_fsync
                0x0000000000105d48       0x34 /opt/devkitpro/libctru/lib/libctru.a(sdmc_dev.o)
 .text.sdmc_ftruncate
                0x0000000000105d7c       0x54 /opt/devkitpro/libctru/lib/libctru.a(sdmc_dev.o)
 .text.sdmc_statvfs
                0x0000000000105dd0       0xac /opt/devkitpro/libctru/lib/libctru.a(sdmc_dev.o)
 .text.sdmc_dirclose
                0x0000000000105e7c       0x38 /opt/devkitpro/libctru/lib/libctru.a(sdmc_dev.o)
 .text.sdmc_dirnext
                0x0000000000105eb4       0xe0 /opt/devkitpro/libctru/lib/libctru.a(sdmc_dev.o)
 .text.sdmc_close
                0x0000000000105f94       0x34 /opt/devkitpro/libctru/lib/libctru.a(sdmc_dev.o)
 .text.sdmc_fstat
                0x0000000000105fc8       0x74 /opt/devkitpro/libctru/lib/libctru.a(sdmc_dev.o)
 .text.sdmc_seek
                0x000000000010603c       0xc0 /opt/devkitpro/libctru/lib/libctru.a(sdmc_dev.o)
 .text.sdmc_read
                0x00000000001060fc       0x8c /opt/devkitpro/libctru/lib/libctru.a(sdmc_dev.o)
 .text.sdmc_write_safe
                0x0000000000106188      0x110 /opt/devkitpro/libctru/lib/libctru.a(sdmc_dev.o)
 .text.sdmc_utf16path
                0x0000000000106298      0x1b4 /opt/devkitpro/libctru/lib/libctru.a(sdmc_dev.o)
 .text.sdmc_rmdir
                0x000000000010644c       0x80 /opt/devkitpro/libctru/lib/libctru.a(sdmc_dev.o)
 .text.sdmc_diropen
                0x00000000001064cc       0x9c /opt/devkitpro/libctru/lib/libctru.a(sdmc_dev.o)
 .text.sdmc_chdir
                0x0000000000106568       0xa8 /opt/devkitpro/libctru/lib/libctru.a(sdmc_dev.o)
 .text.sdmc_mkdir
                0x0000000000106610       0xa4 /opt/devkitpro/libctru/lib/libctru.a(sdmc_dev.o)
 .text.sdmc_rename
                0x00000000001066b4      0x138 /opt/devkitpro/libctru/lib/libctru.a(sdmc_dev.o)
 .text.sdmc_unlink
                0x00000000001067ec       0x80 /opt/devkitpro/libctru/lib/libctru.a(sdmc_dev.o)
 .text.sdmc_stat
                0x000000000010686c      0x120 /opt/devkitpro/libctru/lib/libctru.a(sdmc_dev.o)
 .text.sdmc_open
                0x000000000010698c      0x1ac /opt/devkitpro/libctru/lib/libctru.a(sdmc_dev.o)
 .text.sdmcInit
                0x0000000000106b38      0x134 /opt/devkitpro/libctru/lib/libctru.a(sdmc_dev.o)
                0x0000000000106b38                sdmcInit
 .text.sdmcExit
                0x0000000000106c6c       0x50 /opt/devkitpro/libctru/lib/libctru.a(sdmc_dev.o)
                0x0000000000106c6c                sdmcExit
 .text.fsInit   0x0000000000106cbc       0xc8 /opt/devkitpro/libctru/lib/libctru.a(fs.o)
                0x0000000000106cbc                fsInit
 .text.fsExit   0x0000000000106d84       0x34 /opt/devkitpro/libctru/lib/libctru.a(fs.o)
                0x0000000000106d84                fsExit
 .text.FSUSER_OpenFile
                0x0000000000106db8       0xdc /opt/devkitpro/libctru/lib/libctru.a(fs.o)
                0x0000000000106db8                FSUSER_OpenFile
 .text.FSUSER_DeleteFile
                0x0000000000106e94       0xb8 /opt/devkitpro/libctru/lib/libctru.a(fs.o)
                0x0000000000106e94                FSUSER_DeleteFile
 .text.FSUSER_RenameFile
                0x0000000000106f4c       0xf4 /opt/devkitpro/libctru/lib/libctru.a(fs.o)
                0x0000000000106f4c                FSUSER_RenameFile
 .text.FSUSER_DeleteDirectory
                0x0000000000107040       0xb8 /opt/devkitpro/libctru/lib/libctru.a(fs.o)
                0x0000000000107040                FSUSER_DeleteDirectory
 .text.FSUSER_CreateFile
                0x00000000001070f8       0xd0 /opt/devkitpro/libctru/lib/libctru.a(fs.o)
                0x00000000001070f8                FSUSER_CreateFile
 .text.FSUSER_CreateDirectory
                0x00000000001071c8       0xc0 /opt/devkitpro/libctru/lib/libctru.a(fs.o)
                0x00000000001071c8                FSUSER_CreateDirectory
 .text.FSUSER_RenameDirectory
                0x0000000000107288       0xf4 /opt/devkitpro/libctru/lib/libctru.a(fs.o)
                0x0000000000107288                FSUSER_RenameDirectory
 .text.FSUSER_OpenDirectory
                0x000000000010737c       0xc4 /opt/devkitpro/libctru/lib/libctru.a(fs.o)
                0x000000000010737c                FSUSER_OpenDirectory
 .text.FSUSER_OpenArchive
                0x0000000000107440       0xbc /opt/devkitpro/libctru/lib/libctru.a(fs.o)
                0x0000000000107440                FSUSER_OpenArchive
 .text.FSUSER_CloseArchive
                0x00000000001074fc       0x88 /opt/devkitpro/libctru/lib/libctru.a(fs.o)
                0x00000000001074fc                FSUSER_CloseArchive
 .text.FSUSER_GetSdmcArchiveResource
                0x0000000000107584       0x8c /opt/devkitpro/libctru/lib/libctru.a(fs.o)
                0x0000000000107584                FSUSER_GetSdmcArchiveResource
 .text.FSUSER_IsSdmcWritable
                0x0000000000107610       0x64 /opt/devkitpro/libctru/lib/libctru.a(fs.o)
                0x0000000000107610                FSUSER_IsSdmcWritable
 .text.FSFILE_Read
                0x0000000000107674       0x5c /opt/devkitpro/libctru/lib/libctru.a(fs.o)
                0x0000000000107674                FSFILE_Read
 .text.FSFILE_Write
                0x00000000001076d0       0x64 /opt/devkitpro/libctru/lib/libctru.a(fs.o)
                0x00000000001076d0                FSFILE_Write
 .text.FSFILE_GetSize
                0x0000000000107734       0x3c /opt/devkitpro/libctru/lib/libctru.a(fs.o)
                0x0000000000107734                FSFILE_GetSize
 .text.FSFILE_SetSize
                0x0000000000107770       0x2c /opt/devkitpro/libctru/lib/libctru.a(fs.o)
                0x0000000000107770                FSFILE_SetSize
 .text.FSFILE_Close
                0x000000000010779c       0x3c /opt/devkitpro/libctru/lib/libctru.a(fs.o)
                0x000000000010779c                FSFILE_Close
 .text.FSFILE_Flush
                0x00000000001077d8       0x24 /opt/devkitpro/libctru/lib/libctru.a(fs.o)
                0x00000000001077d8                FSFILE_Flush
 .text.FSDIR_Read
                0x00000000001077fc       0x54 /opt/devkitpro/libctru/lib/libctru.a(fs.o)
                0x00000000001077fc                FSDIR_Read
 .text.FSDIR_Close
                0x0000000000107850       0x3c /opt/devkitpro/libctru/lib/libctru.a(fs.o)
                0x0000000000107850                FSDIR_Close
 .text.rbtree_node_next
                0x000000000010788c       0x8c /opt/devkitpro/libctru/lib/libctru.a(rbtree_iterator.o)
                0x000000000010788c                rbtree_node_next
 .text.utf8_to_utf16
                0x0000000000107918       0xbc /opt/devkitpro/libctru/lib/libctru.a(utf8_to_utf16.o)
                0x0000000000107918                utf8_to_utf16
 .text.decode_utf8
                0x00000000001079d4      0x138 /opt/devkitpro/libctru/lib/libctru.a(decode_utf8.o)
                0x00000000001079d4                decode_utf8
 .text.utf16_to_utf8
                0x0000000000107b0c       0xe4 /opt/devkitpro/libctru/lib/libctru.a(utf16_to_utf8.o)
                0x0000000000107b0c                utf16_to_utf8
 .text.__aeabi_read_tp
                0x0000000000107bf0        0xc /opt/devkitpro/libctru/lib/libctru.a(readtp.o)
                0x0000000000107bf0                __aeabi_read_tp
 .text.encode_utf16
                0x0000000000107bfc       0x68 /opt/devkitpro/libctru/lib/libctru.a(encode_utf16.o)
                0x0000000000107bfc                encode_utf16
 .text.encode_utf8
                0x0000000000107c64      0x104 /opt/devkitpro/libctru/lib/libctru.a(encode_utf8.o)
                0x0000000000107c64                encode_utf8
 .text.decode_utf16
                0x0000000000107d68       0x60 /opt/devkitpro/libctru/lib/libctru.a(decode_utf16.o)
                0x0000000000107d68                decode_utf16
 .text.bsearch  0x0000000000107dc8       0x78 /opt/devkitpro/devkitARM/lib/gcc/arm-none-eabi/5.3.0/../../../../arm-none-eabi/lib/armv6k/fpu/libg.a(lib_a-bsearch.o)
                0x0000000000107dc8                bsearch
 .text.__libc_fini_array
                0x0000000000107e40       0x3c /opt/devkitpro/devkitARM/lib/gcc/arm-none-eabi/5.3.0/../../../../arm-none-eabi/lib/armv6k/fpu/libg.a(lib_a-fini.o)
                0x0000000000107e40                __libc_fini_array
 .text.__libc_init_array
                0x0000000000107e7c       0x78 /opt/devkitpro/devkitARM/lib/gcc/arm-none-eabi/5.3.0/../../../../arm-none-eabi/lib/armv6k/fpu/libg.a(lib_a-init.o)
                0x0000000000107e7c                __libc_init_array
 .text.memalign
                0x0000000000107ef4       0x20 /opt/devkitpro/devkitARM/lib/gcc/arm-none-eabi/5.3.0/../../../../arm-none-eabi/lib/armv6k/fpu/libg.a(lib_a-malign.o)
                0x0000000000107ef4                memalign
 .text._memalign_r
                0x0000000000107f14      0x15c /opt/devkitpro/devkitARM/lib/gcc/arm-none-eabi/5.3.0/../../../../arm-none-eabi/lib/armv6k/fpu/libg.a(lib_a-malignr.o)
                0x0000000000107f14                _memalign_r
 .text.malloc   0x0000000000108070       0x18 /opt/devkitpro/devkitARM/lib/gcc/arm-none-eabi/5.3.0/../../../../arm-none-eabi/lib/armv6k/fpu/libg.a(lib_a-malloc.o)
                0x0000000000108070                malloc
 .text.free     0x0000000000108088       0x18 /opt/devkitpro/devkitARM/lib/gcc/arm-none-eabi/5.3.0/../../../../arm-none-eabi/lib/armv6k/fpu/libg.a(lib_a-malloc.o)
                0x0000000000108088                free
 .text._malloc_r
                0x00000000001080a0      0x7a8 /opt/devkitpro/devkitARM/lib/gcc/arm-none-eabi/5.3.0/../../../../arm-none-eabi/lib/armv6k/fpu/libg.a(lib_a-mallocr.o)
                0x00000000001080a0                _malloc_r
 .text.memcpy   0x0000000000108848       0xf0 /opt/devkitpro/devkitARM/lib/gcc/arm-none-eabi/5.3.0/../../../../arm-none-eabi/lib/armv6k/fpu/libg.a(lib_a-memcpy.o)
                0x0000000000108848                memcpy
 .text.memset   0x0000000000108938       0xf4 /opt/devkitpro/devkitARM/lib/gcc/arm-none-eabi/5.3.0/../../../../arm-none-eabi/lib/armv6k/fpu/libg.a(lib_a-memset.o)
                0x0000000000108938                memset
 .text.__malloc_lock
                0x0000000000108a2c        0xc /opt/devkitpro/devkitARM/lib/gcc/arm-none-eabi/5.3.0/../../../../arm-none-eabi/lib/armv6k/fpu/libg.a(lib_a-mlock.o)
                0x0000000000108a2c                __malloc_lock
 .text.__malloc_unlock
                0x0000000000108a38        0xc /opt/devkitpro/devkitARM/lib/gcc/arm-none-eabi/5.3.0/../../../../arm-none-eabi/lib/armv6k/fpu/libg.a(lib_a-mlock.o)
                0x0000000000108a38                __malloc_unlock
 .text.strlen   0x0000000000108a44       0x5c /opt/devkitpro/devkitARM/lib/gcc/arm-none-eabi/5.3.0/../../../../arm-none-eabi/lib/armv6k/fpu/libg.a(lib_a-strlen.o)
                0x0000000000108a44                strlen
 .text.strncat  0x0000000000108aa0       0xa4 /opt/devkitpro/devkitARM/lib/gcc/arm-none-eabi/5.3.0/../../../../arm-none-eabi/lib/armv6k/fpu/libg.a(lib_a-strncat.o)
                0x0000000000108aa0                strncat
 .text.strncpy  0x0000000000108b44       0xe0 /opt/devkitpro/devkitARM/lib/gcc/arm-none-eabi/5.3.0/../../../../arm-none-eabi/lib/armv6k/fpu/libg.a(lib_a-strncpy.o)
                0x0000000000108b44                strncpy
 .text._malloc_trim_r
                0x0000000000108c24       0xf8 /opt/devkitpro/devkitARM/lib/gcc/arm-none-eabi/5.3.0/../../../../arm-none-eabi/lib/armv6k/fpu/libg.a(lib_a-freer.o)
                0x0000000000108c24                _malloc_trim_r
 .text._free_r  0x0000000000108d1c      0x2e4 /opt/devkitpro/devkitARM/lib/gcc/arm-none-eabi/5.3.0/../../../../arm-none-eabi/lib/armv6k/fpu/libg.a(lib_a-freer.o)
                0x0000000000108d1c                _free_r
 .text.strchr   0x0000000000109000      0x15c /opt/devkitpro/devkitARM/lib/gcc/arm-none-eabi/5.3.0/../../../../arm-none-eabi/lib/armv6k/fpu/libg.a(lib_a-strchr.o)
                0x0000000000109000                strchr
 .text.strncmp  0x000000000010915c      0x11c /opt/devkitpro/devkitARM/lib/gcc/arm-none-eabi/5.3.0/../../../../arm-none-eabi/lib/armv6k/fpu/libg.a(lib_a-strncmp.o)
                0x000000000010915c                strncmp
 .text.strnlen  0x0000000000109278       0x5c /opt/devkitpro/devkitARM/lib/gcc/arm-none-eabi/5.3.0/../../../../arm-none-eabi/lib/armv6k/fpu/libg.a(lib_a-strnlen.o)
                0x0000000000109278                strnlen
 .text.strrchr  0x00000000001092d4       0x44 /opt/devkitpro/devkitARM/lib/gcc/arm-none-eabi/5.3.0/../../../../arm-none-eabi/lib/armv6k/fpu/libg.a(lib_a-strrchr.o)
                0x00000000001092d4                strrchr
 *(.glue_7)
 .glue_7        0x0000000000109318        0x0 linker stubs
 *(.glue_7t)
 .glue_7t       0x0000000000109318        0x0 linker stubs
 *(.stub)
 *(.gnu.warning)
 *(.gnu.linkonce.t*)
                0x0000000000109318                . = ALIGN (0x4)
 *(.fini)
 .fini          0x0000000000109318        0xc /opt/devkitpro/devkitARM/lib/gcc/arm-none-eabi/5.3.0/armv6k/fpu/crti.o
                0x0000000000109318                _fini
 .fini          0x0000000000109324        0xc /opt/devkitpro/devkitARM/lib/gcc/arm-none-eabi/5.3.0/armv6k/fpu/crtn.o
                0x0000000000109330                . = ALIGN (0x4)

.vfp11_veneer   0x0000000000109330        0x0
 .vfp11_veneer  0x0000000000109330        0x0 linker stubs

.v4_bx          0x0000000000109330        0x0
 .v4_bx         0x0000000000109330        0x0 linker stubs

.iplt           0x0000000000109330        0x0
 .iplt          0x0000000000109330        0x0 /opt/devkitpro/devkitARM/lib/gcc/arm-none-eabi/5.3.0/../../../../arm-none-eabi/lib/armv6k/fpu/3dsx_crt0.o

.rodata         0x000000000010a000      0x24c
 *(.rodata)
 .rodata        0x000000000010a000       0x1c /opt/devkitpro/libctru/lib/libctru.a(gfx.o)
 .rodata        0x000000000010a01c        0xc /opt/devkitpro/libctru/lib/libctru.a(apt.o)
 .rodata        0x000000000010a028       0x30 /opt/devkitpro/libctru/lib/libctru.a(sdmc_dev.o)
 .rodata        0x000000000010a058       0x68 /opt/devkitpro/devkitARM/lib/gcc/arm-none-eabi/5.3.0/../../../../arm-none-eabi/lib/armv6k/fpu/libsysbase.a(iosupport.o)
                0x000000000010a058                dotab_stdnull
 .rodata        0x000000000010a0c0        0xc /opt/devkitpro/devkitARM/lib/gcc/arm-none-eabi/5.3.0/../../../../arm-none-eabi/lib/armv6k/fpu/libsysbase.a(chdir.o)
                0x000000000010a0c0                DIRECTORY_PARENT
                0x000000000010a0c4                DIRECTORY_THIS
                0x000000000010a0c8                DIRECTORY_SEPARATOR
 *(.roda)
 *(.rodata.*)
 .rodata.str1.4
                0x000000000010a0cc        0x9 /opt/devkitpro/libctru/lib/libctru.a(gspgpu.o)
                                          0xc (size before relaxing)
 *fill*         0x000000000010a0d5        0x3 
 .rodata.str1.4
                0x000000000010a0d8       0x15 /opt/devkitpro/libctru/lib/libctru.a(hid.o)
                                         0x18 (size before relaxing)
 *fill*         0x000000000010a0ed        0x3 
 .rodata.str1.4
                0x000000000010a0f0       0x16 /opt/devkitpro/libctru/lib/libctru.a(apt.o)
                                         0x18 (size before relaxing)
 *fill*         0x000000000010a106        0x2 
 .rodata.str1.4
                0x000000000010a108        0x5 /opt/devkitpro/libctru/lib/libctru.a(srv.o)
                                          0x8 (size before relaxing)
 *fill*         0x000000000010a10d        0x3 
 .rodata.str1.4
                0x000000000010a110        0x2 /opt/devkitpro/libctru/lib/libctru.a(thread.o)
                                          0x4 (size before relaxing)
 *fill*         0x000000000010a112        0x2 
 .rodata.str1.4
                0x000000000010a114        0x7 /opt/devkitpro/libctru/lib/libctru.a(irrst.o)
                                          0x8 (size before relaxing)
 *fill*         0x000000000010a11b        0x1 
 .rodata.str1.4
                0x000000000010a11c        0x9 /opt/devkitpro/libctru/lib/libctru.a(ptmsysm.o)
                                          0xc (size before relaxing)
 *fill*         0x000000000010a125        0x3 
 .rodata.str1.4
                0x000000000010a128        0xd /opt/devkitpro/libctru/lib/libctru.a(sdmc_dev.o)
                                         0x14 (size before relaxing)
 *fill*         0x000000000010a135        0x3 
 .rodata.str1.4
                0x000000000010a138        0x8 /opt/devkitpro/libctru/lib/libctru.a(fs.o)
                                          0xc (size before relaxing)
 .rodata.str1.4
                0x000000000010a140        0x4 /opt/devkitpro/devkitARM/lib/gcc/arm-none-eabi/5.3.0/../../../../arm-none-eabi/lib/armv6k/fpu/libg.a(lib_a-impure.o)
 .rodata.str1.4
                0x000000000010a140        0x8 /opt/devkitpro/devkitARM/lib/gcc/arm-none-eabi/5.3.0/../../../../arm-none-eabi/lib/armv6k/fpu/libsysbase.a(iosupport.o)
 .rodata._ctype_
                0x000000000010a148      0x104 /opt/devkitpro/devkitARM/lib/gcc/arm-none-eabi/5.3.0/../../../../arm-none-eabi/lib/armv6k/fpu/libg.a(lib_a-ctype_.o)
                0x000000000010a148                _ctype_
 *all.rodata*(*)
 *(.gnu.linkonce.r*)
                0x000000000010a24c                . = ALIGN (0x4)

.eh_frame       0x000000000010a24c        0x0
 .eh_frame      0x000000000010a24c        0x0 /opt/devkitpro/devkitARM/lib/gcc/arm-none-eabi/5.3.0/armv6k/fpu/crtbegin.o

.rel.dyn        0x000000000010a24c        0x0
 .rel.iplt      0x000000000010a24c        0x0 /opt/devkitpro/devkitARM/lib/gcc/arm-none-eabi/5.3.0/../../../../arm-none-eabi/lib/armv6k/fpu/3dsx_crt0.o

.ARM.extab
 *(.ARM.extab* .gnu.linkonce.armextab.*)
                0x000000000010a24c                __exidx_start = .

ARM.exidx
 *(.ARM.exidx* .gnu.linkonce.armexidx.*)
                0x000000000010a24c                __exidx_end = .

.data           0x000000000010b000     0x1d44
 *(.data)
 .data          0x000000000010b000        0xc /opt/devkitpro/libctru/lib/libctru.a(gfx.o)
 .data          0x000000000010b00c        0x4 /opt/devkitpro/libctru/lib/libctru.a(stack_adjust.o)
                0x000000000010b00c                __stacksize__
 .data          0x000000000010b010      0x488 /opt/devkitpro/libctru/lib/libctru.a(sdmc_dev.o)
 .data          0x000000000010b498       0x44 /opt/devkitpro/devkitARM/lib/gcc/arm-none-eabi/5.3.0/../../../../arm-none-eabi/lib/armv6k/fpu/libsysbase.a(iosupport.o)
                0x000000000010b49c                devoptab_list
 .data          0x000000000010b4dc     0x1000 /opt/devkitpro/devkitARM/lib/gcc/arm-none-eabi/5.3.0/../../../../arm-none-eabi/lib/armv6k/fpu/libsysbase.a(chdir.o)
 *(.data.*)
 *fill*         0x000000000010c4dc        0x4 
 .data.impure_data
                0x000000000010c4e0      0x440 /opt/devkitpro/devkitARM/lib/gcc/arm-none-eabi/5.3.0/../../../../arm-none-eabi/lib/armv6k/fpu/libg.a(lib_a-impure.o)
 .data._impure_ptr
                0x000000000010c920        0x4 /opt/devkitpro/devkitARM/lib/gcc/arm-none-eabi/5.3.0/../../../../arm-none-eabi/lib/armv6k/fpu/libg.a(lib_a-impure.o)
                0x000000000010c920                _impure_ptr
 .data.__malloc_av_
                0x000000000010c924      0x408 /opt/devkitpro/devkitARM/lib/gcc/arm-none-eabi/5.3.0/../../../../arm-none-eabi/lib/armv6k/fpu/libg.a(lib_a-mallocr.o)
                0x000000000010c924                __malloc_av_
 .data.__malloc_trim_threshold
                0x000000000010cd2c        0x4 /opt/devkitpro/devkitARM/lib/gcc/arm-none-eabi/5.3.0/../../../../arm-none-eabi/lib/armv6k/fpu/libg.a(lib_a-mallocr.o)
                0x000000000010cd2c                __malloc_trim_threshold
 .data.__malloc_sbrk_base
                0x000000000010cd30        0x4 /opt/devkitpro/devkitARM/lib/gcc/arm-none-eabi/5.3.0/../../../../arm-none-eabi/lib/armv6k/fpu/libg.a(lib_a-mallocr.o)
                0x000000000010cd30                __malloc_sbrk_base
 .data.__malloc_lock_object
                0x000000000010cd34        0xc /opt/devkitpro/devkitARM/lib/gcc/arm-none-eabi/5.3.0/../../../../arm-none-eabi/lib/armv6k/fpu/libg.a(lib_a-mlock.o)
 .data.__ctype_ptr__
                0x000000000010cd40        0x4 /opt/devkitpro/devkitARM/lib/gcc/arm-none-eabi/5.3.0/../../../../arm-none-eabi/lib/armv6k/fpu/libg.a(lib_a-ctype_.o)
                0x000000000010cd40                __ctype_ptr__
 *(.gnu.linkonce.d*)
                0x000000000010cd44                . = ALIGN (0x4)

.igot.plt       0x000000000010cd44        0x0
 .igot.plt      0x000000000010cd44        0x0 /opt/devkitpro/devkitARM/lib/gcc/arm-none-eabi/5.3.0/../../../../arm-none-eabi/lib/armv6k/fpu/3dsx_crt0.o

.jcr            0x000000000010cd44        0x0
 .jcr           0x000000000010cd44        0x0 /opt/devkitpro/devkitARM/lib/gcc/arm-none-eabi/5.3.0/armv6k/fpu/crtbegin.o

.tm_clone_table
                0x000000000010cd44        0x0
 .tm_clone_table
                0x000000000010cd44        0x0 /opt/devkitpro/devkitARM/lib/gcc/arm-none-eabi/5.3.0/armv6k/fpu/crtbegin.o
 .tm_clone_table
                0x000000000010cd44        0x0 /opt/devkitpro/devkitARM/lib/gcc/arm-none-eabi/5.3.0/armv6k/fpu/crtend.o
                0x000000000010cd44                __TMC_END__

.tdata          0x000000000010cd44        0x0
                0x000000000010cd44                __tdata_lma = .
 *(.tdata)
 *(.tdata.*)
 *(.gnu.linkonce.td.*)
                0x000000000010cd44                . = ALIGN (0x4)
                0x000000000010cd44                __tdata_lma_end = .

.tbss           0x000000000010cd44     0x340c
 *(.tbss)
 .tbss          0x000000000010cd44     0x340c /opt/devkitpro/libctru/lib/libctru.a(sdmc_dev.o)
 *(.tbss.*)
 *(.gnu.linkonce.tb.*)
 *(.tcommon)
                0x0000000000110150                . = ALIGN (0x4)

.preinit_array  0x000000000010cd44        0x0
                0x000000000010cd44                PROVIDE (__preinit_array_start, .)
 *(.preinit_array)
                0x000000000010cd44                PROVIDE (__preinit_array_end, .)

.init_array     0x000000000010cd44        0x4
                0x000000000010cd44                PROVIDE (__init_array_start, .)
 *(SORT(.init_array.*))
 *(.init_array)
 .init_array    0x000000000010cd44        0x4 /opt/devkitpro/devkitARM/lib/gcc/arm-none-eabi/5.3.0/armv6k/fpu/crtbegin.o
                0x000000000010cd48                PROVIDE (__init_array_end, .)

.fini_array     0x000000000010cd48        0x4
                0x000000000010cd48                PROVIDE (__fini_array_start, .)
 *(.fini_array)
 .fini_array    0x000000000010cd48        0x4 /opt/devkitpro/devkitARM/lib/gcc/arm-none-eabi/5.3.0/armv6k/fpu/crtbegin.o
 *(SORT(.fini_array.*))
                0x000000000010cd4c                PROVIDE (__fini_array_end, .)

.ctors
 *crtbegin.o(.ctors)
 *(EXCLUDE_FILE(*crtend.o) .ctors)
 *(SORT(.ctors.*))
 *(.ctors)

.dtors
 *crtbegin.o(.dtors)
 *(EXCLUDE_FILE(*crtend.o) .dtors)
 *(SORT(.dtors.*))
 *(.dtors)
                0x000000000010cd4c                __bss_start__ = .

.bss            0x000000000010cd4c     0x570c
 *(.dynbss)
 *(.bss)
 .bss           0x000000000010cd4c       0x1c /opt/devkitpro/devkitARM/lib/gcc/arm-none-eabi/5.3.0/armv6k/fpu/crtbegin.o
 .bss           0x000000000010cd68        0xc /opt/devkitpro/libctru/lib/libctru.a(gfx.o)
 .bss           0x000000000010cd74        0xc /opt/devkitpro/libctru/lib/libctru.a(gspgpu.o)
 .bss           0x000000000010cd80       0x2c /opt/devkitpro/libctru/lib/libctru.a(hid.o)
 .bss           0x000000000010cdac       0x54 /opt/devkitpro/libctru/lib/libctru.a(apt.o)
                0x000000000010cdbc                aptStatus
                0x000000000010cde8                aptStatusBeforeSleep
 .bss           0x000000000010ce00        0x8 /opt/devkitpro/libctru/lib/libctru.a(stack_adjust.o)
 .bss           0x000000000010ce08       0x14 /opt/devkitpro/libctru/lib/libctru.a(vram.o)
 .bss           0x000000000010ce1c       0x14 /opt/devkitpro/libctru/lib/libctru.a(mappable.o)
 .bss           0x000000000010ce30       0x14 /opt/devkitpro/libctru/lib/libctru.a(linear.o)
 .bss           0x000000000010ce44        0x4 /opt/devkitpro/libctru/lib/libctru.a(synchronization.o)
 .bss           0x000000000010ce48        0x1 /opt/devkitpro/libctru/lib/libctru.a(os.o)
                0x000000000010ce48                __ctru_speedup
 *fill*         0x000000000010ce49        0x3 
 .bss           0x000000000010ce4c        0x8 /opt/devkitpro/libctru/lib/libctru.a(srv.o)
 .bss           0x000000000010ce54        0xc /opt/devkitpro/libctru/lib/libctru.a(irrst.o)
 .bss           0x000000000010ce60        0x8 /opt/devkitpro/libctru/lib/libctru.a(ptmsysm.o)
 .bss           0x000000000010ce68        0x1 /opt/devkitpro/libctru/lib/libctru.a(sdmc_dev.o)
 *fill*         0x000000000010ce69        0x3 
 .bss           0x000000000010ce6c        0x8 /opt/devkitpro/libctru/lib/libctru.a(fs.o)
 .bss           0x000000000010ce74        0x4 /opt/devkitpro/devkitARM/lib/gcc/arm-none-eabi/5.3.0/../../../../arm-none-eabi/lib/armv6k/fpu/libsysbase.a(sbrk.o)
 .bss           0x000000000010ce78        0x8 /opt/devkitpro/devkitARM/lib/gcc/arm-none-eabi/5.3.0/../../../../arm-none-eabi/lib/armv6k/fpu/libsysbase.a(malloc_vars.o)
                0x000000000010ce78                fake_heap_start
                0x000000000010ce7c                fake_heap_end
 .bss           0x000000000010ce80     0x1000 /opt/devkitpro/devkitARM/lib/gcc/arm-none-eabi/5.3.0/../../../../arm-none-eabi/lib/armv6k/fpu/libsysbase.a(chdir.o)
 .bss           0x000000000010de80       0x38 /opt/devkitpro/devkitARM/lib/gcc/arm-none-eabi/5.3.0/../../../../arm-none-eabi/lib/armv6k/fpu/libsysbase.a(syscall_support.o)
                0x000000000010de80                __syscalls
 *(.bss.*)
 .bss.__malloc_max_total_mem
                0x000000000010deb8        0x4 /opt/devkitpro/devkitARM/lib/gcc/arm-none-eabi/5.3.0/../../../../arm-none-eabi/lib/armv6k/fpu/libg.a(lib_a-mallocr.o)
                0x000000000010deb8                __malloc_max_total_mem
 .bss.__malloc_max_sbrked_mem
                0x000000000010debc        0x4 /opt/devkitpro/devkitARM/lib/gcc/arm-none-eabi/5.3.0/../../../../arm-none-eabi/lib/armv6k/fpu/libg.a(lib_a-mallocr.o)
                0x000000000010debc                __malloc_max_sbrked_mem
 .bss.__malloc_top_pad
                0x000000000010dec0        0x4 /opt/devkitpro/devkitARM/lib/gcc/arm-none-eabi/5.3.0/../../../../arm-none-eabi/lib/armv6k/fpu/libg.a(lib_a-mallocr.o)
                0x000000000010dec0                __malloc_top_pad
 .bss.__malloc_current_mallinfo
                0x000000000010dec4       0x28 /opt/devkitpro/devkitARM/lib/gcc/arm-none-eabi/5.3.0/../../../../arm-none-eabi/lib/armv6k/fpu/libg.a(lib_a-mallocr.o)
                0x000000000010dec4                __malloc_current_mallinfo
 *(.gnu.linkonce.b*)
 *(COMMON)
 COMMON         0x000000000010deec       0x60 /opt/devkitpro/libctru/lib/libctru.a(gfx.o)
                0x000000000010deec                gfxBottomFramebuffers
                0x000000000010def4                gspSharedMemHandle
                0x000000000010def8                bottomFramebufferInfo
                0x000000000010df14                gspEvent
                0x000000000010df18                gfxTopLeftFramebuffers
                0x000000000010df20                gfxTopRightFramebuffers
                0x000000000010df28                topFramebufferInfo
                0x000000000010df44                gfxThreadID
                0x000000000010df48                gfxSharedMemory
 COMMON         0x000000000010df4c        0x4 /opt/devkitpro/libctru/lib/libctru.a(gx.o)
                0x000000000010df4c                gxCmdBuf
 COMMON         0x000000000010df50       0x84 /opt/devkitpro/libctru/lib/libctru.a(gspgpu.o)
                0x000000000010df50                gspEventCbOneShot
                0x000000000010df58                gspEventCb
                0x000000000010df74                gspGpuHandle
                0x000000000010df78                gspEventThread
                0x000000000010df7c                gspEventCounts
                0x000000000010df98                gspEvents
                0x000000000010dfb4                gspRunEvents
                0x000000000010dfb8                gspEventCbData
 COMMON         0x000000000010dfd4       0x20 /opt/devkitpro/libctru/lib/libctru.a(hid.o)
                0x000000000010dfd4                hidMemHandle
                0x000000000010dfd8                hidHandle
                0x000000000010dfdc                hidSharedMem
                0x000000000010dfe0                hidEvents
 COMMON         0x000000000010dff4     0x102a /opt/devkitpro/libctru/lib/libctru.a(apt.o)
                0x000000000010dff4                aptEventHandlerThread
                0x000000000010dff8                aptSleepSync
                0x000000000010dffc                aptParameters
                0x000000000010effc                aptuHandle
                0x000000000010f000                aptEvents
                0x000000000010f00c                aptStatusEvent
                0x000000000010f010                aptStatusPower
                0x000000000010f014                aptStatusMutex
                0x000000000010f018                aptLockHandle
                0x000000000010f01c                currentAppId
 *fill*         0x000000000010f01e        0x2 
 COMMON         0x000000000010f020        0x4 /opt/devkitpro/libctru/lib/libctru.a(initSystem.o)
                0x000000000010f020                __system_retAddr
 COMMON         0x000000000010f024       0x10 /opt/devkitpro/libctru/lib/libctru.a(allocateHeaps.o)
                0x000000000010f024                __ctru_heap_size
                0x000000000010f028                __ctru_linear_heap
                0x000000000010f02c                __ctru_heap
                0x000000000010f030                __ctru_linear_heap_size
 COMMON         0x000000000010f034        0x8 /opt/devkitpro/libctru/lib/libctru.a(initArgv.o)
                0x000000000010f034                __system_argv
                0x000000000010f038                __system_argc
 COMMON         0x000000000010f03c       0x10 /opt/devkitpro/libctru/lib/libctru.a(irrst.o)
                0x000000000010f03c                irrstHandle
                0x000000000010f040                irrstEvent
                0x000000000010f044                irrstMemHandle
                0x000000000010f048                irrstSharedMem
                0x000000000010f04c                . = ALIGN (0x4)
                0x000000000010f04c                __tls_start = .
                0x0000000000112458                . = (. + (SIZEOF (.tdata) + SIZEOF (.tbss)))
 *fill*         0x000000000010f04c     0x340c 
                0x0000000000112458                __tls_end = .
                0x0000000000112458                __bss_end__ = .
                0x0000000000112458                __end__ = ABSOLUTE (.)

/DISCARD/
 *(.group .comment .note)

.stab
 *(.stab)

.stabstr
 *(.stabstr)

.stab.excl
 *(.stab.excl)

.stab.exclstr
 *(.stab.exclstr)

.stab.index
 *(.stab.index)

.stab.indexstr
 *(.stab.indexstr)

.debug
 *(.debug)

.line
 *(.line)

.debug_srcinfo
 *(.debug_srcinfo)

.debug_sfnames
 *(.debug_sfnames)

.debug_aranges  0x0000000000000000     0x11f8
 *(.debug_aranges)
 .debug_aranges
                0x0000000000000000       0x20 main.o
 .debug_aranges
                0x0000000000000020       0x98 /opt/devkitpro/libctru/lib/libctru.a(gfx.o)
 .debug_aranges
                0x00000000000000b8       0x48 /opt/devkitpro/libctru/lib/libctru.a(gx.o)
 .debug_aranges
                0x0000000000000100       0xd8 /opt/devkitpro/libctru/lib/libctru.a(gspgpu.o)
 .debug_aranges
                0x00000000000001d8       0xb0 /opt/devkitpro/libctru/lib/libctru.a(hid.o)
 .debug_aranges
                0x0000000000000288      0x200 /opt/devkitpro/libctru/lib/libctru.a(apt.o)
 .debug_aranges
                0x0000000000000488       0x20 /opt/devkitpro/libctru/lib/libctru.a(initSystem.o)
 .debug_aranges
                0x00000000000004a8       0x28 /opt/devkitpro/libctru/lib/libctru.a(syscalls.o)
 .debug_aranges
                0x00000000000004d0       0x28 /opt/devkitpro/libctru/lib/libctru.a(allocateHeaps.o)
 .debug_aranges
                0x00000000000004f8       0x20 /opt/devkitpro/libctru/lib/libctru.a(initArgv.o)
 .debug_aranges
                0x0000000000000518      0x250 /opt/devkitpro/libctru/lib/libctru.a(svc.o)
 .debug_aranges
                0x0000000000000768       0x20 /opt/devkitpro/libctru/lib/libctru.a(stack_adjust.o)
 .debug_aranges
                0x0000000000000788       0x50 /opt/devkitpro/libctru/lib/libctru.a(vram.o)
 .debug_aranges
                0x00000000000007d8       0x40 /opt/devkitpro/libctru/lib/libctru.a(mappable.o)
 .debug_aranges
                0x0000000000000818       0x50 /opt/devkitpro/libctru/lib/libctru.a(linear.o)
 .debug_aranges
                0x0000000000000868       0x38 /opt/devkitpro/libctru/lib/libctru.a(mem_pool.o)
 .debug_aranges
                0x00000000000008a0       0x78 /opt/devkitpro/libctru/lib/libctru.a(synchronization.o)
 .debug_aranges
                0x0000000000000918       0x68 /opt/devkitpro/libctru/lib/libctru.a(os.o)
 .debug_aranges
                0x0000000000000980       0xa8 /opt/devkitpro/libctru/lib/libctru.a(srv.o)
 .debug_aranges
                0x0000000000000a28       0x58 /opt/devkitpro/libctru/lib/libctru.a(thread.o)
 .debug_aranges
                0x0000000000000a80       0x68 /opt/devkitpro/libctru/lib/libctru.a(irrst.o)
 .debug_aranges
                0x0000000000000ae8       0x30 /opt/devkitpro/libctru/lib/libctru.a(ptmsysm.o)
 .debug_aranges
                0x0000000000000b18       0x20 /opt/devkitpro/libctru/lib/libctru.a(rbtree_init.o)
 .debug_aranges
                0x0000000000000b38       0x30 /opt/devkitpro/libctru/lib/libctru.a(rbtree_insert.o)
 .debug_aranges
                0x0000000000000b68       0x20 /opt/devkitpro/libctru/lib/libctru.a(rbtree_rotate.o)
 .debug_aranges
                0x0000000000000b88       0x20 /opt/devkitpro/libctru/lib/libctru.a(rbtree_remove.o)
 .debug_aranges
                0x0000000000000ba8       0x20 /opt/devkitpro/libctru/lib/libctru.a(rbtree_find.o)
 .debug_aranges
                0x0000000000000bc8       0x20 /opt/devkitpro/libctru/lib/libctru.a(appInit.o)
 .debug_aranges
                0x0000000000000be8       0x20 /opt/devkitpro/libctru/lib/libctru.a(appExit.o)
 .debug_aranges
                0x0000000000000c08       0x20 /opt/devkitpro/libctru/lib/libctru.a(ctru_exit.o)
 .debug_aranges
                0x0000000000000c28       0x28 /opt/devkitpro/libctru/lib/libctru.a(env.o)
 .debug_aranges
                0x0000000000000c50      0x108 /opt/devkitpro/libctru/lib/libctru.a(sdmc_dev.o)
 .debug_aranges
                0x0000000000000d58      0x398 /opt/devkitpro/libctru/lib/libctru.a(fs.o)
 .debug_aranges
                0x00000000000010f0       0x28 /opt/devkitpro/libctru/lib/libctru.a(rbtree_iterator.o)
 .debug_aranges
                0x0000000000001118       0x20 /opt/devkitpro/libctru/lib/libctru.a(utf8_to_utf16.o)
 .debug_aranges
                0x0000000000001138       0x20 /opt/devkitpro/libctru/lib/libctru.a(decode_utf8.o)
 .debug_aranges
                0x0000000000001158       0x20 /opt/devkitpro/libctru/lib/libctru.a(utf16_to_utf8.o)
 .debug_aranges
                0x0000000000001178       0x20 /opt/devkitpro/libctru/lib/libctru.a(readtp.o)
 .debug_aranges
                0x0000000000001198       0x20 /opt/devkitpro/libctru/lib/libctru.a(encode_utf16.o)
 .debug_aranges
                0x00000000000011b8       0x20 /opt/devkitpro/libctru/lib/libctru.a(encode_utf8.o)
 .debug_aranges
                0x00000000000011d8       0x20 /opt/devkitpro/libctru/lib/libctru.a(decode_utf16.o)

.debug_pubnames
 *(.debug_pubnames)

.debug_info     0x0000000000000000    0x1b233
 *(.debug_info)
 .debug_info    0x0000000000000000      0x7c8 main.o
 .debug_info    0x00000000000007c8      0xbe0 /opt/devkitpro/libctru/lib/libctru.a(gfx.o)
 .debug_info    0x00000000000013a8      0x455 /opt/devkitpro/libctru/lib/libctru.a(gx.o)
 .debug_info    0x00000000000017fd     0x134c /opt/devkitpro/libctru/lib/libctru.a(gspgpu.o)
 .debug_info    0x0000000000002b49      0xde4 /opt/devkitpro/libctru/lib/libctru.a(hid.o)
 .debug_info    0x000000000000392d     0x4be0 /opt/devkitpro/libctru/lib/libctru.a(apt.o)
 .debug_info    0x000000000000850d      0x1c0 /opt/devkitpro/libctru/lib/libctru.a(initSystem.o)
 .debug_info    0x00000000000086cd      0xd22 /opt/devkitpro/libctru/lib/libctru.a(syscalls.o)
 .debug_info    0x00000000000093ef      0x469 /opt/devkitpro/libctru/lib/libctru.a(allocateHeaps.o)
 .debug_info    0x0000000000009858      0x1d2 /opt/devkitpro/libctru/lib/libctru.a(initArgv.o)
 .debug_info    0x0000000000009a2a       0x9d /opt/devkitpro/libctru/lib/libctru.a(svc.o)
 .debug_info    0x0000000000009ac7       0xb1 /opt/devkitpro/libctru/lib/libctru.a(stack_adjust.o)
 .debug_info    0x0000000000009b78      0x8c3 /opt/devkitpro/libctru/lib/libctru.a(vram.o)
 .debug_info    0x000000000000a43b      0x834 /opt/devkitpro/libctru/lib/libctru.a(mappable.o)
 .debug_info    0x000000000000ac6f      0x8d9 /opt/devkitpro/libctru/lib/libctru.a(linear.o)
 .debug_info    0x000000000000b548      0x8a8 /opt/devkitpro/libctru/lib/libctru.a(mem_pool.o)
 .debug_info    0x000000000000bdf0      0x918 /opt/devkitpro/libctru/lib/libctru.a(synchronization.o)
 .debug_info    0x000000000000c708      0xd4e /opt/devkitpro/libctru/lib/libctru.a(os.o)
 .debug_info    0x000000000000d456      0xc9f /opt/devkitpro/libctru/lib/libctru.a(srv.o)
 .debug_info    0x000000000000e0f5     0x1017 /opt/devkitpro/libctru/lib/libctru.a(thread.o)
 .debug_info    0x000000000000f10c      0x859 /opt/devkitpro/libctru/lib/libctru.a(irrst.o)
 .debug_info    0x000000000000f965      0x29f /opt/devkitpro/libctru/lib/libctru.a(ptmsysm.o)
 .debug_info    0x000000000000fc04      0x17f /opt/devkitpro/libctru/lib/libctru.a(rbtree_init.o)
 .debug_info    0x000000000000fd83      0x5ef /opt/devkitpro/libctru/lib/libctru.a(rbtree_insert.o)
 .debug_info    0x0000000000010372      0x2b2 /opt/devkitpro/libctru/lib/libctru.a(rbtree_rotate.o)
 .debug_info    0x0000000000010624      0x7cf /opt/devkitpro/libctru/lib/libctru.a(rbtree_remove.o)
 .debug_info    0x0000000000010df3      0x1d0 /opt/devkitpro/libctru/lib/libctru.a(rbtree_find.o)
 .debug_info    0x0000000000010fc3       0xf7 /opt/devkitpro/libctru/lib/libctru.a(appInit.o)
 .debug_info    0x00000000000110ba       0xf7 /opt/devkitpro/libctru/lib/libctru.a(appExit.o)
 .debug_info    0x00000000000111b1      0x25b /opt/devkitpro/libctru/lib/libctru.a(ctru_exit.o)
 .debug_info    0x000000000001140c      0x271 /opt/devkitpro/libctru/lib/libctru.a(env.o)
 .debug_info    0x000000000001167d     0x2944 /opt/devkitpro/libctru/lib/libctru.a(sdmc_dev.o)
 .debug_info    0x0000000000013fc1     0x66fb /opt/devkitpro/libctru/lib/libctru.a(fs.o)
 .debug_info    0x000000000001a6bc      0x2ee /opt/devkitpro/libctru/lib/libctru.a(rbtree_iterator.o)
 .debug_info    0x000000000001a9aa      0x1c0 /opt/devkitpro/libctru/lib/libctru.a(utf8_to_utf16.o)
 .debug_info    0x000000000001ab6a      0x143 /opt/devkitpro/libctru/lib/libctru.a(decode_utf8.o)
 .debug_info    0x000000000001acad      0x1c0 /opt/devkitpro/libctru/lib/libctru.a(utf16_to_utf8.o)
 .debug_info    0x000000000001ae6d       0xab /opt/devkitpro/libctru/lib/libctru.a(readtp.o)
 .debug_info    0x000000000001af18       0xfc /opt/devkitpro/libctru/lib/libctru.a(encode_utf16.o)
 .debug_info    0x000000000001b014       0xfc /opt/devkitpro/libctru/lib/libctru.a(encode_utf8.o)
 .debug_info    0x000000000001b110      0x123 /opt/devkitpro/libctru/lib/libctru.a(decode_utf16.o)

.debug_abbrev   0x0000000000000000     0x4b0e
 *(.debug_abbrev)
 .debug_abbrev  0x0000000000000000      0x16d main.o
 .debug_abbrev  0x000000000000016d      0x2f4 /opt/devkitpro/libctru/lib/libctru.a(gfx.o)
 .debug_abbrev  0x0000000000000461       0xee /opt/devkitpro/libctru/lib/libctru.a(gx.o)
 .debug_abbrev  0x000000000000054f      0x3d4 /opt/devkitpro/libctru/lib/libctru.a(gspgpu.o)
 .debug_abbrev  0x0000000000000923      0x30b /opt/devkitpro/libctru/lib/libctru.a(hid.o)
 .debug_abbrev  0x0000000000000c2e      0x4e3 /opt/devkitpro/libctru/lib/libctru.a(apt.o)
 .debug_abbrev  0x0000000000001111      0x10b /opt/devkitpro/libctru/lib/libctru.a(initSystem.o)
 .debug_abbrev  0x000000000000121c      0x2b7 /opt/devkitpro/libctru/lib/libctru.a(syscalls.o)
 .debug_abbrev  0x00000000000014d3      0x1ba /opt/devkitpro/libctru/lib/libctru.a(allocateHeaps.o)
 .debug_abbrev  0x000000000000168d      0x10e /opt/devkitpro/libctru/lib/libctru.a(initArgv.o)
 .debug_abbrev  0x000000000000179b       0x12 /opt/devkitpro/libctru/lib/libctru.a(svc.o)
 .debug_abbrev  0x00000000000017ad       0x14 /opt/devkitpro/libctru/lib/libctru.a(stack_adjust.o)
 .debug_abbrev  0x00000000000017c1      0x2ce /opt/devkitpro/libctru/lib/libctru.a(vram.o)
 .debug_abbrev  0x0000000000001a8f      0x2bf /opt/devkitpro/libctru/lib/libctru.a(mappable.o)
 .debug_abbrev  0x0000000000001d4e      0x2df /opt/devkitpro/libctru/lib/libctru.a(linear.o)
 .debug_abbrev  0x000000000000202d      0x269 /opt/devkitpro/libctru/lib/libctru.a(mem_pool.o)
 .debug_abbrev  0x0000000000002296      0x2a7 /opt/devkitpro/libctru/lib/libctru.a(synchronization.o)
 .debug_abbrev  0x000000000000253d      0x2d6 /opt/devkitpro/libctru/lib/libctru.a(os.o)
 .debug_abbrev  0x0000000000002813      0x230 /opt/devkitpro/libctru/lib/libctru.a(srv.o)
 .debug_abbrev  0x0000000000002a43      0x3a9 /opt/devkitpro/libctru/lib/libctru.a(thread.o)
 .debug_abbrev  0x0000000000002dec      0x2b5 /opt/devkitpro/libctru/lib/libctru.a(irrst.o)
 .debug_abbrev  0x00000000000030a1      0x1a4 /opt/devkitpro/libctru/lib/libctru.a(ptmsysm.o)
 .debug_abbrev  0x0000000000003245       0xb0 /opt/devkitpro/libctru/lib/libctru.a(rbtree_init.o)
 .debug_abbrev  0x00000000000032f5      0x226 /opt/devkitpro/libctru/lib/libctru.a(rbtree_insert.o)
 .debug_abbrev  0x000000000000351b      0x172 /opt/devkitpro/libctru/lib/libctru.a(rbtree_rotate.o)
 .debug_abbrev  0x000000000000368d      0x1f2 /opt/devkitpro/libctru/lib/libctru.a(rbtree_remove.o)
 .debug_abbrev  0x000000000000387f       0xec /opt/devkitpro/libctru/lib/libctru.a(rbtree_find.o)
 .debug_abbrev  0x000000000000396b       0x6c /opt/devkitpro/libctru/lib/libctru.a(appInit.o)
 .debug_abbrev  0x00000000000039d7       0x6c /opt/devkitpro/libctru/lib/libctru.a(appExit.o)
 .debug_abbrev  0x0000000000003a43      0x11c /opt/devkitpro/libctru/lib/libctru.a(ctru_exit.o)
 .debug_abbrev  0x0000000000003b5f      0x1a2 /opt/devkitpro/libctru/lib/libctru.a(env.o)
 .debug_abbrev  0x0000000000003d01      0x425 /opt/devkitpro/libctru/lib/libctru.a(sdmc_dev.o)
 .debug_abbrev  0x0000000000004126      0x4b7 /opt/devkitpro/libctru/lib/libctru.a(fs.o)
 .debug_abbrev  0x00000000000045dd      0x176 /opt/devkitpro/libctru/lib/libctru.a(rbtree_iterator.o)
 .debug_abbrev  0x0000000000004753       0xe4 /opt/devkitpro/libctru/lib/libctru.a(utf8_to_utf16.o)
 .debug_abbrev  0x0000000000004837       0x7f /opt/devkitpro/libctru/lib/libctru.a(decode_utf8.o)
 .debug_abbrev  0x00000000000048b6       0xe4 /opt/devkitpro/libctru/lib/libctru.a(utf16_to_utf8.o)
 .debug_abbrev  0x000000000000499a       0x14 /opt/devkitpro/libctru/lib/libctru.a(readtp.o)
 .debug_abbrev  0x00000000000049ae       0x69 /opt/devkitpro/libctru/lib/libctru.a(encode_utf16.o)
 .debug_abbrev  0x0000000000004a17       0x69 /opt/devkitpro/libctru/lib/libctru.a(encode_utf8.o)
 .debug_abbrev  0x0000000000004a80       0x8e /opt/devkitpro/libctru/lib/libctru.a(decode_utf16.o)

.debug_line     0x0000000000000000     0x9136
 *(.debug_line)
 .debug_line    0x0000000000000000      0x1ad main.o
 .debug_line    0x00000000000001ad      0x475 /opt/devkitpro/libctru/lib/libctru.a(gfx.o)
 .debug_line    0x0000000000000622      0x262 /opt/devkitpro/libctru/lib/libctru.a(gx.o)
 .debug_line    0x0000000000000884      0x602 /opt/devkitpro/libctru/lib/libctru.a(gspgpu.o)
 .debug_line    0x0000000000000e86      0x47a /opt/devkitpro/libctru/lib/libctru.a(hid.o)
 .debug_line    0x0000000000001300     0x1061 /opt/devkitpro/libctru/lib/libctru.a(apt.o)
 .debug_line    0x0000000000002361      0x161 /opt/devkitpro/libctru/lib/libctru.a(initSystem.o)
 .debug_line    0x00000000000024c2      0x2d3 /opt/devkitpro/libctru/lib/libctru.a(syscalls.o)
 .debug_line    0x0000000000002795      0x1c6 /opt/devkitpro/libctru/lib/libctru.a(allocateHeaps.o)
 .debug_line    0x000000000000295b      0x1ac /opt/devkitpro/libctru/lib/libctru.a(initArgv.o)
 .debug_line    0x0000000000002b07      0x5a7 /opt/devkitpro/libctru/lib/libctru.a(svc.o)
 .debug_line    0x00000000000030ae       0x97 /opt/devkitpro/libctru/lib/libctru.a(stack_adjust.o)
 .debug_line    0x0000000000003145      0x2ec /opt/devkitpro/libctru/lib/libctru.a(vram.o)
 .debug_line    0x0000000000003431      0x2b1 /opt/devkitpro/libctru/lib/libctru.a(mappable.o)
 .debug_line    0x00000000000036e2      0x2ef /opt/devkitpro/libctru/lib/libctru.a(linear.o)
 .debug_line    0x00000000000039d1      0x2ea /opt/devkitpro/libctru/lib/libctru.a(mem_pool.o)
 .debug_line    0x0000000000003cbb      0x395 /opt/devkitpro/libctru/lib/libctru.a(synchronization.o)
 .debug_line    0x0000000000004050      0x337 /opt/devkitpro/libctru/lib/libctru.a(os.o)
 .debug_line    0x0000000000004387      0x3d8 /opt/devkitpro/libctru/lib/libctru.a(srv.o)
 .debug_line    0x000000000000475f      0x340 /opt/devkitpro/libctru/lib/libctru.a(thread.o)
 .debug_line    0x0000000000004a9f      0x370 /opt/devkitpro/libctru/lib/libctru.a(irrst.o)
 .debug_line    0x0000000000004e0f      0x1a5 /opt/devkitpro/libctru/lib/libctru.a(ptmsysm.o)
 .debug_line    0x0000000000004fb4      0x1a4 /opt/devkitpro/libctru/lib/libctru.a(rbtree_init.o)
 .debug_line    0x0000000000005158      0x277 /opt/devkitpro/libctru/lib/libctru.a(rbtree_insert.o)
 .debug_line    0x00000000000053cf      0x1f9 /opt/devkitpro/libctru/lib/libctru.a(rbtree_rotate.o)
 .debug_line    0x00000000000055c8      0x30a /opt/devkitpro/libctru/lib/libctru.a(rbtree_remove.o)
 .debug_line    0x00000000000058d2      0x1b6 /opt/devkitpro/libctru/lib/libctru.a(rbtree_find.o)
 .debug_line    0x0000000000005a88      0x132 /opt/devkitpro/libctru/lib/libctru.a(appInit.o)
 .debug_line    0x0000000000005bba      0x132 /opt/devkitpro/libctru/lib/libctru.a(appExit.o)
 .debug_line    0x0000000000005cec      0x16d /opt/devkitpro/libctru/lib/libctru.a(ctru_exit.o)
 .debug_line    0x0000000000005e59      0x188 /opt/devkitpro/libctru/lib/libctru.a(env.o)
 .debug_line    0x0000000000005fe1      0x7d2 /opt/devkitpro/libctru/lib/libctru.a(sdmc_dev.o)
 .debug_line    0x00000000000067b3     0x1d65 /opt/devkitpro/libctru/lib/libctru.a(fs.o)
 .debug_line    0x0000000000008518      0x1bb /opt/devkitpro/libctru/lib/libctru.a(rbtree_iterator.o)
 .debug_line    0x00000000000086d3      0x20a /opt/devkitpro/libctru/lib/libctru.a(utf8_to_utf16.o)
 .debug_line    0x00000000000088dd      0x187 /opt/devkitpro/libctru/lib/libctru.a(decode_utf8.o)
 .debug_line    0x0000000000008a64      0x210 /opt/devkitpro/libctru/lib/libctru.a(utf16_to_utf8.o)
 .debug_line    0x0000000000008c74       0x79 /opt/devkitpro/libctru/lib/libctru.a(readtp.o)
 .debug_line    0x0000000000008ced      0x164 /opt/devkitpro/libctru/lib/libctru.a(encode_utf16.o)
 .debug_line    0x0000000000008e51      0x18b /opt/devkitpro/libctru/lib/libctru.a(encode_utf8.o)
 .debug_line    0x0000000000008fdc      0x15a /opt/devkitpro/libctru/lib/libctru.a(decode_utf16.o)

.debug_frame    0x0000000000000000     0x2d18
 *(.debug_frame)
 .debug_frame   0x0000000000000000       0x30 main.o
 .debug_frame   0x0000000000000030      0x1ac /opt/devkitpro/libctru/lib/libctru.a(gfx.o)
 .debug_frame   0x00000000000001dc       0xd8 /opt/devkitpro/libctru/lib/libctru.a(gx.o)
 .debug_frame   0x00000000000002b4      0x2b4 /opt/devkitpro/libctru/lib/libctru.a(gspgpu.o)
 .debug_frame   0x0000000000000568      0x204 /opt/devkitpro/libctru/lib/libctru.a(hid.o)
 .debug_frame   0x000000000000076c      0x724 /opt/devkitpro/libctru/lib/libctru.a(apt.o)
 .debug_frame   0x0000000000000e90       0x2c /opt/devkitpro/libctru/lib/libctru.a(initSystem.o)
 .debug_frame   0x0000000000000ebc       0x4c /opt/devkitpro/libctru/lib/libctru.a(syscalls.o)
 .debug_frame   0x0000000000000f08       0x54 /opt/devkitpro/libctru/lib/libctru.a(allocateHeaps.o)
 .debug_frame   0x0000000000000f5c       0x2c /opt/devkitpro/libctru/lib/libctru.a(initArgv.o)
 .debug_frame   0x0000000000000f88       0xb4 /opt/devkitpro/libctru/lib/libctru.a(vram.o)
 .debug_frame   0x000000000000103c       0x88 /opt/devkitpro/libctru/lib/libctru.a(mappable.o)
 .debug_frame   0x00000000000010c4       0xc0 /opt/devkitpro/libctru/lib/libctru.a(linear.o)
 .debug_frame   0x0000000000001184       0xa8 /opt/devkitpro/libctru/lib/libctru.a(mem_pool.o)
 .debug_frame   0x000000000000122c       0xfc /opt/devkitpro/libctru/lib/libctru.a(synchronization.o)
 .debug_frame   0x0000000000001328      0x100 /opt/devkitpro/libctru/lib/libctru.a(os.o)
 .debug_frame   0x0000000000001428      0x1f8 /opt/devkitpro/libctru/lib/libctru.a(srv.o)
 .debug_frame   0x0000000000001620       0xdc /opt/devkitpro/libctru/lib/libctru.a(thread.o)
 .debug_frame   0x00000000000016fc      0x114 /opt/devkitpro/libctru/lib/libctru.a(irrst.o)
 .debug_frame   0x0000000000001810       0x50 /opt/devkitpro/libctru/lib/libctru.a(ptmsysm.o)
 .debug_frame   0x0000000000001860       0x20 /opt/devkitpro/libctru/lib/libctru.a(rbtree_init.o)
 .debug_frame   0x0000000000001880       0x54 /opt/devkitpro/libctru/lib/libctru.a(rbtree_insert.o)
 .debug_frame   0x00000000000018d4       0x2c /opt/devkitpro/libctru/lib/libctru.a(rbtree_rotate.o)
 .debug_frame   0x0000000000001900       0x40 /opt/devkitpro/libctru/lib/libctru.a(rbtree_remove.o)
 .debug_frame   0x0000000000001940       0x30 /opt/devkitpro/libctru/lib/libctru.a(rbtree_find.o)
 .debug_frame   0x0000000000001970       0x2c /opt/devkitpro/libctru/lib/libctru.a(appInit.o)
 .debug_frame   0x000000000000199c       0x2c /opt/devkitpro/libctru/lib/libctru.a(appExit.o)
 .debug_frame   0x00000000000019c8       0x28 /opt/devkitpro/libctru/lib/libctru.a(ctru_exit.o)
 .debug_frame   0x00000000000019f0       0x50 /opt/devkitpro/libctru/lib/libctru.a(env.o)
 .debug_frame   0x0000000000001a40      0x440 /opt/devkitpro/libctru/lib/libctru.a(sdmc_dev.o)
 .debug_frame   0x0000000000001e80      0xd58 /opt/devkitpro/libctru/lib/libctru.a(fs.o)
 .debug_frame   0x0000000000002bd8       0x30 /opt/devkitpro/libctru/lib/libctru.a(rbtree_iterator.o)
 .debug_frame   0x0000000000002c08       0x3c /opt/devkitpro/libctru/lib/libctru.a(utf8_to_utf16.o)
 .debug_frame   0x0000000000002c44       0x30 /opt/devkitpro/libctru/lib/libctru.a(decode_utf8.o)
 .debug_frame   0x0000000000002c74       0x3c /opt/devkitpro/libctru/lib/libctru.a(utf16_to_utf8.o)
 .debug_frame   0x0000000000002cb0       0x20 /opt/devkitpro/libctru/lib/libctru.a(encode_utf16.o)
 .debug_frame   0x0000000000002cd0       0x20 /opt/devkitpro/libctru/lib/libctru.a(encode_utf8.o)
 .debug_frame   0x0000000000002cf0       0x28 /opt/devkitpro/libctru/lib/libctru.a(decode_utf16.o)

.debug_str      0x0000000000000000     0x5acf
 *(.debug_str)
 .debug_str     0x0000000000000000      0x629 main.o
                                        0x69e (size before relaxing)
 .debug_str     0x0000000000000629      0x58d /opt/devkitpro/libctru/lib/libctru.a(gfx.o)
                                        0x7a8 (size before relaxing)
 .debug_str     0x0000000000000bb6      0x149 /opt/devkitpro/libctru/lib/libctru.a(gx.o)
                                        0x2da (size before relaxing)
 .debug_str     0x0000000000000cff      0x499 /opt/devkitpro/libctru/lib/libctru.a(gspgpu.o)
                                        0x8b3 (size before relaxing)
 .debug_str     0x0000000000001198      0x39a /opt/devkitpro/libctru/lib/libctru.a(hid.o)
                                        0x7ae (size before relaxing)
 .debug_str     0x0000000000001532      0xcd9 /opt/devkitpro/libctru/lib/libctru.a(apt.o)
                                       0x11e9 (size before relaxing)
 .debug_str     0x000000000000220b       0xb6 /opt/devkitpro/libctru/lib/libctru.a(initSystem.o)
                                        0x280 (size before relaxing)
 .debug_str     0x00000000000022c1      0x5c5 /opt/devkitpro/libctru/lib/libctru.a(syscalls.o)
                                        0x865 (size before relaxing)
 .debug_str     0x0000000000002886      0x23c /opt/devkitpro/libctru/lib/libctru.a(allocateHeaps.o)
                                        0x46a (size before relaxing)
 .debug_str     0x0000000000002ac2       0x91 /opt/devkitpro/libctru/lib/libctru.a(initArgv.o)
                                        0x26d (size before relaxing)
 .debug_str     0x0000000000002b53      0x46a /opt/devkitpro/libctru/lib/libctru.a(vram.o)
                                        0x587 (size before relaxing)
 .debug_str     0x0000000000002fbd       0x7e /opt/devkitpro/libctru/lib/libctru.a(mappable.o)
                                        0x576 (size before relaxing)
 .debug_str     0x000000000000303b       0xaa /opt/devkitpro/libctru/lib/libctru.a(linear.o)
                                        0x5c2 (size before relaxing)
 .debug_str     0x00000000000030e5       0x94 /opt/devkitpro/libctru/lib/libctru.a(mem_pool.o)
                                        0x45e (size before relaxing)
 .debug_str     0x0000000000003179      0x1c5 /opt/devkitpro/libctru/lib/libctru.a(synchronization.o)
                                        0x40b (size before relaxing)
 .debug_str     0x000000000000333e      0x171 /opt/devkitpro/libctru/lib/libctru.a(os.o)
                                        0x7e4 (size before relaxing)
 .debug_str     0x00000000000034af      0x242 /opt/devkitpro/libctru/lib/libctru.a(srv.o)
                                        0x526 (size before relaxing)
 .debug_str     0x00000000000036f1      0x157 /opt/devkitpro/libctru/lib/libctru.a(thread.o)
                                        0x817 (size before relaxing)
 .debug_str     0x0000000000003848      0x11c /opt/devkitpro/libctru/lib/libctru.a(irrst.o)
                                        0x538 (size before relaxing)
 .debug_str     0x0000000000003964       0x6b /opt/devkitpro/libctru/lib/libctru.a(ptmsysm.o)
                                        0x2dc (size before relaxing)
 .debug_str     0x00000000000039cf       0x54 /opt/devkitpro/libctru/lib/libctru.a(rbtree_init.o)
                                        0x223 (size before relaxing)
 .debug_str     0x0000000000003a23       0xfd /opt/devkitpro/libctru/lib/libctru.a(rbtree_insert.o)
                                        0x2e5 (size before relaxing)
 .debug_str     0x0000000000003b20       0x56 /opt/devkitpro/libctru/lib/libctru.a(rbtree_rotate.o)
                                        0x27a (size before relaxing)
 .debug_str     0x0000000000003b76       0xa4 /opt/devkitpro/libctru/lib/libctru.a(rbtree_remove.o)
                                        0x303 (size before relaxing)
 .debug_str     0x0000000000003c1a       0x54 /opt/devkitpro/libctru/lib/libctru.a(rbtree_find.o)
                                        0x22d (size before relaxing)
 .debug_str     0x0000000000003c6e       0x65 /opt/devkitpro/libctru/lib/libctru.a(appInit.o)
                                        0x1b8 (size before relaxing)
 .debug_str     0x0000000000003cd3       0x65 /opt/devkitpro/libctru/lib/libctru.a(appExit.o)
                                        0x1b8 (size before relaxing)
 .debug_str     0x0000000000003d38       0x7d /opt/devkitpro/libctru/lib/libctru.a(ctru_exit.o)
                                        0x360 (size before relaxing)
 .debug_str     0x0000000000003db5       0x70 /opt/devkitpro/libctru/lib/libctru.a(env.o)
                                        0x25c (size before relaxing)
 .debug_str     0x0000000000003e25      0xae0 /opt/devkitpro/libctru/lib/libctru.a(sdmc_dev.o)
                                       0x117e (size before relaxing)
 .debug_str     0x0000000000004905      0xf24 /opt/devkitpro/libctru/lib/libctru.a(fs.o)
                                       0x1bca (size before relaxing)
 .debug_str     0x0000000000005829       0x74 /opt/devkitpro/libctru/lib/libctru.a(rbtree_iterator.o)
                                        0x22d (size before relaxing)
 .debug_str     0x000000000000589d       0x68 /opt/devkitpro/libctru/lib/libctru.a(utf8_to_utf16.o)
                                        0x21a (size before relaxing)
 .debug_str     0x0000000000005905       0x69 /opt/devkitpro/libctru/lib/libctru.a(decode_utf8.o)
                                        0x1e7 (size before relaxing)
 .debug_str     0x000000000000596e       0x6c /opt/devkitpro/libctru/lib/libctru.a(utf16_to_utf8.o)
                                        0x21a (size before relaxing)
 .debug_str     0x00000000000059da       0x52 /opt/devkitpro/libctru/lib/libctru.a(encode_utf16.o)
                                        0x1d3 (size before relaxing)
 .debug_str     0x0000000000005a2c       0x51 /opt/devkitpro/libctru/lib/libctru.a(encode_utf8.o)
                                        0x1cf (size before relaxing)
 .debug_str     0x0000000000005a7d       0x52 /opt/devkitpro/libctru/lib/libctru.a(decode_utf16.o)
                                        0x1df (size before relaxing)

.debug_loc      0x0000000000000000     0xb36c
 *(.debug_loc)
 .debug_loc     0x0000000000000000       0x4f main.o
 .debug_loc     0x000000000000004f      0x32a /opt/devkitpro/libctru/lib/libctru.a(gfx.o)
 .debug_loc     0x0000000000000379      0x366 /opt/devkitpro/libctru/lib/libctru.a(gx.o)
 .debug_loc     0x00000000000006df      0x9fa /opt/devkitpro/libctru/lib/libctru.a(gspgpu.o)
 .debug_loc     0x00000000000010d9      0x7bb /opt/devkitpro/libctru/lib/libctru.a(hid.o)
 .debug_loc     0x0000000000001894     0x15a7 /opt/devkitpro/libctru/lib/libctru.a(apt.o)
 .debug_loc     0x0000000000002e3b       0x21 /opt/devkitpro/libctru/lib/libctru.a(initSystem.o)
 .debug_loc     0x0000000000002e5c       0x23 /opt/devkitpro/libctru/lib/libctru.a(syscalls.o)
 .debug_loc     0x0000000000002e7f       0x49 /opt/devkitpro/libctru/lib/libctru.a(allocateHeaps.o)
 .debug_loc     0x0000000000002ec8       0xfb /opt/devkitpro/libctru/lib/libctru.a(initArgv.o)
 .debug_loc     0x0000000000002fc3      0x2f2 /opt/devkitpro/libctru/lib/libctru.a(vram.o)
 .debug_loc     0x00000000000032b5      0x1bf /opt/devkitpro/libctru/lib/libctru.a(mappable.o)
 .debug_loc     0x0000000000003474      0x2ec /opt/devkitpro/libctru/lib/libctru.a(linear.o)
 .debug_loc     0x0000000000003760      0x8d3 /opt/devkitpro/libctru/lib/libctru.a(mem_pool.o)
 .debug_loc     0x0000000000004033      0x44e /opt/devkitpro/libctru/lib/libctru.a(synchronization.o)
 .debug_loc     0x0000000000004481      0x2e4 /opt/devkitpro/libctru/lib/libctru.a(os.o)
 .debug_loc     0x0000000000004765      0x5b1 /opt/devkitpro/libctru/lib/libctru.a(srv.o)
 .debug_loc     0x0000000000004d16      0x398 /opt/devkitpro/libctru/lib/libctru.a(thread.o)
 .debug_loc     0x00000000000050ae      0x3ab /opt/devkitpro/libctru/lib/libctru.a(irrst.o)
 .debug_loc     0x0000000000005459       0x34 /opt/devkitpro/libctru/lib/libctru.a(ptmsysm.o)
 .debug_loc     0x000000000000548d      0x3ec /opt/devkitpro/libctru/lib/libctru.a(rbtree_insert.o)
 .debug_loc     0x0000000000005879       0xa1 /opt/devkitpro/libctru/lib/libctru.a(rbtree_rotate.o)
 .debug_loc     0x000000000000591a      0x4b0 /opt/devkitpro/libctru/lib/libctru.a(rbtree_remove.o)
 .debug_loc     0x0000000000005dca      0x10d /opt/devkitpro/libctru/lib/libctru.a(rbtree_find.o)
 .debug_loc     0x0000000000005ed7       0x21 /opt/devkitpro/libctru/lib/libctru.a(ctru_exit.o)
 .debug_loc     0x0000000000005ef8      0x149 /opt/devkitpro/libctru/lib/libctru.a(env.o)
 .debug_loc     0x0000000000006041     0x1416 /opt/devkitpro/libctru/lib/libctru.a(sdmc_dev.o)
 .debug_loc     0x0000000000007457     0x343f /opt/devkitpro/libctru/lib/libctru.a(fs.o)
 .debug_loc     0x000000000000a896      0x39c /opt/devkitpro/libctru/lib/libctru.a(rbtree_iterator.o)
 .debug_loc     0x000000000000ac32       0xd2 /opt/devkitpro/libctru/lib/libctru.a(utf8_to_utf16.o)
 .debug_loc     0x000000000000ad04      0x232 /opt/devkitpro/libctru/lib/libctru.a(decode_utf8.o)
 .debug_loc     0x000000000000af36       0xec /opt/devkitpro/libctru/lib/libctru.a(utf16_to_utf8.o)
 .debug_loc     0x000000000000b022       0xdc /opt/devkitpro/libctru/lib/libctru.a(encode_utf16.o)
 .debug_loc     0x000000000000b0fe      0x1aa /opt/devkitpro/libctru/lib/libctru.a(encode_utf8.o)
 .debug_loc     0x000000000000b2a8       0xc4 /opt/devkitpro/libctru/lib/libctru.a(decode_utf16.o)

.debug_macinfo
 *(.debug_macinfo)
LOAD /opt/devkitpro/devkitARM/lib/gcc/arm-none-eabi/5.3.0/../../../../arm-none-eabi/lib/armv6k/fpu/3dsx_crt0.o
LOAD /opt/devkitpro/devkitARM/lib/gcc/arm-none-eabi/5.3.0/armv6k/fpu/crti.o
LOAD /opt/devkitpro/devkitARM/lib/gcc/arm-none-eabi/5.3.0/armv6k/fpu/crtbegin.o
LOAD main.o
LOAD /opt/devkitpro/libctru/lib/libctru.a
LOAD /opt/devkitpro/devkitARM/lib/gcc/arm-none-eabi/5.3.0/../../../../arm-none-eabi/lib/armv6k/fpu/libm.a
START GROUP
LOAD /opt/devkitpro/devkitARM/lib/gcc/arm-none-eabi/5.3.0/armv6k/fpu/libgcc.a
LOAD /opt/devkitpro/devkitARM/lib/gcc/arm-none-eabi/5.3.0/../../../../arm-none-eabi/lib/armv6k/fpu/libg.a
LOAD /opt/devkitpro/devkitARM/lib/gcc/arm-none-eabi/5.3.0/../../../../arm-none-eabi/lib/armv6k/fpu/libc.a
LOAD /opt/devkitpro/devkitARM/lib/gcc/arm-none-eabi/5.3.0/../../../../arm-none-eabi/lib/armv6k/fpu/libsysbase.a
END GROUP
LOAD /opt/devkitpro/devkitARM/lib/gcc/arm-none-eabi/5.3.0/armv6k/fpu/crtend.o